Microchip MPLAB XC8 Compiler V2.40

Linker command line:

-W-3 --edf=D:\MPLAB_COMPILER\pic\dat\20220703182018_en.msgs -cn \
  -h+dist/default/debug\final-project-dharshannan-and-pablo.X.debug.sym \
  --cmf=dist/default/debug\final-project-dharshannan-and-pablo.X.debug.cmf \
  -z -Q18F67K40 -oC:\Users\User\AppData\Local\Temp\xcAs7qs.4 \
  --defsym=__MPLAB_BUILD=1 --fixupoverflow=error \
  -Mdist/default/debug/final-project-dharshannan-and-pablo.X.debug.map \
  --md=C:\Users\User\AppData\Local\Temp\xcAs7qs.dat -E1 -ver=XC8 Compiler \
  --acfsm=1493 -ACODE=00h-01FFFFh -ACONST=00h-01FFFFh \
  -ASMALLCONST=0E00h-0EFFhx498 -AMEDIUMCONST=0E00h-0FFFFh,010E00h-01FFFFh \
  -ACOMRAM=01h-05Fh -AABS1=00h-0DE9h -ABIGRAM=01h-0DE9h \
  -ARAM=060h-0FFh,0100h-01FFhx12,0D00h-0DE9h -ABANK0=060h-0FFh \
  -ABANK1=0100h-01FFh -ABANK2=0200h-02FFh -ABANK3=0300h-03FFh \
  -ABANK4=0400h-04FFh -ABANK5=0500h-05FFh -ABANK6=0600h-06FFh \
  -ABANK7=0700h-07FFh -ABANK8=0800h-08FFh -ABANK9=0900h-09FFh \
  -ABANK10=0A00h-0AFFh -ABANK11=0B00h-0BFFh -ABANK12=0C00h-0CFFh \
  -ABANK13=0D00h-0DE9h \
  -ASFR=0DEFh-0DFFh,0E00h-0EFFh,0F00h-0F5Fh,0F60h-0FFFh \
  -ABIGSFR=0DEFh-0FFFh -ACONFIG=0300000h-030000Bh -AIDLOC=0200000h-020000Fh \
  -AEEDATA=0310000h-03103FFh -peeprom_data=EEDATA \
  -preset_vec=00h,intcode=08h,intcodelo=018h,powerup,init -pramtop=0E00h \
  -psmallconst=SMALLCONST -pmediumconst=MEDIUMCONST -pconst=CONST \
  -AFARRAM=00h-00h \
  -prdata=COMRAM,nvrram=COMRAM,nvbit=COMRAM,rbss=COMRAM,rbit=COMRAM \
  -pfarbss=FARRAM,fardata=FARRAM,nvFARRAM=FARRAM \
  -pintsave_regs=BIGRAM,bigbss=BIGRAM,bigdata=BIGRAM -pbss=RAM \
  -pidata=CODE,irdata=CODE,ibigdata=CODE,ifardata=CODE -prparam=COMRAM \
  C:\Users\User\AppData\Local\Temp\xcAs7qs.o \
  dist/default/debug\final-project-dharshannan-and-pablo.X.debug.o 

Object code version is 3.11

Machine type is 18F67K40



                Name                               Link     Load   Length Selector   Space Scale
C:\Users\User\AppData\Local\Temp\xcAs7qs.o
                idloc                            200000   200000       10        0       5
                config                           300000   300000        C        0       4
                init                                 7C       7C        4        C       0
                reset_vec                             0        0        6        0       0
dist/default/debug\final-project-dharshannan-and-pablo.X.debug.o
                intcodelo                            18       18       64        C       0
                intcode                               8        8        6        4       0
                idloc                            200000   200000       10        0       5
                config                           300000   300000        C        0       4
                temp                                 56       56        1        1       1
                smallconst                          E00      E00       2A      700       0
                text45                             1FB2     1FB2       2C      715       0
                text44                             2032     2032       2A      715       0
                text43                             2178     2178       18      715       0
                intcode_body                       1BA4     1BA4       5E      715       0
                text40                             2190     2190       10      715       0
                text39                             21D2     21D2        8      715       0
                text38                             20F0     20F0       20      715       0
                text37                             2008     2008       2A      715       0
                text36                             1F2A     1F2A       30      715       0
                text35                             205C     205C       28      715       0
                text34                             1E74     1E74       42      715       0
                text33                             21C0     21C0        A      715       0
                text32                             21B6     21B6        A      715       0
                text31                             21AC     21AC        A      715       0
                text30                             21A0     21A0        C      715       0
                text29                             1D9A     1D9A       50      715       0
                text28                             1D4A     1D4A       50      715       0
                text27                             1CFA     1CFA       50      715       0
                text26                             1CAA     1CAA       50      715       0
                text25                             1B46     1B46       5E      715       0
                text24                             21CA     21CA        8      715       0
                text23                             1FDE     1FDE       2A      715       0
                text22                             20D0     20D0       20      715       0
                text21                             1EF6     1EF6       34      715       0
                text20                             1F86     1F86       2C      715       0
                text19                             2110     2110       1E      715       0
                text18                             2160     2160       18      715       0
                text17                             2148     2148       18      715       0
                text16                             212E     212E       1A      715       0
                text15                             20AA     20AA       26      715       0
                text14                             1F5A     1F5A       2C      715       0
                text13                             1DEA     1DEA       46      715       0
                text12                             1874     1874      15E      715       0
                text11                             1588     1588      188      715       0
                text10                             1710     1710      164      715       0
                text9                              1EB6     1EB6       40      715       0
                text8                              21DA     21DA        2      715       0
                text7                              19D2     19D2       CA      715       0
                text6                              1E30     1E30       44      715       0
                text5                              1A9C     1A9C       AA      715       0
                text4                              10E4     10E4      2B4      715       0
                text3                               E2A      E2A      2BA      715       0
                text2                              1C02     1C02       56      715       0
                text1                              1C58     1C58       52      715       0
                text0                              1398     1398      1F0      715       0
                cstackCOMRAM                          1        1       4C        1       1
                cstackBANK0                          60       60       9C       60       1
                cstackBANK1                         100      100       F8      100       1
                cstackBANK2                         200      200       8C      200       1
                bssBANK2                            28C      28C       70      200       1
                bssBANK0                             FC       FC        1       60       1
                bssCOMRAM                            4D       4D        9        1       1
                cinit                              2084     2084       26      715       0

TOTAL           Name                               Link     Load   Length     Space
        CLASS   CODE           
                intcodelo                            18       18       64         0
                intcode                               8        8        6         0
                init                                 7C       7C        4         0
                reset_vec                             0        0        6         0
                text45                             1FB2     1FB2       2C         0
                text44                             2032     2032       2A         0
                text43                             2178     2178       18         0
                intcode_body                       1BA4     1BA4       5E         0
                text40                             2190     2190       10         0
                text39                             21D2     21D2        8         0
                text38                             20F0     20F0       20         0
                text37                             2008     2008       2A         0
                text36                             1F2A     1F2A       30         0
                text35                             205C     205C       28         0
                text34                             1E74     1E74       42         0
                text33                             21C0     21C0        A         0
                text32                             21B6     21B6        A         0
                text31                             21AC     21AC        A         0
                text30                             21A0     21A0        C         0
                text29                             1D9A     1D9A       50         0
                text28                             1D4A     1D4A       50         0
                text27                             1CFA     1CFA       50         0
                text26                             1CAA     1CAA       50         0
                text25                             1B46     1B46       5E         0
                text24                             21CA     21CA        8         0
                text23                             1FDE     1FDE       2A         0
                text22                             20D0     20D0       20         0
                text21                             1EF6     1EF6       34         0
                text20                             1F86     1F86       2C         0
                text19                             2110     2110       1E         0
                text18                             2160     2160       18         0
                text17                             2148     2148       18         0
                text16                             212E     212E       1A         0
                text15                             20AA     20AA       26         0
                text14                             1F5A     1F5A       2C         0
                text13                             1DEA     1DEA       46         0
                text12                             1874     1874      15E         0
                text11                             1588     1588      188         0
                text10                             1710     1710      164         0
                text9                              1EB6     1EB6       40         0
                text8                              21DA     21DA        2         0
                text7                              19D2     19D2       CA         0
                text6                              1E30     1E30       44         0
                text5                              1A9C     1A9C       AA         0
                text4                              10E4     10E4      2B4         0
                text3                               E2A      E2A      2BA         0
                text2                              1C02     1C02       56         0
                text1                              1C58     1C58       52         0
                text0                              1398     1398      1F0         0
                cinit                              2084     2084       26         0

        CLASS   CONST          

        CLASS   SMALLCONST     
                smallconst                          E00      E00       2A         0

        CLASS   MEDIUMCONST    

        CLASS   COMRAM         
                temp                                 56       56        1         1
                cstackCOMRAM                          1        1       4C         1
                bssCOMRAM                            4D       4D        9         1

        CLASS   ABS1           

        CLASS   BIGRAM         

        CLASS   RAM            

        CLASS   BANK0          
                cstackBANK0                          60       60       9C         1
                bssBANK0                             FC       FC        1         1

        CLASS   BANK1          
                cstackBANK1                         100      100       F8         1

        CLASS   BANK2          
                cstackBANK2                         200      200       8C         1
                bssBANK2                            28C      28C       70         1

        CLASS   BANK3          

        CLASS   BANK4          

        CLASS   BANK5          

        CLASS   BANK6          

        CLASS   BANK7          

        CLASS   BANK8          

        CLASS   BANK9          

        CLASS   BANK10         

        CLASS   BANK11         

        CLASS   BANK12         

        CLASS   BANK13         

        CLASS   SFR            

        CLASS   BIGSFR         

        CLASS   CONFIG         
                config                           300000   300000        C         4

        CLASS   IDLOC          
                idloc                            200000   200000       10         5

        CLASS   EEDATA         

        CLASS   FARRAM         

        CLASS   HEAP           

        CLASS   STACK          



SEGMENTS        Name                           Load    Length   Top    Selector   Space  Class

                reset_vec                      000000  000006  000006         0       0  CODE    
                cstackCOMRAM                   000001  000056  000057         1       1  COMRAM  
                intcode                        000008  000006  00000E         4       0  CODE    
                intcodelo                      000018  000068  000080         C       0  CODE    
                cstackBANK0                    000060  00009D  0000FD        60       1  BANK0   
                cstackBANK1                    000100  0000F8  0001F8       100       1  BANK1   
                cstackBANK2                    000200  0000FC  0002FC       200       1  BANK2   
                smallconst                     000E00  00002A  000E2A       700       0  SMALLCON
                text3                          000E2A  0013B2  0021DC       715       0  CODE    


UNUSED ADDRESS RANGES

        Name                Unused          Largest block    Delta
        BANK0            0000FD-0000FF                3
        BANK1            0001F8-0001FF                8
        BANK10           000A00-000AFF              100
        BANK11           000B00-000BFF              100
        BANK12           000C00-000CFF              100
        BANK13           000D00-000DE9               EA
        BANK2            0002FC-0002FF                4
        BANK3            000300-0003FF              100
        BANK4            000400-0004FF              100
        BANK5            000500-0005FF              100
        BANK6            000600-0006FF              100
        BANK7            000700-0007FF              100
        BANK8            000800-0008FF              100
        BANK9            000900-0009FF              100
        BIGRAM           000057-00005F                9
                         0000FD-0000FF                3
                         0001F8-0001FF                8
                         0002FC-000DE9              AEE
        BIGSFR           000DEF-000FFF              211
        CODE             000006-000007                2
                         00000E-000017                A
                         000080-000DFF              D80
                         0021DC-01FFFF            1DE24
        COMRAM           000057-00005F                9
        CONST            000006-000007                2
                         00000E-000017                A
                         000080-000DFF              D80
                         0021DC-01FFFF            1DE24
        EEDATA           310000-3103FF              400
        MEDIUMCONST      0021DC-00FFFF             DE24
                         010E00-01FFFF             F200
        RAM              0000FD-0000FF                3
                         0001F8-0001FF                8
                         0002FC-000DE9              100
        SFR              000DEF-000FFF              100
        SMALLCONST       0021DC-01FFFF              100

                                  Symbol Table

?___aodiv                      cstackCOMRAM 00000A
?___aomod                      cstackCOMRAM 00000A
?___wmul                       cstackCOMRAM 00000A
?_abs                          cstackCOMRAM 00001C
?_atoi                         cstackCOMRAM 000010
?_color_read_Blue              cstackCOMRAM 00000E
?_color_read_Clear             cstackCOMRAM 00000E
?_color_read_Green             cstackCOMRAM 00000E
?_color_read_Red               cstackCOMRAM 00000E
?_isdigit                      cstackCOMRAM 00000A
?_isspace                      cstackCOMRAM 00000A
?_sprintf                      cstackBANK0  000078
?_vfprintf                     cstackBANK0  000072
HighISR@a                      cstackCOMRAM 000005
I2C_2_Master_Read@ack          cstackCOMRAM 00000C
I2C_2_Master_Read@tmp          cstackCOMRAM 00000D
I2C_2_Master_Write@data_byte   cstackCOMRAM 00000B
TxBufferedString@string        cstackCOMRAM 00000B
Update_RGBC@tempval            cstackCOMRAM 000015
_ANSELDbits                    (abs)        000EA7
_BAUD4CONbits                  (abs)        000EE9
_CCP1CONbits                   (abs)        000FAB
_CCP2CONbits                   (abs)        000FA7
_CCP3CONbits                   (abs)        000F26
_CCP4CONbits                   (abs)        000F22
_CCPR1H                        (abs)        000FAA
_CCPR2H                        (abs)        000FA6
_CCPR3H                        (abs)        000F25
_CCPR4H                        (abs)        000F21
_CCPTMRS0bits                  (abs)        000FAD
_EUSART4RXbuf                  bssBANK2     0002C8
_EUSART4TXbuf                  bssBANK2     00028C
_HighISR                       intcode      000008
_I2C_2_Master_Idle             text35       00205C
_I2C_2_Master_Init             text23       001FDE
_I2C_2_Master_Read             text34       001E74
_I2C_2_Master_RepStart         text33       0021C0
_I2C_2_Master_Start            text32       0021B6
_I2C_2_Master_Stop             text31       0021AC
_I2C_2_Master_Write            text30       0021A0
_INTCONbits                    (abs)        000FF2
_IPR0bits                      (abs)        000E1F
_Interrupts_init               text40       002190
_LATAbits                      (abs)        000F79
_LATCbits                      (abs)        000F7B
_LATEbits                      (abs)        000F7D
_LATFbits                      (abs)        000F7E
_LATGbits                      (abs)        000F7F
_LATHbits                      (abs)        000F80
_LED_init                      text39       0021D2
_LowISR                        intcodelo    000018
_PIE0bits                      (abs)        000E29
_PIE4bits                      (abs)        000E2D
_PIR0bits                      (abs)        000E33
_PIR4bits                      (abs)        000E37
_RC0PPS                        (abs)        000E62
_RC4REG                        (abs)        000EE3
_RC4STAbits                    (abs)        000EE7
_RC7PPS                        (abs)        000E69
_RD5PPS                        (abs)        000E6F
_RD6PPS                        (abs)        000E70
_RE2PPS                        (abs)        000E74
_RE4PPS                        (abs)        000E76
_RG6PPS                        (abs)        000E88
_RX4PPS                        (abs)        000E15
_RxBufReadCnt                  bssCOMRAM    000054
_RxBufWriteCnt                 bssCOMRAM    000055
_SP4BRGH                       (abs)        000EE6
_SP4BRGL                       (abs)        000EE5
_SSP2ADD                       (abs)        000ED6
_SSP2BUF                       (abs)        000ED5
_SSP2CLKPPS                    (abs)        000E1C
_SSP2CON1bits                  (abs)        000ED9
_SSP2CON2                      (abs)        000EDA
_SSP2CON2bits                  (abs)        000EDA
_SSP2DATPPS                    (abs)        000E1D
_SSP2STAT                      (abs)        000ED8
_T0CON0bits                    (abs)        000FD5
_T0CON1bits                    (abs)        000FD6
_T2CLKCONbits                  (abs)        000FBF
_T2CONbits                     (abs)        000FBD
_T2HLTbits                     (abs)        000FBE
_T2PR                          (abs)        000FBC
_TMR0H                         (abs)        000FD4
_TMR0L                         (abs)        000FD3
_TRISAbits                     (abs)        000F81
_TRISCbits                     (abs)        000F83
_TRISDbits                     (abs)        000F84
_TRISEbits                     (abs)        000F85
_TRISFbits                     (abs)        000F86
_TRISGbits                     (abs)        000F87
_TX4REG                        (abs)        000EE4
_TX4STAbits                    (abs)        000EE8
_Timer0_init                   text38       0020F0
_TxBufReadCnt                  bssCOMRAM    000052
_TxBufWriteCnt                 bssCOMRAM    000053
_TxBufferedString              text36       001F2A
_Update_RGBC                   text25       001B46
_WhiteLight                    text24       0021CA
__HRAM                         (abs)        000000
__Habs1                        abs1         000000
__Hbank0                       bank0        000000
__Hbank1                       bank1        000000
__Hbank10                      bank10       000000
__Hbank11                      bank11       000000
__Hbank12                      bank12       000000
__Hbank13                      bank13       000000
__Hbank2                       bank2        000000
__Hbank3                       bank3        000000
__Hbank4                       bank4        000000
__Hbank5                       bank5        000000
__Hbank6                       bank6        000000
__Hbank7                       bank7        000000
__Hbank8                       bank8        000000
__Hbank9                       bank9        000000
__Hbigbss                      bigbss       000000
__Hbigdata                     bigdata      000000
__Hbigram                      bigram       000000
__Hbigsfr                      bigsfr       000000
__Hbss                         bss          000000
__HbssBANK0                    bssBANK0     000000
__HbssBANK2                    bssBANK2     000000
__HbssCOMRAM                   bssCOMRAM    000000
__Hcinit                       cinit        000000
__Hclrtext                     clrtext      000000
__Hcomram                      comram       000000
__Hconfig                      config       30000C
__Hconst                       const        000000
__HcstackBANK0                 cstackBANK0  000000
__HcstackBANK1                 cstackBANK1  000000
__HcstackBANK2                 cstackBANK2  000000
__HcstackCOMRAM                cstackCOMRAM 000000
__Hdata                        data         000000
__Heeprom_data                 eeprom_data  000000
__Hfarbss                      farbss       000000
__Hfardata                     fardata      000000
__Hheap                        heap         000000
__Hibigdata                    ibigdata     000000
__Hidata                       idata        000000
__Hidloc                       idloc        200010
__Hifardata                    ifardata     000000
__Hinit                        init         000080
__Hintcode                     intcode      00000E
__Hintcode_body                intcode_body 000000
__Hintcodelo                   intcodelo    00007C
__Hintentry                    intentry     000000
__Hintret                      intret       000000
__Hintsave_regs                intsave_regs 000000
__Hirdata                      irdata       000000
__Hmediumconst                 mediumconst  000000
__HnvFARRAM                    nvFARRAM     000000
__Hnvbit                       nvbit        000000
__Hnvrram                      nvrram       000000
__Hparam                       rparam       000000
__Hpowerup                     powerup      00007C
__Hram                         ram          000000
__Hramtop                      ramtop       000E00
__Hrbit                        rbit         000000
__Hrbss                        rbss         000000
__Hrdata                       rdata        000000
__Hreset_vec                   reset_vec    000006
__Hrparam                      rparam       000000
__Hsfr                         sfr          000000
__Hsmallconst                  smallconst   000E2A
__Hspace_0                     (abs)        0021DC
__Hspace_1                     (abs)        0002FC
__Hspace_2                     (abs)        000000
__Hspace_4                     (abs)        60000C
__Hstack                       stack        000000
__Hstruct                      struct       000000
__Htemp                        temp         000057
__Htext                        text         000000
__Htext0                       text0        000000
__Htext1                       text1        000000
__Htext10                      text10       000000
__Htext11                      text11       000000
__Htext12                      text12       000000
__Htext13                      text13       000000
__Htext14                      text14       000000
__Htext15                      text15       000000
__Htext16                      text16       000000
__Htext17                      text17       000000
__Htext18                      text18       000000
__Htext19                      text19       000000
__Htext2                       text2        000000
__Htext20                      text20       000000
__Htext21                      text21       000000
__Htext22                      text22       000000
__Htext23                      text23       000000
__Htext24                      text24       000000
__Htext25                      text25       000000
__Htext26                      text26       000000
__Htext27                      text27       000000
__Htext28                      text28       000000
__Htext29                      text29       000000
__Htext3                       text3        000000
__Htext30                      text30       000000
__Htext31                      text31       000000
__Htext32                      text32       000000
__Htext33                      text33       000000
__Htext34                      text34       000000
__Htext35                      text35       000000
__Htext36                      text36       000000
__Htext37                      text37       000000
__Htext38                      text38       000000
__Htext39                      text39       000000
__Htext4                       text4        000000
__Htext40                      text40       000000
__Htext43                      text43       000000
__Htext44                      text44       000000
__Htext45                      text45       000000
__Htext5                       text5        000000
__Htext6                       text6        000000
__Htext7                       text7        000000
__Htext8                       text8        000000
__Htext9                       text9        000000
__LRAM                         (abs)        000001
__Labs1                        abs1         000000
__Lbank0                       bank0        000000
__Lbank1                       bank1        000000
__Lbank10                      bank10       000000
__Lbank11                      bank11       000000
__Lbank12                      bank12       000000
__Lbank13                      bank13       000000
__Lbank2                       bank2        000000
__Lbank3                       bank3        000000
__Lbank4                       bank4        000000
__Lbank5                       bank5        000000
__Lbank6                       bank6        000000
__Lbank7                       bank7        000000
__Lbank8                       bank8        000000
__Lbank9                       bank9        000000
__Lbigbss                      bigbss       000000
__Lbigdata                     bigdata      000000
__Lbigram                      bigram       000000
__Lbigsfr                      bigsfr       000000
__Lbss                         bss          000000
__LbssBANK0                    bssBANK0     000000
__LbssBANK2                    bssBANK2     000000
__LbssCOMRAM                   bssCOMRAM    000000
__Lcinit                       cinit        000000
__Lclrtext                     clrtext      000000
__Lcomram                      comram       000000
__Lconfig                      config       000000
__Lconst                       const        000000
__LcstackBANK0                 cstackBANK0  000000
__LcstackBANK1                 cstackBANK1  000000
__LcstackBANK2                 cstackBANK2  000000
__LcstackCOMRAM                cstackCOMRAM 000000
__Ldata                        data         000000
__Leeprom_data                 eeprom_data  000000
__Lfarbss                      farbss       000000
__Lfardata                     fardata      000000
__Lheap                        heap         000000
__Libigdata                    ibigdata     000000
__Lidata                       idata        000000
__Lidloc                       idloc        000000
__Lifardata                    ifardata     000000
__Linit                        init         00007C
__Lintcode                     intcode      000008
__Lintcode_body                intcode_body 000000
__Lintcodelo                   intcodelo    000018
__Lintentry                    intentry     000000
__Lintret                      intret       000000
__Lintsave_regs                intsave_regs 000000
__Lirdata                      irdata       000000
__Lmediumconst                 mediumconst  000000
__LnvFARRAM                    nvFARRAM     000000
__Lnvbit                       nvbit        000000
__Lnvrram                      nvrram       000000
__Lparam                       rparam       000000
__Lpowerup                     powerup      00007C
__Lram                         ram          000000
__Lramtop                      ramtop       000E00
__Lrbit                        rbit         000000
__Lrbss                        rbss         000000
__Lrdata                       rdata        000000
__Lreset_vec                   reset_vec    000000
__Lrparam                      rparam       000000
__Lsfr                         sfr          000000
__Lsmallconst                  smallconst   000E00
__Lspace_0                     (abs)        000000
__Lspace_1                     (abs)        000000
__Lspace_2                     (abs)        000000
__Lspace_4                     (abs)        000000
__Lstack                       stack        000000
__Lstruct                      struct       000000
__Ltemp                        temp         000056
__Ltext                        text         000000
__Ltext0                       text0        000000
__Ltext1                       text1        000000
__Ltext10                      text10       000000
__Ltext11                      text11       000000
__Ltext12                      text12       000000
__Ltext13                      text13       000000
__Ltext14                      text14       000000
__Ltext15                      text15       000000
__Ltext16                      text16       000000
__Ltext17                      text17       000000
__Ltext18                      text18       000000
__Ltext19                      text19       000000
__Ltext2                       text2        000000
__Ltext20                      text20       000000
__Ltext21                      text21       000000
__Ltext22                      text22       000000
__Ltext23                      text23       000000
__Ltext24                      text24       000000
__Ltext25                      text25       000000
__Ltext26                      text26       000000
__Ltext27                      text27       000000
__Ltext28                      text28       000000
__Ltext29                      text29       000000
__Ltext3                       text3        000000
__Ltext30                      text30       000000
__Ltext31                      text31       000000
__Ltext32                      text32       000000
__Ltext33                      text33       000000
__Ltext34                      text34       000000
__Ltext35                      text35       000000
__Ltext36                      text36       000000
__Ltext37                      text37       000000
__Ltext38                      text38       000000
__Ltext39                      text39       000000
__Ltext4                       text4        000000
__Ltext40                      text40       000000
__Ltext43                      text43       000000
__Ltext44                      text44       000000
__Ltext45                      text45       000000
__Ltext5                       text5        000000
__Ltext6                       text6        000000
__Ltext7                       text7        000000
__Ltext8                       text8        000000
__Ltext9                       text9        000000
__S0                           (abs)        0021DC
__S1                           (abs)        0002FC
__S4                           (abs)        000000
__S5                           (abs)        000000
___aodiv                       text11       001588
___aodiv@counter               cstackCOMRAM 00001A
___aodiv@dividend              cstackCOMRAM 00000A
___aodiv@divisor               cstackCOMRAM 000012
___aodiv@quotient              cstackCOMRAM 00001C
___aodiv@sign                  cstackCOMRAM 00001B
___aomod                       text10       001710
___aomod@counter               cstackCOMRAM 00001A
___aomod@dividend              cstackCOMRAM 00000A
___aomod@divisor               cstackCOMRAM 000012
___aomod@sign                  cstackCOMRAM 00001B
___heap_hi                     (abs)        000000
___heap_lo                     (abs)        000000
___inthi_sp                    stack        000000
___intlo_sp                    stack        000000
___param_bank                  (abs)        000000
___rparam_used                 (abs)        000001
___sp                          stack        000000
___wmul                        text15       0020AA
___wmul@multiplicand           cstackCOMRAM 00000C
___wmul@multiplier             cstackCOMRAM 00000A
___wmul@product                cstackCOMRAM 00000E
__accesstop                    (abs)        000060
__activetblptr                 (abs)        000003
__end_of_HighISR               intcode_body 001C02
__end_of_I2C_2_Master_Idle     text35       002084
__end_of_I2C_2_Master_Init     text23       002008
__end_of_I2C_2_Master_Read     text34       001EB6
__end_of_I2C_2_Master_RepStart text33       0021CA
__end_of_I2C_2_Master_Start    text32       0021C0
__end_of_I2C_2_Master_Stop     text31       0021B6
__end_of_I2C_2_Master_Write    text30       0021AC
__end_of_Interrupts_init       text40       0021A0
__end_of_LED_init              text39       0021DA
__end_of_LowISR                intcodelo    00007C
__end_of_Timer0_init           text38       002110
__end_of_TxBufferedString      text36       001F5A
__end_of_Update_RGBC           text25       001BA4
__end_of_WhiteLight            text24       0021D2
__end_of___aodiv               text11       001710
__end_of___aomod               text10       001874
__end_of___wmul                text15       0020D0
__end_of__initialization       cinit        0020A0
__end_of_abs                   text9        001EF6
__end_of_atoi                  text12       0019D2
__end_of_color_click_init      text21       001F2A
__end_of_color_read_Blue       text29       001DEA
__end_of_color_read_Clear      text28       001D9A
__end_of_color_read_Green      text27       001D4A
__end_of_color_read_Red        text26       001CFA
__end_of_color_writetoaddr     text22       0020F0
__end_of_dtoa                  text4        001398
__end_of_fputc                 text7        001A9C
__end_of_fputs                 text6        001E74
__end_of_getCharFromRxBuf      text20       001FB2
__end_of_getCharFromTxBuf      text45       001FDE
__end_of_initUSART4            text19       00212E
__end_of_isDataInRxBuf         text18       002178
__end_of_isDataInTxBuf         text17       002160
__end_of_isdigit               text14       001F86
__end_of_isspace               text13       001E30
__end_of_main                  text0        001588
__end_of_pad                   text5        001B46
__end_of_putCharToRxBuf        text44       00205C
__end_of_putCharToTxBuf        text37       002032
__end_of_putch                 text8        0021DC
__end_of_sendTxBuf             text16       002148
__end_of_sprintf               text1        001CAA
__end_of_vfpfcnvrt             text3        0010E4
__end_of_vfprintf              text2        001C58
__end_ofi2_isDataInTxBuf       text43       002190
__initialization               cinit        002084
__mediumconst                  mediumconst  000000
__pbssBANK0                    bssBANK0     0000FC
__pbssBANK2                    bssBANK2     00028C
__pbssCOMRAM                   bssCOMRAM    00004D
__pcinit                       cinit        002084
__pcstackBANK0                 cstackBANK0  000060
__pcstackBANK1                 cstackBANK1  000100
__pcstackBANK2                 cstackBANK2  000200
__pcstackCOMRAM                cstackCOMRAM 000001
__pintcode                     intcode      000008
__pintcode_body                intcode_body 001BA4
__pintcodelo                   intcodelo    000018
__psmallconst                  smallconst   000E00
__ptext0                       text0        001398
__ptext1                       text1        001C58
__ptext10                      text10       001710
__ptext11                      text11       001588
__ptext12                      text12       001874
__ptext13                      text13       001DEA
__ptext14                      text14       001F5A
__ptext15                      text15       0020AA
__ptext16                      text16       00212E
__ptext17                      text17       002148
__ptext18                      text18       002160
__ptext19                      text19       002110
__ptext2                       text2        001C02
__ptext20                      text20       001F86
__ptext21                      text21       001EF6
__ptext22                      text22       0020D0
__ptext23                      text23       001FDE
__ptext24                      text24       0021CA
__ptext25                      text25       001B46
__ptext26                      text26       001CAA
__ptext27                      text27       001CFA
__ptext28                      text28       001D4A
__ptext29                      text29       001D9A
__ptext3                       text3        000E2A
__ptext30                      text30       0021A0
__ptext31                      text31       0021AC
__ptext32                      text32       0021B6
__ptext33                      text33       0021C0
__ptext34                      text34       001E74
__ptext35                      text35       00205C
__ptext36                      text36       001F2A
__ptext37                      text37       002008
__ptext38                      text38       0020F0
__ptext39                      text39       0021D2
__ptext4                       text4        0010E4
__ptext40                      text40       002190
__ptext43                      text43       002178
__ptext44                      text44       002032
__ptext45                      text45       001FB2
__ptext5                       text5        001A9C
__ptext6                       text6        001E30
__ptext7                       text7        0019D2
__ptext8                       text8        0021DA
__ptext9                       text9        001EB6
__ramtop                       ramtop       000E00
__smallconst                   smallconst   000E00
_abs                           text9        001EB6
_atoi                          text12       001874
_color_click_init              text21       001EF6
_color_read_Blue               text29       001D9A
_color_read_Clear              text28       001D4A
_color_read_Green              text27       001CFA
_color_read_Red                text26       001CAA
_color_writetoaddr             text22       0020D0
_dbuf                          bssBANK2     0002DC
_dtoa                          text4        0010E4
_dtoa$2298                     cstackCOMRAM 000037
_flags                         bssCOMRAM    000051
_fputc                         text7        0019D2
_fputs                         text6        001E30
_getCharFromRxBuf              text20       001F86
_getCharFromTxBuf              text45       001FB2
_initUSART4                    text19       002110
_isDataInRxBuf                 text18       002160
_isDataInTxBuf                 text17       002148
_isdigit                       text14       001F5A
_isspace                       text13       001DEA
_isspace$2347                  cstackCOMRAM 00000E
_main                          text0        001398
_pad                           text5        001A9C
_prec                          bssCOMRAM    00004F
_putCharToRxBuf                text44       002032
_putCharToTxBuf                text37       002008
_putch                         text8        0021DA
_sendTxBuf                     text16       00212E
_sprintf                       text1        001C58
_tmr_ovf                       bssBANK0     0000FC
_vfpfcnvrt                     text3        000E2A
_vfprintf                      text2        001C02
_width                         bssCOMRAM    00004D
abs@a                          cstackCOMRAM 00001C
atoi@n                         cstackCOMRAM 000017
atoi@neg                       cstackCOMRAM 000015
atoi@s                         cstackCOMRAM 000010
btemp                          temp         000056
color_read_Blue@tmp            cstackCOMRAM 000013
color_read_Clear@tmp           cstackCOMRAM 000013
color_read_Green@tmp           cstackCOMRAM 000013
color_read_Red@tmp             cstackCOMRAM 000013
color_writetoaddr@address      cstackCOMRAM 00000D
color_writetoaddr@value        cstackCOMRAM 00000C
dtoa@d                         cstackCOMRAM 000027
dtoa@fp                        cstackCOMRAM 000025
dtoa@i                         cstackCOMRAM 000046
dtoa@n                         cstackCOMRAM 00003D
dtoa@p                         cstackCOMRAM 000039
dtoa@s                         cstackCOMRAM 000045
dtoa@w                         cstackCOMRAM 00003B
end_of_initialization          cinit        0020A0
fputc@c                        cstackCOMRAM 00000A
fputc@fp                       cstackCOMRAM 00000C
fputs@c                        cstackCOMRAM 000017
fputs@fp                       cstackCOMRAM 000015
fputs@i                        cstackCOMRAM 000018
fputs@s                        cstackCOMRAM 000013
i2_isDataInTxBuf               text43       002178
int$flags                      temp         000056
int_func                       intcode_body 001BA4
intlevel0                      text         000000
intlevel1                      text         000000
intlevel2                      text         000000
intlevel3                      text         000000
isa$std                        (abs)        000001
isa$xinst                      (abs)        000000
isdigit@c                      cstackCOMRAM 00000A
isspace@c                      cstackCOMRAM 00000A
main@a                         cstackBANK0  0000FB
main@cont                      cstackBANK0  0000F9
main@i                         cstackBANK0  0000FA
main@initial_color             cstackBANK1  0001F0
main@readingsB                 cstackBANK1  000164
main@readingsC                 cstackBANK2  000200
main@readingsG                 cstackBANK1  000100
main@readingsR                 cstackBANK0  000095
main@string                    cstackBANK1  0001C8
main@string2                   cstackBANK2  000264
pad@buf                        cstackCOMRAM 00001C
pad@fp                         cstackCOMRAM 00001A
pad@i                          cstackCOMRAM 000021
pad@p                          cstackCOMRAM 00001E
pad@w                          cstackCOMRAM 000023
putCharToRxBuf@byte            cstackCOMRAM 000001
putCharToTxBuf@byte            cstackCOMRAM 00000A
sprintf@ap                     cstackBANK0  000084
sprintf@f                      cstackBANK0  000086
sprintf@fmt                    cstackBANK0  00007A
sprintf@s                      cstackBANK0  000078
stackhi                        (abs)        000000
stacklo                        (abs)        000000
start                          init         00007C
start_initialization           cinit        002084
ttemp5                         temp         000057
ttemp6                         temp         00005A
ttemp7                         temp         00005E
vfpfcnvrt@ap                   cstackBANK0  000064
vfpfcnvrt@convarg              cstackBANK0  000066
vfpfcnvrt@cp                   cstackBANK0  000070
vfpfcnvrt@done                 cstackBANK0  00006E
vfpfcnvrt@fmt                  cstackBANK0  000062
vfpfcnvrt@fp                   cstackBANK0  000060
vfprintf@ap                    cstackBANK0  000076
vfprintf@cfmt                  cstackCOMRAM 00004B
vfprintf@fmt                   cstackBANK0  000074
vfprintf@fp                    cstackBANK0  000072
wtemp8                         temp         000057


MODULE INFORMATION

Module		Function		Class		Link	Load	Size
serial.c
		_putCharToRxBuf		CODE           	2032	0000	42
		_putCharToTxBuf		CODE           	2008	0000	42
		_isDataInRxBuf 		CODE           	2160	0000	24
		_isDataInTxBuf 		CODE           	2148	0000	24
		_TxBufferedString		CODE           	1F2A	0000	48
		_getCharFromRxBuf		CODE           	1F86	0000	44
		_getCharFromTxBuf		CODE           	1FB2	0000	44
		_sendTxBuf     		CODE           	212E	0000	26
		_initUSART4    		CODE           	2110	0000	30

serial.c estimated size: 324

timers.c
		_Timer0_init   		CODE           	20F0	0000	32

timers.c estimated size: 32

color.c
		_Update_RGBC   		CODE           	1B46	0000	94
		_color_writetoaddr		CODE           	20D0	0000	32
		_color_click_init		CODE           	1EF6	0000	52
		_color_read_Green		CODE           	1CFA	0000	80
		_color_read_Clear		CODE           	1D4A	0000	80
		_color_read_Red		CODE           	1CAA	0000	80
		_color_read_Blue		CODE           	1D9A	0000	80

color.c estimated size: 498

LED_Buttons.c
		_WhiteLight    		CODE           	21CA	0000	8
		_LED_init      		CODE           	21D2	0000	8

LED_Buttons.c estimated size: 16

D:\MPLAB_COMPILER\pic\sources\c99\common\nf_sprintf.c
		_sprintf       		CODE           	1C58	0000	82

D:\MPLAB_COMPILER\pic\sources\c99\common\nf_sprintf.c estimated size: 82

D:\MPLAB_COMPILER\pic\sources\c99\common\isspace.c
		_isspace       		CODE           	1DEA	0000	70

D:\MPLAB_COMPILER\pic\sources\c99\common\isspace.c estimated size: 70

interrupts.c
		_LowISR        		CODE           	0018	0000	100
		_Interrupts_init		CODE           	2190	0000	16
		_HighISR       		CODE           	0008	0000	100

interrupts.c estimated size: 216

D:\MPLAB_COMPILER\pic\sources\c99\common\Umul16.c
		___wmul        		CODE           	20AA	0000	38

D:\MPLAB_COMPILER\pic\sources\c99\common\Umul16.c estimated size: 38

i2c.c
		_I2C_2_Master_Start		CODE           	21B6	0000	10
		_I2C_2_Master_Read		CODE           	1E74	0000	66
		_I2C_2_Master_Idle		CODE           	205C	0000	40
		_I2C_2_Master_Init		CODE           	1FDE	0000	42
		_I2C_2_Master_Stop		CODE           	21AC	0000	10
		_I2C_2_Master_RepStart		CODE           	21C0	0000	10
		_I2C_2_Master_Write		CODE           	21A0	0000	12

i2c.c estimated size: 190

D:\MPLAB_COMPILER\pic\sources\c99\common\atoi.c
		_atoi          		CODE           	1874	0000	350

D:\MPLAB_COMPILER\pic\sources\c99\common\atoi.c estimated size: 350

D:\MPLAB_COMPILER\pic\sources\c99\common\nf_fputs.c
		_fputs         		CODE           	1E30	0000	68

D:\MPLAB_COMPILER\pic\sources\c99\common\nf_fputs.c estimated size: 68

D:\MPLAB_COMPILER\pic\sources\c99\common\isdigit.c
		_isdigit       		CODE           	1F5A	0000	44

D:\MPLAB_COMPILER\pic\sources\c99\common\isdigit.c estimated size: 44

D:\MPLAB_COMPILER\pic\sources\c99\common\aomod.c
		___aomod       		CODE           	1710	0000	356

D:\MPLAB_COMPILER\pic\sources\c99\common\aomod.c estimated size: 356

shared
		__initialization		CODE           	2084	0000	28
		i2_isDataInTxBuf		CODE           	2178	0000	24

shared estimated size: 52

D:\MPLAB_COMPILER\pic\sources\c99\common\abs.c
		_abs           		CODE           	1EB6	0000	64

D:\MPLAB_COMPILER\pic\sources\c99\common\abs.c estimated size: 64

D:\MPLAB_COMPILER\pic\sources\c99\common\putch.c
		_putch         		CODE           	21DA	0000	2

D:\MPLAB_COMPILER\pic\sources\c99\common\putch.c estimated size: 2

main_calibration.c
		_main          		CODE           	1398	0000	496

main_calibration.c estimated size: 496

D:\MPLAB_COMPILER\pic\sources\c99\common\doprnt.c
		_vfpfcnvrt     		CODE           	0E2A	0000	698
		_pad           		CODE           	1A9C	0000	170
		_dtoa          		CODE           	10E4	0000	692
		_vfprintf      		CODE           	1C02	0000	86

D:\MPLAB_COMPILER\pic\sources\c99\common\doprnt.c estimated size: 1646

D:\MPLAB_COMPILER\pic\sources\c99\common\nf_fputc.c
		_fputc         		CODE           	19D2	0000	202

D:\MPLAB_COMPILER\pic\sources\c99\common\nf_fputc.c estimated size: 202

D:\MPLAB_COMPILER\pic\sources\c99\common\aodiv.c
		___aodiv       		CODE           	1588	0000	392

D:\MPLAB_COMPILER\pic\sources\c99\common\aodiv.c estimated size: 392

