Microchip MPLAB XC8 Compiler V2.40

Linker command line:

-W-3 --edf=D:\MPLAB_COMPILER\pic\dat\20220703182018_en.msgs -cn \
  -h+dist/default/debug\final-project-dharshannan-and-pablo.X.debug.sym \
  --cmf=dist/default/debug\final-project-dharshannan-and-pablo.X.debug.cmf \
  -z -Q18F67K40 -oC:\Users\User\AppData\Local\Temp\xcAsftg.4 \
  --defsym=__MPLAB_BUILD=1 --fixupoverflow=error \
  -Mdist/default/debug/final-project-dharshannan-and-pablo.X.debug.map \
  --md=C:\Users\User\AppData\Local\Temp\xcAsftg.dat -E1 -ver=XC8 Compiler \
  --acfsm=1493 -ACODE=00h-01FFFFh -ACONST=00h-01FFFFh \
  -ASMALLCONST=0E00h-0EFFhx498 -AMEDIUMCONST=0E00h-0FFFFh,010E00h-01FFFFh \
  -ACOMRAM=01h-05Fh -AABS1=00h-0DE9h -ABIGRAM=01h-0DE9h \
  -ARAM=060h-0FFh,0100h-01FFhx12,0D00h-0DE9h -ABANK0=060h-0FFh \
  -ABANK1=0100h-01FFh -ABANK2=0200h-02FFh -ABANK3=0300h-03FFh \
  -ABANK4=0400h-04FFh -ABANK5=0500h-05FFh -ABANK6=0600h-06FFh \
  -ABANK7=0700h-07FFh -ABANK8=0800h-08FFh -ABANK9=0900h-09FFh \
  -ABANK10=0A00h-0AFFh -ABANK11=0B00h-0BFFh -ABANK12=0C00h-0CFFh \
  -ABANK13=0D00h-0DE9h \
  -ASFR=0DEFh-0DFFh,0E00h-0EFFh,0F00h-0F5Fh,0F60h-0FFFh \
  -ABIGSFR=0DEFh-0FFFh -ACONFIG=0300000h-030000Bh -AIDLOC=0200000h-020000Fh \
  -AEEDATA=0310000h-03103FFh -peeprom_data=EEDATA \
  -preset_vec=00h,intcode=08h,intcodelo=018h,powerup,init -pramtop=0E00h \
  -psmallconst=SMALLCONST -pmediumconst=MEDIUMCONST -pconst=CONST \
  -AFARRAM=00h-00h \
  -prdata=COMRAM,nvrram=COMRAM,nvbit=COMRAM,rbss=COMRAM,rbit=COMRAM \
  -pfarbss=FARRAM,fardata=FARRAM,nvFARRAM=FARRAM \
  -pintsave_regs=BIGRAM,bigbss=BIGRAM,bigdata=BIGRAM -pbss=RAM \
  -pidata=CODE,irdata=CODE,ibigdata=CODE,ifardata=CODE -prparam=COMRAM \
  C:\Users\User\AppData\Local\Temp\xcAsftg.o \
  dist/default/debug\final-project-dharshannan-and-pablo.X.debug.o 

Object code version is 3.11

Machine type is 18F67K40



                Name                               Link     Load   Length Selector   Space Scale
C:\Users\User\AppData\Local\Temp\xcAsftg.o
                idloc                            200000   200000       10        0       5
                config                           300000   300000        C        0       4
                init                                 58       58        4        C       0
                reset_vec                             0        0        6        0       0
dist/default/debug\final-project-dharshannan-and-pablo.X.debug.o
                intcodelo                            18       18       40        C       0
                intcode                               8        8        6        4       0
                idloc                            200000   200000       10        0       5
                config                           300000   300000        C        0       4
                temp                                 51       51        1        1       1
                smallconst                          E00      E00       1A      700       0
                text56                             215A     215A       2C      70D       0
                text55                             21DA     21DA       2A      70D       0
                text54                             222C     222C       28      70D       0
                text53                             2400     2400        A      70D       0
                text52                             23F6     23F6        A      70D       0
                text51                             23CC     23CC        C      70D       0
                text50                             22E0     22E0       20      70D       0
                text49                             1EFE     1EFE       4E      70D       0
                text48                             2352     2352       1A      70D       0
                text47                             239C     239C       18      70D       0
                intcode_body                       1B5C     1B5C       9C      70D       0
                text44                             2204     2204       28      70D       0
                text43                             23EC     23EC        A      70D       0
                text42                             23E2     23E2        A      70D       0
                text41                             23C0     23C0        C      70D       0
                text40                             22C0     22C0       20      70D       0
                text39                             1EB0     1EB0       4E      70D       0
                text38                             2338     2338       1A      70D       0
                text37                             227A     227A       26      70D       0
                text36                             23B4     23B4        C      70D       0
                text35                             22A0     22A0       20      70D       0
                text34                             21B0     21B0       2A      70D       0
                text33                             20D2     20D2       30      70D       0
                text32                             201C     201C       42      70D       0
                text31                             23D8     23D8        A      70D       0
                text30                             1E60     1E60       50      70D       0
                text29                             1E10     1E10       50      70D       0
                text28                             1DC0     1DC0       50      70D       0
                text27                             1D70     1D70       50      70D       0
                text26                             1C6C     1C6C       5E      70D       0
                text25                             240A     240A        8      70D       0
                text24                             2186     2186       2A      70D       0
                text23                             209E     209E       34      70D       0
                text22                             1BF8     1BF8       74      70D       0
                text21                             17D6     17D6      154      70D       0
                text20                             212E     212E       2C      70D       0
                text19                             2300     2300       1E      70D       0
                text18                             2384     2384       18      70D       0
                text17                             236C     236C       18      70D       0
                text16                             231E     231E       1A      70D       0
                text15                             2254     2254       26      70D       0
                text14                             2102     2102       2C      70D       0
                text13                             1F92     1F92       46      70D       0
                text12                             1678     1678      15E      70D       0
                text11                             138C     138C      188      70D       0
                text10                             1514     1514      164      70D       0
                text9                              205E     205E       40      70D       0
                text8                              2414     2414        2      70D       0
                text7                              192A     192A       CA      70D       0
                text6                              1FD8     1FD8       44      70D       0
                text5                              1AB2     1AB2       AA      70D       0
                text4                              10D4     10D4      2B8      70D       0
                text3                               E1A      E1A      2BA      70D       0
                text2                              1CCA     1CCA       54      70D       0
                text1                              1D1E     1D1E       52      70D       0
                text0                              19F4     19F4       BE      70D       0
                cstackCOMRAM                          1        1       44        1       1
                cstackBANK0                          60       60       68       60       1
                bssBANK1                            100      100       3C      100       1
                bssBANK0                             C8       C8       37       60       1
                dataCOMRAM                           4F       4F        2        1       1
                bssCOMRAM                            45       45        A        1       1
                cinit                              1F4C     1F4C       46      70D       0
                idataCOMRAM                        2412     2412        2      70D       0

TOTAL           Name                               Link     Load   Length     Space
        CLASS   CODE           
                intcodelo                            18       18       40         0
                intcode                               8        8        6         0
                init                                 58       58        4         0
                reset_vec                             0        0        6         0
                text56                             215A     215A       2C         0
                text55                             21DA     21DA       2A         0
                text54                             222C     222C       28         0
                text53                             2400     2400        A         0
                text52                             23F6     23F6        A         0
                text51                             23CC     23CC        C         0
                text50                             22E0     22E0       20         0
                text49                             1EFE     1EFE       4E         0
                text48                             2352     2352       1A         0
                text47                             239C     239C       18         0
                intcode_body                       1B5C     1B5C       9C         0
                text44                             2204     2204       28         0
                text43                             23EC     23EC        A         0
                text42                             23E2     23E2        A         0
                text41                             23C0     23C0        C         0
                text40                             22C0     22C0       20         0
                text39                             1EB0     1EB0       4E         0
                text38                             2338     2338       1A         0
                text37                             227A     227A       26         0
                text36                             23B4     23B4        C         0
                text35                             22A0     22A0       20         0
                text34                             21B0     21B0       2A         0
                text33                             20D2     20D2       30         0
                text32                             201C     201C       42         0
                text31                             23D8     23D8        A         0
                text30                             1E60     1E60       50         0
                text29                             1E10     1E10       50         0
                text28                             1DC0     1DC0       50         0
                text27                             1D70     1D70       50         0
                text26                             1C6C     1C6C       5E         0
                text25                             240A     240A        8         0
                text24                             2186     2186       2A         0
                text23                             209E     209E       34         0
                text22                             1BF8     1BF8       74         0
                text21                             17D6     17D6      154         0
                text20                             212E     212E       2C         0
                text19                             2300     2300       1E         0
                text18                             2384     2384       18         0
                text17                             236C     236C       18         0
                text16                             231E     231E       1A         0
                text15                             2254     2254       26         0
                text14                             2102     2102       2C         0
                text13                             1F92     1F92       46         0
                text12                             1678     1678      15E         0
                text11                             138C     138C      188         0
                text10                             1514     1514      164         0
                text9                              205E     205E       40         0
                text8                              2414     2414        2         0
                text7                              192A     192A       CA         0
                text6                              1FD8     1FD8       44         0
                text5                              1AB2     1AB2       AA         0
                text4                              10D4     10D4      2B8         0
                text3                               E1A      E1A      2BA         0
                text2                              1CCA     1CCA       54         0
                text1                              1D1E     1D1E       52         0
                text0                              19F4     19F4       BE         0
                cinit                              1F4C     1F4C       46         0
                idataCOMRAM                        2412     2412        2         0

        CLASS   CONST          

        CLASS   SMALLCONST     
                smallconst                          E00      E00       1A         0

        CLASS   MEDIUMCONST    

        CLASS   COMRAM         
                temp                                 51       51        1         1
                cstackCOMRAM                          1        1       44         1
                dataCOMRAM                           4F       4F        2         1
                bssCOMRAM                            45       45        A         1

        CLASS   ABS1           

        CLASS   BIGRAM         

        CLASS   RAM            

        CLASS   BANK0          
                cstackBANK0                          60       60       68         1
                bssBANK0                             C8       C8       37         1

        CLASS   BANK1          
                bssBANK1                            100      100       3C         1

        CLASS   BANK2          

        CLASS   BANK3          

        CLASS   BANK4          

        CLASS   BANK5          

        CLASS   BANK6          

        CLASS   BANK7          

        CLASS   BANK8          

        CLASS   BANK9          

        CLASS   BANK10         

        CLASS   BANK11         

        CLASS   BANK12         

        CLASS   BANK13         

        CLASS   SFR            

        CLASS   BIGSFR         

        CLASS   CONFIG         
                config                           300000   300000        C         4

        CLASS   IDLOC          
                idloc                            200000   200000       10         5

        CLASS   EEDATA         

        CLASS   FARRAM         

        CLASS   HEAP           

        CLASS   STACK          



SEGMENTS        Name                           Load    Length   Top    Selector   Space  Class

                reset_vec                      000000  000006  000006         0       0  CODE    
                cstackCOMRAM                   000001  000051  000052         1       1  COMRAM  
                intcode                        000008  000006  00000E         4       0  CODE    
                intcodelo                      000018  000044  00005C         C       0  CODE    
                cstackBANK0                    000060  00009F  0000FF        60       1  BANK0   
                bssBANK1                       000100  00003C  00013C       100       1  BANK1   
                smallconst                     000E00  00001A  000E1A       700       0  SMALLCON
                text3                          000E1A  0015FC  002416       70D       0  CODE    


UNUSED ADDRESS RANGES

        Name                Unused          Largest block    Delta
        BANK0            0000FF-0000FF                1
        BANK1            00013C-0001FF               C4
        BANK10           000A00-000AFF              100
        BANK11           000B00-000BFF              100
        BANK12           000C00-000CFF              100
        BANK13           000D00-000DE9               EA
        BANK2            000200-0002FF              100
        BANK3            000300-0003FF              100
        BANK4            000400-0004FF              100
        BANK5            000500-0005FF              100
        BANK6            000600-0006FF              100
        BANK7            000700-0007FF              100
        BANK8            000800-0008FF              100
        BANK9            000900-0009FF              100
        BIGRAM           000052-00005F                E
                         0000FF-0000FF                1
                         00013C-000DE9              CAE
        BIGSFR           000DEF-000FFF              211
        CODE             000006-000007                2
                         00000E-000017                A
                         00005C-000DFF              DA4
                         002416-01FFFF            1DBEA
        COMRAM           000052-00005F                E
        CONST            000006-000007                2
                         00000E-000017                A
                         00005C-000DFF              DA4
                         002416-01FFFF            1DBEA
        EEDATA           310000-3103FF              400
        MEDIUMCONST      002416-00FFFF             DBEA
                         010E00-01FFFF             F200
        RAM              0000FF-0000FF                1
                         00013C-000DE9              100
        SFR              000DEF-000FFF              100
        SMALLCONST       002416-01FFFF              100

                                  Symbol Table

?___aodiv                              cstackCOMRAM 00000D
?___aomod                              cstackCOMRAM 00000D
?___lwdiv                              cstackCOMRAM 00000D
?___wmul                               cstackCOMRAM 00000D
?_abs                                  cstackCOMRAM 00001F
?_atoi                                 cstackCOMRAM 000013
?_color_read_Blue                      cstackCOMRAM 000011
?_color_read_Clear                     cstackCOMRAM 000011
?_color_read_Green                     cstackCOMRAM 000011
?_color_read_Red                       cstackCOMRAM 000011
?_isdigit                              cstackCOMRAM 00000D
?_isspace                              cstackCOMRAM 00000D
?_sprintf                              cstackBANK0  000083
?_vfprintf                             cstackBANK0  00007D
HighISR@a                              cstackCOMRAM 000009
I2C_2_Master_Read@ack                  cstackCOMRAM 00000F
I2C_2_Master_Read@tmp                  cstackCOMRAM 000010
I2C_2_Master_Write@data_byte           cstackCOMRAM 00000E
TxBufferedString@string                cstackCOMRAM 00000E
Update_RGBC@tempval                    cstackCOMRAM 000018
_ANSELBbits                            (abs)        000E9A
_ANSELDbits                            (abs)        000EA7
_BAUD4CONbits                          (abs)        000EE9
_CCP1CONbits                           (abs)        000FAB
_CCP2CONbits                           (abs)        000FA7
_CCP3CONbits                           (abs)        000F26
_CCP4CONbits                           (abs)        000F22
_CCPR1H                                (abs)        000FAA
_CCPR2H                                (abs)        000FA6
_CCPR3H                                (abs)        000F25
_CCPR4H                                (abs)        000F21
_CCPTMRS0bits                          (abs)        000FAD
_EUSART4RXbuf                          bssBANK0     0000C8
_EUSART4TXbuf                          bssBANK1     000100
_HighISR                               intcode      000008
_I2C_2_Master_Idle                     text44       002204
_I2C_2_Master_Init                     text24       002186
_I2C_2_Master_Read                     text32       00201C
_I2C_2_Master_RepStart                 text31       0023D8
_I2C_2_Master_Start                    text43       0023EC
_I2C_2_Master_Stop                     text42       0023E2
_I2C_2_Master_Write                    text41       0023C0
_INT1PPS                               (abs)        000DF1
_INTCONbits                            (abs)        000FF2
_IPR0bits                              (abs)        000E1F
_Interrupts_init                       text37       00227A
_LATAbits                              (abs)        000F79
_LATCbits                              (abs)        000F7B
_LATEbits                              (abs)        000F7D
_LATFbits                              (abs)        000F7E
_LATGbits                              (abs)        000F7F
_LATHbits                              (abs)        000F80
_LED_init                              text36       0023B4
_LowISR                                intcodelo    000018
_PIE0bits                              (abs)        000E29
_PIE4bits                              (abs)        000E2D
_PIR0bits                              (abs)        000E33
_PIR4bits                              (abs)        000E37
_RC0PPS                                (abs)        000E62
_RC4REG                                (abs)        000EE3
_RC4STAbits                            (abs)        000EE7
_RC7PPS                                (abs)        000E69
_RD5PPS                                (abs)        000E6F
_RD6PPS                                (abs)        000E70
_RE2PPS                                (abs)        000E74
_RE4PPS                                (abs)        000E76
_RG6PPS                                (abs)        000E88
_RX4PPS                                (abs)        000E15
_RxBufReadCnt                          bssCOMRAM    00004C
_RxBufWriteCnt                         bssCOMRAM    00004D
_SP4BRGH                               (abs)        000EE6
_SP4BRGL                               (abs)        000EE5
_SSP2ADD                               (abs)        000ED6
_SSP2BUF                               (abs)        000ED5
_SSP2CLKPPS                            (abs)        000E1C
_SSP2CON1bits                          (abs)        000ED9
_SSP2CON2                              (abs)        000EDA
_SSP2CON2bits                          (abs)        000EDA
_SSP2DATPPS                            (abs)        000E1D
_SSP2STAT                              (abs)        000ED8
_T0CON0bits                            (abs)        000FD5
_T0CON1bits                            (abs)        000FD6
_T2CLKCONbits                          (abs)        000FBF
_T2CONbits                             (abs)        000FBD
_T2HLTbits                             (abs)        000FBE
_T2PR                                  (abs)        000FBC
_TMR0H                                 (abs)        000FD4
_TMR0L                                 (abs)        000FD3
_TRISAbits                             (abs)        000F81
_TRISBbits                             (abs)        000F82
_TRISCbits                             (abs)        000F83
_TRISDbits                             (abs)        000F84
_TRISEbits                             (abs)        000F85
_TRISFbits                             (abs)        000F86
_TRISGbits                             (abs)        000F87
_TRISHbits                             (abs)        000F88
_TX4REG                                (abs)        000EE4
_TX4STAbits                            (abs)        000EE8
_Timer0_init                           text35       0022A0
_TxBufReadCnt                          bssCOMRAM    00004A
_TxBufWriteCnt                         bssCOMRAM    00004B
_TxBufferedString                      text33       0020D2
_Update_RGBC                           text26       001C6C
_WhiteLight                            text25       00240A
__HRAM                                 (abs)        000000
__Habs1                                abs1         000000
__Hbank0                               bank0        000000
__Hbank1                               bank1        000000
__Hbank10                              bank10       000000
__Hbank11                              bank11       000000
__Hbank12                              bank12       000000
__Hbank13                              bank13       000000
__Hbank2                               bank2        000000
__Hbank3                               bank3        000000
__Hbank4                               bank4        000000
__Hbank5                               bank5        000000
__Hbank6                               bank6        000000
__Hbank7                               bank7        000000
__Hbank8                               bank8        000000
__Hbank9                               bank9        000000
__Hbigbss                              bigbss       000000
__Hbigdata                             bigdata      000000
__Hbigram                              bigram       000000
__Hbigsfr                              bigsfr       000000
__Hbss                                 bss          000000
__HbssBANK0                            bssBANK0     000000
__HbssBANK1                            bssBANK1     000000
__HbssCOMRAM                           bssCOMRAM    000000
__Hcinit                               cinit        000000
__Hclrtext                             clrtext      000000
__Hcomram                              comram       000000
__Hconfig                              config       30000C
__Hconst                               const        000000
__HcstackBANK0                         cstackBANK0  000000
__HcstackCOMRAM                        cstackCOMRAM 000000
__Hdata                                data         000000
__HdataCOMRAM                          dataCOMRAM   000000
__Heeprom_data                         eeprom_data  000000
__Hfarbss                              farbss       000000
__Hfardata                             fardata      000000
__Hheap                                heap         000000
__Hibigdata                            ibigdata     000000
__Hidata                               idata        000000
__HidataCOMRAM                         idataCOMRAM  000000
__Hidloc                               idloc        200010
__Hifardata                            ifardata     000000
__Hinit                                init         00005C
__Hintcode                             intcode      00000E
__Hintcode_body                        intcode_body 000000
__Hintcodelo                           intcodelo    000058
__Hintentry                            intentry     000000
__Hintret                              intret       000000
__Hintsave_regs                        intsave_regs 000000
__Hirdata                              irdata       000000
__Hmediumconst                         mediumconst  000000
__HnvFARRAM                            nvFARRAM     000000
__Hnvbit                               nvbit        000000
__Hnvrram                              nvrram       000000
__Hparam                               rparam       000000
__Hpowerup                             powerup      000058
__Hram                                 ram          000000
__Hramtop                              ramtop       000E00
__Hrbit                                rbit         000000
__Hrbss                                rbss         000000
__Hrdata                               rdata        000000
__Hreset_vec                           reset_vec    000006
__Hrparam                              rparam       000000
__Hsfr                                 sfr          000000
__Hsmallconst                          smallconst   000E1A
__Hspace_0                             (abs)        002416
__Hspace_1                             (abs)        00013C
__Hspace_2                             (abs)        000000
__Hspace_4                             (abs)        60000C
__Hstack                               stack        000000
__Hstruct                              struct       000000
__Htemp                                temp         000052
__Htext                                text         000000
__Htext0                               text0        000000
__Htext1                               text1        000000
__Htext10                              text10       000000
__Htext11                              text11       000000
__Htext12                              text12       000000
__Htext13                              text13       000000
__Htext14                              text14       000000
__Htext15                              text15       000000
__Htext16                              text16       000000
__Htext17                              text17       000000
__Htext18                              text18       000000
__Htext19                              text19       000000
__Htext2                               text2        000000
__Htext20                              text20       000000
__Htext21                              text21       000000
__Htext22                              text22       000000
__Htext23                              text23       000000
__Htext24                              text24       000000
__Htext25                              text25       000000
__Htext26                              text26       000000
__Htext27                              text27       000000
__Htext28                              text28       000000
__Htext29                              text29       000000
__Htext3                               text3        000000
__Htext30                              text30       000000
__Htext31                              text31       000000
__Htext32                              text32       000000
__Htext33                              text33       000000
__Htext34                              text34       000000
__Htext35                              text35       000000
__Htext36                              text36       000000
__Htext37                              text37       000000
__Htext38                              text38       000000
__Htext39                              text39       000000
__Htext4                               text4        000000
__Htext40                              text40       000000
__Htext41                              text41       000000
__Htext42                              text42       000000
__Htext43                              text43       000000
__Htext44                              text44       000000
__Htext47                              text47       000000
__Htext48                              text48       000000
__Htext49                              text49       000000
__Htext5                               text5        000000
__Htext50                              text50       000000
__Htext51                              text51       000000
__Htext52                              text52       000000
__Htext53                              text53       000000
__Htext54                              text54       000000
__Htext55                              text55       000000
__Htext56                              text56       000000
__Htext6                               text6        000000
__Htext7                               text7        000000
__Htext8                               text8        000000
__Htext9                               text9        000000
__LRAM                                 (abs)        000001
__Labs1                                abs1         000000
__Lbank0                               bank0        000000
__Lbank1                               bank1        000000
__Lbank10                              bank10       000000
__Lbank11                              bank11       000000
__Lbank12                              bank12       000000
__Lbank13                              bank13       000000
__Lbank2                               bank2        000000
__Lbank3                               bank3        000000
__Lbank4                               bank4        000000
__Lbank5                               bank5        000000
__Lbank6                               bank6        000000
__Lbank7                               bank7        000000
__Lbank8                               bank8        000000
__Lbank9                               bank9        000000
__Lbigbss                              bigbss       000000
__Lbigdata                             bigdata      000000
__Lbigram                              bigram       000000
__Lbigsfr                              bigsfr       000000
__Lbss                                 bss          000000
__LbssBANK0                            bssBANK0     000000
__LbssBANK1                            bssBANK1     000000
__LbssCOMRAM                           bssCOMRAM    000000
__Lcinit                               cinit        000000
__Lclrtext                             clrtext      000000
__Lcomram                              comram       000000
__Lconfig                              config       000000
__Lconst                               const        000000
__LcstackBANK0                         cstackBANK0  000000
__LcstackCOMRAM                        cstackCOMRAM 000000
__Ldata                                data         000000
__LdataCOMRAM                          dataCOMRAM   000000
__Leeprom_data                         eeprom_data  000000
__Lfarbss                              farbss       000000
__Lfardata                             fardata      000000
__Lheap                                heap         000000
__Libigdata                            ibigdata     000000
__Lidata                               idata        000000
__LidataCOMRAM                         idataCOMRAM  000000
__Lidloc                               idloc        000000
__Lifardata                            ifardata     000000
__Linit                                init         000058
__Lintcode                             intcode      000008
__Lintcode_body                        intcode_body 000000
__Lintcodelo                           intcodelo    000018
__Lintentry                            intentry     000000
__Lintret                              intret       000000
__Lintsave_regs                        intsave_regs 000000
__Lirdata                              irdata       000000
__Lmediumconst                         mediumconst  000000
__LnvFARRAM                            nvFARRAM     000000
__Lnvbit                               nvbit        000000
__Lnvrram                              nvrram       000000
__Lparam                               rparam       000000
__Lpowerup                             powerup      000058
__Lram                                 ram          000000
__Lramtop                              ramtop       000E00
__Lrbit                                rbit         000000
__Lrbss                                rbss         000000
__Lrdata                               rdata        000000
__Lreset_vec                           reset_vec    000000
__Lrparam                              rparam       000000
__Lsfr                                 sfr          000000
__Lsmallconst                          smallconst   000E00
__Lspace_0                             (abs)        000000
__Lspace_1                             (abs)        000000
__Lspace_2                             (abs)        000000
__Lspace_4                             (abs)        000000
__Lstack                               stack        000000
__Lstruct                              struct       000000
__Ltemp                                temp         000051
__Ltext                                text         000000
__Ltext0                               text0        000000
__Ltext1                               text1        000000
__Ltext10                              text10       000000
__Ltext11                              text11       000000
__Ltext12                              text12       000000
__Ltext13                              text13       000000
__Ltext14                              text14       000000
__Ltext15                              text15       000000
__Ltext16                              text16       000000
__Ltext17                              text17       000000
__Ltext18                              text18       000000
__Ltext19                              text19       000000
__Ltext2                               text2        000000
__Ltext20                              text20       000000
__Ltext21                              text21       000000
__Ltext22                              text22       000000
__Ltext23                              text23       000000
__Ltext24                              text24       000000
__Ltext25                              text25       000000
__Ltext26                              text26       000000
__Ltext27                              text27       000000
__Ltext28                              text28       000000
__Ltext29                              text29       000000
__Ltext3                               text3        000000
__Ltext30                              text30       000000
__Ltext31                              text31       000000
__Ltext32                              text32       000000
__Ltext33                              text33       000000
__Ltext34                              text34       000000
__Ltext35                              text35       000000
__Ltext36                              text36       000000
__Ltext37                              text37       000000
__Ltext38                              text38       000000
__Ltext39                              text39       000000
__Ltext4                               text4        000000
__Ltext40                              text40       000000
__Ltext41                              text41       000000
__Ltext42                              text42       000000
__Ltext43                              text43       000000
__Ltext44                              text44       000000
__Ltext47                              text47       000000
__Ltext48                              text48       000000
__Ltext49                              text49       000000
__Ltext5                               text5        000000
__Ltext50                              text50       000000
__Ltext51                              text51       000000
__Ltext52                              text52       000000
__Ltext53                              text53       000000
__Ltext54                              text54       000000
__Ltext55                              text55       000000
__Ltext56                              text56       000000
__Ltext6                               text6        000000
__Ltext7                               text7        000000
__Ltext8                               text8        000000
__Ltext9                               text9        000000
__S0                                   (abs)        002416
__S1                                   (abs)        00013C
__S4                                   (abs)        000000
__S5                                   (abs)        000000
___aodiv                               text11       00138C
___aodiv@counter                       cstackCOMRAM 00001D
___aodiv@dividend                      cstackCOMRAM 00000D
___aodiv@divisor                       cstackCOMRAM 000015
___aodiv@quotient                      cstackCOMRAM 00001F
___aodiv@sign                          cstackCOMRAM 00001E
___aomod                               text10       001514
___aomod@counter                       cstackCOMRAM 00001D
___aomod@dividend                      cstackCOMRAM 00000D
___aomod@divisor                       cstackCOMRAM 000015
___aomod@sign                          cstackCOMRAM 00001E
___heap_hi                             (abs)        000000
___heap_lo                             (abs)        000000
___inthi_sp                            stack        000000
___intlo_sp                            stack        000000
___lwdiv                               text22       001BF8
___lwdiv@counter                       cstackCOMRAM 000013
___lwdiv@dividend                      cstackCOMRAM 00000D
___lwdiv@divisor                       cstackCOMRAM 00000F
___lwdiv@quotient                      cstackCOMRAM 000011
___param_bank                          (abs)        000000
___rparam_used                         (abs)        000001
___sp                                  stack        000000
___wmul                                text15       002254
___wmul@multiplicand                   cstackCOMRAM 00000F
___wmul@multiplier                     cstackCOMRAM 00000D
___wmul@product                        cstackCOMRAM 000011
__accesstop                            (abs)        000060
__activetblptr                         (abs)        000003
__end_of_HighISR                       intcode_body 001BF8
__end_of_I2C_2_Master_Idle             text44       00222C
__end_of_I2C_2_Master_Init             text24       0021B0
__end_of_I2C_2_Master_Read             text32       00205E
__end_of_I2C_2_Master_RepStart         text31       0023E2
__end_of_I2C_2_Master_Start            text43       0023F6
__end_of_I2C_2_Master_Stop             text42       0023EC
__end_of_I2C_2_Master_Write            text41       0023CC
__end_of_Interrupts_init               text37       0022A0
__end_of_LED_init                      text36       0023C0
__end_of_LowISR                        intcodelo    000058
__end_of_Timer0_init                   text35       0022C0
__end_of_TxBufferedString              text33       002102
__end_of_Update_RGBC                   text26       001CCA
__end_of_WhiteLight                    text25       002412
__end_of___aodiv                       text11       001514
__end_of___aomod                       text10       001678
__end_of___lwdiv                       text22       001C6C
__end_of___wmul                        text15       00227A
__end_of__initialization               cinit        001F88
__end_of_abs                           text9        00209E
__end_of_atoi                          text12       0017D6
__end_of_color_click_init              text23       0020D2
__end_of_color_read_Blue               text30       001EB0
__end_of_color_read_Clear              text29       001E60
__end_of_color_read_Green              text28       001E10
__end_of_color_read_Red                text27       001DC0
__end_of_color_writetoaddr             text40       0022E0
__end_of_detect_color                  text21       00192A
__end_of_dtoa                          text4        00138C
__end_of_fputc                         text7        0019F4
__end_of_fputs                         text6        00201C
__end_of_getCharFromRxBuf              text20       00215A
__end_of_getCharFromTxBuf              text56       002186
__end_of_initUSART4                    text19       00231E
__end_of_init_colorclick_interrupts    text39       001EFE
__end_of_interrupts_clear_colorclick   text38       002352
__end_of_isDataInRxBuf                 text18       00239C
__end_of_isDataInTxBuf                 text17       002384
__end_of_isdigit                       text14       00212E
__end_of_isspace                       text13       001FD8
__end_of_main                          text0        001AB2
__end_of_pad                           text5        001B5C
__end_of_putCharToRxBuf                text55       002204
__end_of_putCharToTxBuf                text34       0021DA
__end_of_putch                         text8        002416
__end_of_sendTxBuf                     text16       002338
__end_of_sprintf                       text1        001D70
__end_of_vfpfcnvrt                     text3        0010D4
__end_of_vfprintf                      text2        001D1E
__end_ofi2_I2C_2_Master_Idle           text54       002254
__end_ofi2_I2C_2_Master_Start          text53       00240A
__end_ofi2_I2C_2_Master_Stop           text52       002400
__end_ofi2_I2C_2_Master_Write          text51       0023D8
__end_ofi2_color_writetoaddr           text50       002300
__end_ofi2_init_colorclick_interrupts  text49       001F4C
__end_ofi2_interrupts_clear_colorclick text48       00236C
__end_ofi2_isDataInTxBuf               text47       0023B4
__initialization                       cinit        001F4C
__mediumconst                          mediumconst  000000
__pbssBANK0                            bssBANK0     0000C8
__pbssBANK1                            bssBANK1     000100
__pbssCOMRAM                           bssCOMRAM    000045
__pcinit                               cinit        001F4C
__pcstackBANK0                         cstackBANK0  000060
__pcstackCOMRAM                        cstackCOMRAM 000001
__pdataCOMRAM                          dataCOMRAM   00004F
__pidataCOMRAM                         idataCOMRAM  002412
__pintcode                             intcode      000008
__pintcode_body                        intcode_body 001B5C
__pintcodelo                           intcodelo    000018
__psmallconst                          smallconst   000E00
__ptext0                               text0        0019F4
__ptext1                               text1        001D1E
__ptext10                              text10       001514
__ptext11                              text11       00138C
__ptext12                              text12       001678
__ptext13                              text13       001F92
__ptext14                              text14       002102
__ptext15                              text15       002254
__ptext16                              text16       00231E
__ptext17                              text17       00236C
__ptext18                              text18       002384
__ptext19                              text19       002300
__ptext2                               text2        001CCA
__ptext20                              text20       00212E
__ptext21                              text21       0017D6
__ptext22                              text22       001BF8
__ptext23                              text23       00209E
__ptext24                              text24       002186
__ptext25                              text25       00240A
__ptext26                              text26       001C6C
__ptext27                              text27       001D70
__ptext28                              text28       001DC0
__ptext29                              text29       001E10
__ptext3                               text3        000E1A
__ptext30                              text30       001E60
__ptext31                              text31       0023D8
__ptext32                              text32       00201C
__ptext33                              text33       0020D2
__ptext34                              text34       0021B0
__ptext35                              text35       0022A0
__ptext36                              text36       0023B4
__ptext37                              text37       00227A
__ptext38                              text38       002338
__ptext39                              text39       001EB0
__ptext4                               text4        0010D4
__ptext40                              text40       0022C0
__ptext41                              text41       0023C0
__ptext42                              text42       0023E2
__ptext43                              text43       0023EC
__ptext44                              text44       002204
__ptext47                              text47       00239C
__ptext48                              text48       002352
__ptext49                              text49       001EFE
__ptext5                               text5        001AB2
__ptext50                              text50       0022E0
__ptext51                              text51       0023CC
__ptext52                              text52       0023F6
__ptext53                              text53       002400
__ptext54                              text54       00222C
__ptext55                              text55       0021DA
__ptext56                              text56       00215A
__ptext6                               text6        001FD8
__ptext7                               text7        00192A
__ptext8                               text8        002414
__ptext9                               text9        00205E
__ramtop                               ramtop       000E00
__smallconst                           smallconst   000E00
_abs                                   text9        00205E
_atoi                                  text12       001678
_color_click_init                      text23       00209E
_color_flag                            bssCOMRAM    00004E
_color_read_Blue                       text30       001E60
_color_read_Clear                      text29       001E10
_color_read_Green                      text28       001DC0
_color_read_Red                        text27       001D70
_color_writetoaddr                     text40       0022C0
_dbuf                                  bssBANK0     0000DF
_detect_color                          text21       0017D6
_dtoa                                  text4        0010D4
_dtoa$2428                             cstackBANK0  000060
_flags                                 bssCOMRAM    000049
_fputc                                 text7        00192A
_fputs                                 text6        001FD8
_getCharFromRxBuf                      text20       00212E
_getCharFromTxBuf                      text56       00215A
_initUSART4                            text19       002300
_init_colorclick_interrupts            text39       001EB0
_int_threshold_high                    dataCOMRAM   00004F
_int_threshold_low                     bssCOMRAM    000047
_interrupts_clear_colorclick           text38       002338
_isDataInRxBuf                         text18       002384
_isDataInTxBuf                         text17       00236C
_isdigit                               text14       002102
_isspace                               text13       001F92
_isspace$2477                          cstackCOMRAM 000011
_main                                  text0        0019F4
_pad                                   text5        001AB2
_prec                                  bssCOMRAM    000045
_putCharToRxBuf                        text55       0021DA
_putCharToTxBuf                        text34       0021B0
_putch                                 text8        002414
_sendTxBuf                             text16       00231E
_sprintf                               text1        001D1E
_tmr_ovf                               bssBANK0     0000DE
_vfpfcnvrt                             text3        000E1A
_vfprintf                              text2        001CCA
_width                                 bssBANK0     0000DC
abs@a                                  cstackCOMRAM 00001F
atoi@n                                 cstackCOMRAM 00001A
atoi@neg                               cstackCOMRAM 000018
atoi@s                                 cstackCOMRAM 000013
btemp                                  temp         000051
color_read_Blue@tmp                    cstackCOMRAM 000016
color_read_Clear@tmp                   cstackCOMRAM 000016
color_read_Green@tmp                   cstackCOMRAM 000016
color_read_Red@tmp                     cstackCOMRAM 000016
color_writetoaddr@address              cstackCOMRAM 000010
color_writetoaddr@value                cstackCOMRAM 00000F
detect_color@color                     cstackCOMRAM 00001E
detect_color@tempval                   cstackCOMRAM 000014
dtoa@d                                 cstackCOMRAM 00002A
dtoa@fp                                cstackCOMRAM 000028
dtoa@i                                 cstackBANK0  00006F
dtoa@n                                 cstackBANK0  000066
dtoa@p                                 cstackBANK0  000062
dtoa@s                                 cstackBANK0  00006E
dtoa@w                                 cstackBANK0  000064
end_of_initialization                  cinit        001F88
fputc@c                                cstackCOMRAM 00000D
fputc@fp                               cstackCOMRAM 00000F
fputs@c                                cstackCOMRAM 00001A
fputs@fp                               cstackCOMRAM 000018
fputs@i                                cstackCOMRAM 00001B
fputs@s                                cstackCOMRAM 000016
i2I2C_2_Master_Write@data_byte         cstackCOMRAM 000002
i2_I2C_2_Master_Idle                   text54       00222C
i2_I2C_2_Master_Start                  text53       002400
i2_I2C_2_Master_Stop                   text52       0023F6
i2_I2C_2_Master_Write                  text51       0023CC
i2_color_writetoaddr                   text50       0022E0
i2_init_colorclick_interrupts          text49       001EFE
i2_interrupts_clear_colorclick         text48       002352
i2_isDataInTxBuf                       text47       00239C
i2color_writetoaddr@address            cstackCOMRAM 000004
i2color_writetoaddr@value              cstackCOMRAM 000003
int$flags                              temp         000051
int_func                               intcode_body 001B5C
intlevel0                              text         000000
intlevel1                              text         000000
intlevel2                              text         000000
intlevel3                              text         000000
isa$std                                (abs)        000001
isa$xinst                              (abs)        000000
isdigit@c                              cstackCOMRAM 00000D
isspace@c                              cstackCOMRAM 00000D
main@color_detected                    cstackBANK0  0000BE
main@cont                              cstackBANK0  0000BF
main@initial_color                     cstackBANK0  0000C0
main@string2                           cstackBANK0  000096
pad@buf                                cstackCOMRAM 00001F
pad@fp                                 cstackCOMRAM 00001D
pad@i                                  cstackCOMRAM 000024
pad@p                                  cstackCOMRAM 000021
pad@w                                  cstackCOMRAM 000026
putCharToRxBuf@byte                    cstackCOMRAM 000001
putCharToTxBuf@byte                    cstackCOMRAM 00000D
sprintf@ap                             cstackBANK0  000089
sprintf@f                              cstackBANK0  00008B
sprintf@fmt                            cstackBANK0  000085
sprintf@s                              cstackBANK0  000083
stackhi                                (abs)        000000
stacklo                                (abs)        000000
start                                  init         000058
start_initialization                   cinit        001F4C
ttemp5                                 temp         000052
ttemp6                                 temp         000055
ttemp7                                 temp         000059
vfpfcnvrt@ap                           cstackCOMRAM 00003E
vfpfcnvrt@convarg                      cstackBANK0  000071
vfpfcnvrt@cp                           cstackBANK0  00007B
vfpfcnvrt@done                         cstackBANK0  000079
vfpfcnvrt@fmt                          cstackCOMRAM 00003C
vfpfcnvrt@fp                           cstackCOMRAM 00003A
vfprintf@ap                            cstackBANK0  000081
vfprintf@cfmt                          cstackCOMRAM 000043
vfprintf@fmt                           cstackBANK0  00007F
vfprintf@fp                            cstackBANK0  00007D
wtemp8                                 temp         000052


MODULE INFORMATION

Module		Function		Class		Link	Load	Size
serial.c
		_putCharToRxBuf		CODE           	21DA	0000	42
		_putCharToTxBuf		CODE           	21B0	0000	42
		_isDataInRxBuf 		CODE           	2384	0000	24
		_isDataInTxBuf 		CODE           	236C	0000	24
		_TxBufferedString		CODE           	20D2	0000	48
		_getCharFromRxBuf		CODE           	212E	0000	44
		_getCharFromTxBuf		CODE           	215A	0000	44
		_sendTxBuf     		CODE           	231E	0000	26
		_initUSART4    		CODE           	2300	0000	30

serial.c estimated size: 324

timers.c
		_Timer0_init   		CODE           	22A0	0000	32

timers.c estimated size: 32

D:\MPLAB_COMPILER\pic\sources\c99\common\lwdiv.c
		___lwdiv       		CODE           	1BF8	0000	116

D:\MPLAB_COMPILER\pic\sources\c99\common\lwdiv.c estimated size: 116

color.c
		_Update_RGBC   		CODE           	1C6C	0000	94
		_color_writetoaddr		CODE           	22C0	0000	32
		_color_click_init		CODE           	209E	0000	52
		_detect_color  		CODE           	17D6	0000	340
		_color_read_Green		CODE           	1DC0	0000	80
		_color_read_Clear		CODE           	1E10	0000	80
		_color_read_Red		CODE           	1D70	0000	80
		_color_read_Blue		CODE           	1E60	0000	80

color.c estimated size: 838

LED_Buttons.c
		_WhiteLight    		CODE           	240A	0000	8
		_LED_init      		CODE           	23B4	0000	12

LED_Buttons.c estimated size: 20

D:\MPLAB_COMPILER\pic\sources\c99\common\nf_sprintf.c
		_sprintf       		CODE           	1D1E	0000	82

D:\MPLAB_COMPILER\pic\sources\c99\common\nf_sprintf.c estimated size: 82

D:\MPLAB_COMPILER\pic\sources\c99\common\isspace.c
		_isspace       		CODE           	1F92	0000	70

D:\MPLAB_COMPILER\pic\sources\c99\common\isspace.c estimated size: 70

interrupts.c
		_LowISR        		CODE           	0018	0000	64
		_interrupts_clear_colorclick		CODE           	2338	0000	26
		_init_colorclick_interrupts		CODE           	1EB0	0000	78
		_Interrupts_init		CODE           	227A	0000	38
		_HighISR       		CODE           	0008	0000	162

interrupts.c estimated size: 368

D:\MPLAB_COMPILER\pic\sources\c99\common\Umul16.c
		___wmul        		CODE           	2254	0000	38

D:\MPLAB_COMPILER\pic\sources\c99\common\Umul16.c estimated size: 38

i2c.c
		_I2C_2_Master_Start		CODE           	23EC	0000	10
		_I2C_2_Master_Read		CODE           	201C	0000	66
		_I2C_2_Master_Idle		CODE           	2204	0000	40
		_I2C_2_Master_Init		CODE           	2186	0000	42
		_I2C_2_Master_Stop		CODE           	23E2	0000	10
		_I2C_2_Master_RepStart		CODE           	23D8	0000	10
		_I2C_2_Master_Write		CODE           	23C0	0000	12

i2c.c estimated size: 190

D:\MPLAB_COMPILER\pic\sources\c99\common\atoi.c
		_atoi          		CODE           	1678	0000	350

D:\MPLAB_COMPILER\pic\sources\c99\common\atoi.c estimated size: 350

D:\MPLAB_COMPILER\pic\sources\c99\common\nf_fputs.c
		_fputs         		CODE           	1FD8	0000	68

D:\MPLAB_COMPILER\pic\sources\c99\common\nf_fputs.c estimated size: 68

D:\MPLAB_COMPILER\pic\sources\c99\common\isdigit.c
		_isdigit       		CODE           	2102	0000	44

D:\MPLAB_COMPILER\pic\sources\c99\common\isdigit.c estimated size: 44

D:\MPLAB_COMPILER\pic\sources\c99\common\aomod.c
		___aomod       		CODE           	1514	0000	356

D:\MPLAB_COMPILER\pic\sources\c99\common\aomod.c estimated size: 356

shared
		i2_I2C_2_Master_Stop		CODE           	23F6	0000	10
		i2_I2C_2_Master_Idle		CODE           	222C	0000	40
		i2_init_colorclick_interrupts		CODE           	1EFE	0000	78
		__initialization		CODE           	1F4C	0000	60
		i2_isDataInTxBuf		CODE           	239C	0000	24
		i2_interrupts_clear_colorclick		CODE           	2352	0000	26
		i2_I2C_2_Master_Write		CODE           	23CC	0000	12
		i2_color_writetoaddr		CODE           	22E0	0000	32
		i2_I2C_2_Master_Start		CODE           	2400	0000	10

shared estimated size: 292

D:\MPLAB_COMPILER\pic\sources\c99\common\abs.c
		_abs           		CODE           	205E	0000	64

D:\MPLAB_COMPILER\pic\sources\c99\common\abs.c estimated size: 64

D:\MPLAB_COMPILER\pic\sources\c99\common\putch.c
		_putch         		CODE           	2414	0000	2

D:\MPLAB_COMPILER\pic\sources\c99\common\putch.c estimated size: 2

main_calibration.c
		_main          		CODE           	19F4	0000	190

main_calibration.c estimated size: 190

D:\MPLAB_COMPILER\pic\sources\c99\common\doprnt.c
		_vfpfcnvrt     		CODE           	0E1A	0000	698
		_pad           		CODE           	1AB2	0000	170
		_dtoa          		CODE           	10D4	0000	696
		_vfprintf      		CODE           	1CCA	0000	84

D:\MPLAB_COMPILER\pic\sources\c99\common\doprnt.c estimated size: 1648

D:\MPLAB_COMPILER\pic\sources\c99\common\nf_fputc.c
		_fputc         		CODE           	192A	0000	202

D:\MPLAB_COMPILER\pic\sources\c99\common\nf_fputc.c estimated size: 202

D:\MPLAB_COMPILER\pic\sources\c99\common\aodiv.c
		___aodiv       		CODE           	138C	0000	392

D:\MPLAB_COMPILER\pic\sources\c99\common\aodiv.c estimated size: 392

