Microchip MPLAB XC8 Compiler V2.40

Linker command line:

-W-3 \
  --edf=C:\Program Files\Microchip\xc8\v2.40\pic\dat\20220703182018_en.msgs \
  -cn \
  -h+dist/default/production\final-project-dharshannan-and-pablo.X.production.sym \
  --cmf=dist/default/production\final-project-dharshannan-and-pablo.X.production.cmf \
  -z -Q18F67K40 -oC:\Users\capel\AppData\Local\Temp\xcAs1v8.4 \
  --defsym=__MPLAB_BUILD=1 --fixupoverflow=error \
  -Mdist/default/production/final-project-dharshannan-and-pablo.X.production.map \
  --md=C:\Users\capel\AppData\Local\Temp\xcAs1v8.dat -E1 -ver=XC8 Compiler \
  --acfsm=1493 -ACODE=00h-01FFFFh -ACONST=00h-01FFFFh \
  -ASMALLCONST=0E00h-0EFFhx498 -AMEDIUMCONST=0E00h-0FFFFh,010E00h-01FFFFh \
  -ACOMRAM=01h-05Fh -AABS1=00h-0DE9h -ABIGRAM=01h-0DE9h \
  -ARAM=060h-0FFh,0100h-01FFhx12,0D00h-0DE9h -ABANK0=060h-0FFh \
  -ABANK1=0100h-01FFh -ABANK2=0200h-02FFh -ABANK3=0300h-03FFh \
  -ABANK4=0400h-04FFh -ABANK5=0500h-05FFh -ABANK6=0600h-06FFh \
  -ABANK7=0700h-07FFh -ABANK8=0800h-08FFh -ABANK9=0900h-09FFh \
  -ABANK10=0A00h-0AFFh -ABANK11=0B00h-0BFFh -ABANK12=0C00h-0CFFh \
  -ABANK13=0D00h-0DE9h \
  -ASFR=0DEFh-0DFFh,0E00h-0EFFh,0F00h-0F5Fh,0F60h-0FFFh \
  -ABIGSFR=0DEFh-0FFFh -ACONFIG=0300000h-030000Bh -AIDLOC=0200000h-020000Fh \
  -AEEDATA=0310000h-03103FFh -peeprom_data=EEDATA \
  -preset_vec=00h,intcode=08h,intcodelo=018h,powerup,init -pramtop=0E00h \
  -psmallconst=SMALLCONST -pmediumconst=MEDIUMCONST -pconst=CONST \
  -AFARRAM=00h-00h \
  -prdata=COMRAM,nvrram=COMRAM,nvbit=COMRAM,rbss=COMRAM,rbit=COMRAM \
  -pfarbss=FARRAM,fardata=FARRAM,nvFARRAM=FARRAM \
  -pintsave_regs=BIGRAM,bigbss=BIGRAM,bigdata=BIGRAM -pbss=RAM \
  -pidata=CODE,irdata=CODE,ibigdata=CODE,ifardata=CODE -prparam=COMRAM \
  C:\Users\capel\AppData\Local\Temp\xcAs1v8.o \
  dist/default/production\final-project-dharshannan-and-pablo.X.production.o 

Object code version is 3.11

Machine type is 18F67K40



                Name                               Link     Load   Length Selector   Space Scale
C:\Users\capel\AppData\Local\Temp\xcAs1v8.o
                idloc                            200000   200000       10        0       5
                config                           300000   300000        C        0       4
                init                                 7A       7A        4        C       0
                reset_vec                             0        0        4        0       0
dist/default/production\final-project-dharshannan-and-pablo.X.production.o
                intcodelo                            18       18       62        C       0
                intcode                               8        8        6        4       0
                idloc                            200000   200000       10        0       5
                config                           300000   300000        C        0       4
                temp                                 49       49        1        1       1
                text14                              8AA      8AA       2C        C       0
                text13                              948      948       18        C       0
                text12                              8D6      8D6       2A        C       0
                intcode_body                        7B0      7B0       5E        C       0
                text9                               626      626       90        C       0
                text8                               73C      73C       74        C       0
                text7                               900      900       26        C       0
                text6                               30E      30E      16C        C       0
                text5                               550      550       D6        C       0
                text4                                7E       7E      290        C       0
                text3                               47A      47A       D6        C       0
                text2                               80E      80E       5A        C       0
                text1                               868      868       42        C       0
                text0                               6B6      6B6       86        C       0
                cstackCOMRAM                          1        1       2F        1       1
                cstackBANK0                          9C       9C       12       60       1
                bssBANK0                             60       60       3C       60       1
                bssCOMRAM                            30       30       19        1       1
                cinit                               926      926       22        C       0

TOTAL           Name                               Link     Load   Length     Space
        CLASS   CODE           
                intcodelo                            18       18       62         0
                intcode                               8        8        6         0
                init                                 7A       7A        4         0
                reset_vec                             0        0        4         0
                text14                              8AA      8AA       2C         0
                text13                              948      948       18         0
                text12                              8D6      8D6       2A         0
                intcode_body                        7B0      7B0       5E         0
                text9                               626      626       90         0
                text8                               73C      73C       74         0
                text7                               900      900       26         0
                text6                               30E      30E      16C         0
                text5                               550      550       D6         0
                text4                                7E       7E      290         0
                text3                               47A      47A       D6         0
                text2                               80E      80E       5A         0
                text1                               868      868       42         0
                text0                               6B6      6B6       86         0
                cinit                               926      926       22         0

        CLASS   CONST          

        CLASS   SMALLCONST     

        CLASS   MEDIUMCONST    

        CLASS   COMRAM         
                temp                                 49       49        1         1
                cstackCOMRAM                          1        1       2F         1
                bssCOMRAM                            30       30       19         1

        CLASS   ABS1           

        CLASS   BIGRAM         

        CLASS   RAM            

        CLASS   BANK0          
                cstackBANK0                          9C       9C       12         1
                bssBANK0                             60       60       3C         1

        CLASS   BANK1          

        CLASS   BANK2          

        CLASS   BANK3          

        CLASS   BANK4          

        CLASS   BANK5          

        CLASS   BANK6          

        CLASS   BANK7          

        CLASS   BANK8          

        CLASS   BANK9          

        CLASS   BANK10         

        CLASS   BANK11         

        CLASS   BANK12         

        CLASS   BANK13         

        CLASS   SFR            

        CLASS   BIGSFR         

        CLASS   CONFIG         
                config                           300000   300000        C         4

        CLASS   IDLOC          
                idloc                            200000   200000       10         5

        CLASS   EEDATA         

        CLASS   FARRAM         

        CLASS   HEAP           

        CLASS   STACK          



SEGMENTS        Name                           Load    Length   Top    Selector   Space  Class

                reset_vec                      000000  000004  000004         0       0  CODE    
                cstackCOMRAM                   000001  000049  00004A         1       1  COMRAM  
                intcode                        000008  000006  00000E         4       0  CODE    
                intcodelo                      000018  000948  000960         C       0  CODE    
                bssBANK0                       000060  00004E  0000AE        60       1  BANK0   


UNUSED ADDRESS RANGES

        Name                Unused          Largest block    Delta
        BANK0            0000AE-0000FF               52
        BANK1            000100-0001FF              100
        BANK10           000A00-000AFF              100
        BANK11           000B00-000BFF              100
        BANK12           000C00-000CFF              100
        BANK13           000D00-000DE9               EA
        BANK2            000200-0002FF              100
        BANK3            000300-0003FF              100
        BANK4            000400-0004FF              100
        BANK5            000500-0005FF              100
        BANK6            000600-0006FF              100
        BANK7            000700-0007FF              100
        BANK8            000800-0008FF              100
        BANK9            000900-0009FF              100
        BIGRAM           00004A-00005F               16
                         0000AE-000DE9              D3C
        BIGSFR           000DEF-000FFF              211
        CODE             000004-000007                4
                         00000E-000017                A
                         000960-01FFFF            1F6A0
        COMRAM           00004A-00005F               16
        CONST            000004-000007                4
                         00000E-000017                A
                         000960-01FFFF            1F6A0
        EEDATA           310000-3103FF              400
        MEDIUMCONST      000E00-00FFFF             F200
                         010E00-01FFFF             F200
        RAM              0000AE-000DE9              100
        SFR              000DEF-000FFF              100
        SMALLCONST       000E00-01FFFF              100

                                  Symbol Table

?___lwdiv                   cstackCOMRAM 000010
?___wmul                    cstackCOMRAM 00000A
HighISR@a                   cstackCOMRAM 000005
_ANSELDbits                 (abs)        000EA7
_BAUD4CONbits               (abs)        000EE9
_CCP1CONbits                (abs)        000FAB
_CCP2CONbits                (abs)        000FA7
_CCP3CONbits                (abs)        000F26
_CCP4CONbits                (abs)        000F22
_CCPR1H                     (abs)        000FAA
_CCPR2H                     (abs)        000FA6
_CCPR3H                     (abs)        000F25
_CCPR4H                     (abs)        000F21
_CCPTMRS0bits               (abs)        000FAD
_EUSART4RXbuf               bssCOMRAM    000030
_EUSART4TXbuf               bssBANK0     000060
_HighISR                    intcode      000008
_INTCONbits                 (abs)        000FF2
_IPR0bits                   (abs)        000E1F
_LATAbits                   (abs)        000F79
_LATCbits                   (abs)        000F7B
_LATEbits                   (abs)        000F7D
_LATFbits                   (abs)        000F7E
_LATGbits                   (abs)        000F7F
_LATHbits                   (abs)        000F80
_LowISR                     intcodelo    000018
_PIE0bits                   (abs)        000E29
_PIE4bits                   (abs)        000E2D
_PIR0bits                   (abs)        000E33
_PIR4bits                   (abs)        000E37
_RC0PPS                     (abs)        000E62
_RC4REG                     (abs)        000EE3
_RC4STAbits                 (abs)        000EE7
_RC7PPS                     (abs)        000E69
_RD5PPS                     (abs)        000E6F
_RD6PPS                     (abs)        000E70
_RE2PPS                     (abs)        000E74
_RE4PPS                     (abs)        000E76
_RG6PPS                     (abs)        000E88
_RX4PPS                     (abs)        000E15
_RxBufReadCnt               bssCOMRAM    000047
_RxBufWriteCnt              bssCOMRAM    000048
_SP4BRGH                    (abs)        000EE6
_SP4BRGL                    (abs)        000EE5
_SSP2ADD                    (abs)        000ED6
_SSP2BUF                    (abs)        000ED5
_SSP2CLKPPS                 (abs)        000E1C
_SSP2CON1bits               (abs)        000ED9
_SSP2CON2                   (abs)        000EDA
_SSP2CON2bits               (abs)        000EDA
_SSP2DATPPS                 (abs)        000E1D
_SSP2STAT                   (abs)        000ED8
_T0CON0bits                 (abs)        000FD5
_T0CON1bits                 (abs)        000FD6
_T2CLKCONbits               (abs)        000FBF
_T2CONbits                  (abs)        000FBD
_T2HLTbits                  (abs)        000FBE
_T2PR                       (abs)        000FBC
_TMR0H                      (abs)        000FD4
_TMR0L                      (abs)        000FD3
_TRISAbits                  (abs)        000F81
_TRISCbits                  (abs)        000F83
_TRISDbits                  (abs)        000F84
_TRISEbits                  (abs)        000F85
_TRISFbits                  (abs)        000F86
_TRISGbits                  (abs)        000F87
_TX4REG                     (abs)        000EE4
_TX4STAbits                 (abs)        000EE8
_TxBufReadCnt               bssCOMRAM    000045
_TxBufWriteCnt              bssCOMRAM    000046
__HRAM                      (abs)        000000
__Habs1                     abs1         000000
__Hbank0                    bank0        000000
__Hbank1                    bank1        000000
__Hbank10                   bank10       000000
__Hbank11                   bank11       000000
__Hbank12                   bank12       000000
__Hbank13                   bank13       000000
__Hbank2                    bank2        000000
__Hbank3                    bank3        000000
__Hbank4                    bank4        000000
__Hbank5                    bank5        000000
__Hbank6                    bank6        000000
__Hbank7                    bank7        000000
__Hbank8                    bank8        000000
__Hbank9                    bank9        000000
__Hbigbss                   bigbss       000000
__Hbigdata                  bigdata      000000
__Hbigram                   bigram       000000
__Hbigsfr                   bigsfr       000000
__Hbss                      bss          000000
__HbssBANK0                 bssBANK0     000000
__HbssCOMRAM                bssCOMRAM    000000
__Hcinit                    cinit        000000
__Hclrtext                  clrtext      000000
__Hcomram                   comram       000000
__Hconfig                   config       30000C
__Hconst                    const        000000
__HcstackBANK0              cstackBANK0  000000
__HcstackCOMRAM             cstackCOMRAM 000000
__Hdata                     data         000000
__Heeprom_data              eeprom_data  000000
__Hfarbss                   farbss       000000
__Hfardata                  fardata      000000
__Hheap                     heap         000000
__Hibigdata                 ibigdata     000000
__Hidata                    idata        000000
__Hidloc                    idloc        200010
__Hifardata                 ifardata     000000
__Hinit                     init         00007E
__Hintcode                  intcode      00000E
__Hintcode_body             intcode_body 000000
__Hintcodelo                intcodelo    00007A
__Hintentry                 intentry     000000
__Hintret                   intret       000000
__Hintsave_regs             intsave_regs 000000
__Hirdata                   irdata       000000
__Hmediumconst              mediumconst  000000
__HnvFARRAM                 nvFARRAM     000000
__Hnvbit                    nvbit        000000
__Hnvrram                   nvrram       000000
__Hparam                    rparam       000000
__Hpowerup                  powerup      00007A
__Hram                      ram          000000
__Hramtop                   ramtop       000E00
__Hrbit                     rbit         000000
__Hrbss                     rbss         000000
__Hrdata                    rdata        000000
__Hreset_vec                reset_vec    000004
__Hrparam                   rparam       000000
__Hsfr                      sfr          000000
__Hsmallconst               smallconst   000000
__Hspace_0                  (abs)        000E00
__Hspace_1                  (abs)        0000AE
__Hspace_2                  (abs)        000000
__Hspace_4                  (abs)        60000C
__Hstack                    stack        000000
__Hstruct                   struct       000000
__Htemp                     temp         00004A
__Htext                     text         000000
__Htext0                    text0        000000
__Htext1                    text1        000000
__Htext12                   text12       000000
__Htext13                   text13       000000
__Htext14                   text14       000000
__Htext2                    text2        000000
__Htext3                    text3        000000
__Htext4                    text4        000000
__Htext5                    text5        000000
__Htext6                    text6        000000
__Htext7                    text7        000000
__Htext8                    text8        000000
__Htext9                    text9        000000
__LRAM                      (abs)        000001
__Labs1                     abs1         000000
__Lbank0                    bank0        000000
__Lbank1                    bank1        000000
__Lbank10                   bank10       000000
__Lbank11                   bank11       000000
__Lbank12                   bank12       000000
__Lbank13                   bank13       000000
__Lbank2                    bank2        000000
__Lbank3                    bank3        000000
__Lbank4                    bank4        000000
__Lbank5                    bank5        000000
__Lbank6                    bank6        000000
__Lbank7                    bank7        000000
__Lbank8                    bank8        000000
__Lbank9                    bank9        000000
__Lbigbss                   bigbss       000000
__Lbigdata                  bigdata      000000
__Lbigram                   bigram       000000
__Lbigsfr                   bigsfr       000000
__Lbss                      bss          000000
__LbssBANK0                 bssBANK0     000000
__LbssCOMRAM                bssCOMRAM    000000
__Lcinit                    cinit        000000
__Lclrtext                  clrtext      000000
__Lcomram                   comram       000000
__Lconfig                   config       000000
__Lconst                    const        000000
__LcstackBANK0              cstackBANK0  000000
__LcstackCOMRAM             cstackCOMRAM 000000
__Ldata                     data         000000
__Leeprom_data              eeprom_data  000000
__Lfarbss                   farbss       000000
__Lfardata                  fardata      000000
__Lheap                     heap         000000
__Libigdata                 ibigdata     000000
__Lidata                    idata        000000
__Lidloc                    idloc        000000
__Lifardata                 ifardata     000000
__Linit                     init         00007A
__Lintcode                  intcode      000008
__Lintcode_body             intcode_body 000000
__Lintcodelo                intcodelo    000018
__Lintentry                 intentry     000000
__Lintret                   intret       000000
__Lintsave_regs             intsave_regs 000000
__Lirdata                   irdata       000000
__Lmediumconst              mediumconst  000000
__LnvFARRAM                 nvFARRAM     000000
__Lnvbit                    nvbit        000000
__Lnvrram                   nvrram       000000
__Lparam                    rparam       000000
__Lpowerup                  powerup      00007A
__Lram                      ram          000000
__Lramtop                   ramtop       000E00
__Lrbit                     rbit         000000
__Lrbss                     rbss         000000
__Lrdata                    rdata        000000
__Lreset_vec                reset_vec    000000
__Lrparam                   rparam       000000
__Lsfr                      sfr          000000
__Lsmallconst               smallconst   000000
__Lspace_0                  (abs)        000000
__Lspace_1                  (abs)        000000
__Lspace_2                  (abs)        000000
__Lspace_4                  (abs)        000000
__Lstack                    stack        000000
__Lstruct                   struct       000000
__Ltemp                     temp         000049
__Ltext                     text         000000
__Ltext0                    text0        000000
__Ltext1                    text1        000000
__Ltext12                   text12       000000
__Ltext13                   text13       000000
__Ltext14                   text14       000000
__Ltext2                    text2        000000
__Ltext3                    text3        000000
__Ltext4                    text4        000000
__Ltext5                    text5        000000
__Ltext6                    text6        000000
__Ltext7                    text7        000000
__Ltext8                    text8        000000
__Ltext9                    text9        000000
__S0                        (abs)        000960
__S1                        (abs)        0000AE
__S4                        (abs)        000000
__S5                        (abs)        000000
___heap_hi                  (abs)        000000
___heap_lo                  (abs)        000000
___inthi_sp                 stack        000000
___intlo_sp                 stack        000000
___lwdiv                    text8        00073C
___lwdiv@counter            cstackCOMRAM 000014
___lwdiv@dividend           cstackCOMRAM 000010
___lwdiv@divisor            cstackCOMRAM 000012
___lwdiv@quotient           cstackCOMRAM 000015
___param_bank               (abs)        000000
___rparam_used              (abs)        000001
___sp                       stack        000000
___wmul                     text7        000900
___wmul@multiplicand        cstackCOMRAM 00000C
___wmul@multiplier          cstackCOMRAM 00000A
___wmul@product             cstackCOMRAM 00000E
__accesstop                 (abs)        000060
__activetblptr              (abs)        000000
__end_of_HighISR            intcode_body 00080E
__end_of_LowISR             intcodelo    00007A
__end_of___lwdiv            text8        0007B0
__end_of___wmul             text7        000926
__end_of__initialization    cinit        00093E
__end_of_fullSpeedBackwards text5        000626
__end_of_getCharFromTxBuf   text14       0008D6
__end_of_initDCmotorsPWM    text9        0006B6
__end_of_isDataInTxBuf      text13       000960
__end_of_main               text0        00073C
__end_of_putCharToRxBuf     text12       000900
__end_of_setMotorPWM        text6        00047A
__end_of_stop               text4        00030E
__end_of_turnRight          text3        000550
__end_of_turnRight90        text2        000868
__end_of_yellowInstructions text1        0008AA
__initialization            cinit        000926
__mediumconst               mediumconst  000000
__pbssBANK0                 bssBANK0     000060
__pbssCOMRAM                bssCOMRAM    000030
__pcinit                    cinit        000926
__pcstackBANK0              cstackBANK0  00009C
__pcstackCOMRAM             cstackCOMRAM 000001
__pintcode                  intcode      000008
__pintcode_body             intcode_body 0007B0
__pintcodelo                intcodelo    000018
__ptext0                    text0        0006B6
__ptext1                    text1        000868
__ptext12                   text12       0008D6
__ptext13                   text13       000948
__ptext14                   text14       0008AA
__ptext2                    text2        00080E
__ptext3                    text3        00047A
__ptext4                    text4        00007E
__ptext5                    text5        000550
__ptext6                    text6        00030E
__ptext7                    text7        000900
__ptext8                    text8        00073C
__ptext9                    text9        000626
__ramtop                    ramtop       000E00
__smallconst                smallconst   000000
_fullSpeedBackwards         text5        000550
_getCharFromTxBuf           text14       0008AA
_initDCmotorsPWM            text9        000626
_isDataInTxBuf              text13       000948
_main                       text0        0006B6
_putCharToRxBuf             text12       0008D6
_setMotorPWM                text6        00030E
_stop                       text4        00007E
_tmr_ovf                    bssCOMRAM    000044
_turnRight                  text3        00047A
_turnRight90                text2        00080E
_yellowInstructions         text1        000868
btemp                       temp         000049
end_of_initialization       cinit        00093E
fullSpeedBackwards@mL       cstackCOMRAM 00001D
fullSpeedBackwards@mR       cstackCOMRAM 00001F
initDCmotorsPWM@PWMperiod   cstackCOMRAM 00000A
int$flags                   temp         000049
int_func                    intcode_body 0007B0
intlevel0                   text         000000
intlevel1                   text         000000
intlevel2                   text         000000
intlevel3                   text         000000
isa$std                     (abs)        000001
isa$xinst                   (abs)        000000
main@motorL                 cstackBANK0  00009C
main@motorR                 cstackBANK0  0000A5
putCharToRxBuf@byte         cstackCOMRAM 000001
setMotorPWM@m               cstackCOMRAM 000017
setMotorPWM@negDuty         cstackCOMRAM 00001C
setMotorPWM@posDuty         cstackCOMRAM 00001B
stackhi                     (abs)        000000
stacklo                     (abs)        000000
start                       init         00007A
start_initialization        cinit        000926
stop@mL                     cstackCOMRAM 00001D
stop@mR                     cstackCOMRAM 00001F
ttemp5                      temp         00004A
ttemp6                      temp         00004D
ttemp7                      temp         000051
turnRight90@a               cstackCOMRAM 000027
turnRight90@mL              cstackCOMRAM 000023
turnRight90@mR              cstackCOMRAM 000025
turnRight@mL                cstackCOMRAM 00001D
turnRight@mR                cstackCOMRAM 00001F
wtemp8                      temp         00004A
yellowInstructions@mL       cstackCOMRAM 000028
yellowInstructions@mR       cstackCOMRAM 00002A


MODULE INFORMATION

Module		Function		Class		Link	Load	Size
serial.c
		_putCharToRxBuf		CODE           	08D6	0000	42
		_isDataInTxBuf 		CODE           	0948	0000	24
		_getCharFromTxBuf		CODE           	08AA	0000	44

serial.c estimated size: 110

C:\Program Files\Microchip\xc8\v2.40\pic\sources\c99\common\lwdiv.c
		___lwdiv       		CODE           	073C	0000	116

C:\Program Files\Microchip\xc8\v2.40\pic\sources\c99\common\lwdiv.c estimated size: 116

C:\Program Files\Microchip\xc8\v2.40\pic\sources\c99\common\Umul16.c
		___wmul        		CODE           	0900	0000	38

C:\Program Files\Microchip\xc8\v2.40\pic\sources\c99\common\Umul16.c estimated size: 38

dc_motor.c
		_stop          		CODE           	007E	0000	656
		_initDCmotorsPWM		CODE           	0626	0000	144
		_turnRight     		CODE           	047A	0000	214
		_turnRight90   		CODE           	080E	0000	90
		_setMotorPWM   		CODE           	030E	0000	364
		_yellowInstructions		CODE           	0868	0000	66
		_fullSpeedBackwards		CODE           	0550	0000	214

dc_motor.c estimated size: 1748

interrupts.c
		_LowISR        		CODE           	0018	0000	98
		_HighISR       		CODE           	0008	0000	100

interrupts.c estimated size: 198

main_motor.c
		_main          		CODE           	06B6	0000	134

main_motor.c estimated size: 134

shared
		__initialization		CODE           	0926	0000	24

shared estimated size: 24

