Microchip MPLAB XC8 Compiler V2.40

Linker command line:

-W-3 --edf=D:\MPLAB_COMPILER\pic\dat\20220703182018_en.msgs -cn \
  -h+dist/default/production\final-project-dharshannan-and-pablo.X.production.sym \
  --cmf=dist/default/production\final-project-dharshannan-and-pablo.X.production.cmf \
  -z -Q18F67K40 -oC:\Users\User\AppData\Local\Temp\xcAsi94.4 \
  --defsym=__MPLAB_BUILD=1 --fixupoverflow=error \
  -Mdist/default/production/final-project-dharshannan-and-pablo.X.production.map \
  --md=C:\Users\User\AppData\Local\Temp\xcAsi94.dat -E1 -ver=XC8 Compiler \
  --acfsm=1493 -ACODE=00h-01FFFFh -ACONST=00h-01FFFFh \
  -ASMALLCONST=0E00h-0EFFhx498 -AMEDIUMCONST=0E00h-0FFFFh,010E00h-01FFFFh \
  -ACOMRAM=01h-05Fh -AABS1=00h-0DE9h -ABIGRAM=01h-0DE9h \
  -ARAM=060h-0FFh,0100h-01FFhx12,0D00h-0DE9h -ABANK0=060h-0FFh \
  -ABANK1=0100h-01FFh -ABANK2=0200h-02FFh -ABANK3=0300h-03FFh \
  -ABANK4=0400h-04FFh -ABANK5=0500h-05FFh -ABANK6=0600h-06FFh \
  -ABANK7=0700h-07FFh -ABANK8=0800h-08FFh -ABANK9=0900h-09FFh \
  -ABANK10=0A00h-0AFFh -ABANK11=0B00h-0BFFh -ABANK12=0C00h-0CFFh \
  -ABANK13=0D00h-0DE9h \
  -ASFR=0DEFh-0DFFh,0E00h-0EFFh,0F00h-0F5Fh,0F60h-0FFFh \
  -ABIGSFR=0DEFh-0FFFh -ACONFIG=0300000h-030000Bh -AIDLOC=0200000h-020000Fh \
  -AEEDATA=0310000h-03103FFh -peeprom_data=EEDATA \
  -preset_vec=00h,intcode=08h,intcodelo=018h,powerup,init -pramtop=0E00h \
  -psmallconst=SMALLCONST -pmediumconst=MEDIUMCONST -pconst=CONST \
  -AFARRAM=00h-00h \
  -prdata=COMRAM,nvrram=COMRAM,nvbit=COMRAM,rbss=COMRAM,rbit=COMRAM \
  -pfarbss=FARRAM,fardata=FARRAM,nvFARRAM=FARRAM \
  -pintsave_regs=BIGRAM,bigbss=BIGRAM,bigdata=BIGRAM -pbss=RAM \
  -pidata=CODE,irdata=CODE,ibigdata=CODE,ifardata=CODE -prparam=COMRAM \
  C:\Users\User\AppData\Local\Temp\xcAsi94.o \
  dist/default/production\final-project-dharshannan-and-pablo.X.production.o 

Object code version is 3.11

Machine type is 18F67K40



                Name                               Link     Load   Length Selector   Space Scale
C:\Users\User\AppData\Local\Temp\xcAsi94.o
                idloc                            200000   200000       10        0       5
                config                           300000   300000        C        0       4
                init                                 58       58        4        C       0
                reset_vec                             0        0        4        0       0
dist/default/production\final-project-dharshannan-and-pablo.X.production.o
                intcodelo                            18       18       40        C       0
                intcode                               8        8        6        4       0
                idloc                            200000   200000       10        0       5
                config                           300000   300000        C        0       4
                temp                                 57       57        1        1       1
                text55                             22D8     22D8       28        C       0
                text54                             244E     244E        A        C       0
                text53                             2444     2444        A        C       0
                text52                             241A     241A        C        C       0
                text51                             23AE     23AE       20        C       0
                text50                             217C     217C       4E        C       0
                text49                             23E8     23E8       1A        C       0
                intcode_body                       234C     234C       22        C       0
                text46                             22B0     22B0       28        C       0
                text45                             243A     243A        A        C       0
                text44                             2430     2430        A        C       0
                text43                             240E     240E        C        C       0
                text42                             238E     238E       20        C       0
                text41                             212E     212E       4E        C       0
                text40                             23CE     23CE       1A        C       0
                text39                             2326     2326       26        C       0
                text38                             2402     2402        C        C       0
                text37                             1DB4     1DB4       74        C       0
                text36                             2300     2300       26        C       0
                text35                              FF0      FF0      16C        C       0
                text34                             17A4     17A4       D6        C       0
                text33                             187A     187A       D4        C       0
                text32                             15E0     15E0       EE        C       0
                text31                             1F94     1F94       5A        C       0
                text30                             194E     194E       B2        C       0
                text29                             1D2E     1D2E       86        C       0
                text28                             1F3A     1F3A       5A        C       0
                text27                             1CA8     1CA8       86        C       0
                text26                             14F2     14F2       EE        C       0
                text25                             1EE0     1EE0       5A        C       0
                text24                             1C22     1C22       86        C       0
                text23                             1B9C     1B9C       86        C       0
                text22                             1E86     1E86       5A        C       0
                text21                             1B16     1B16       86        C       0
                text20                             1A90     1A90       86        C       0
                text19                             12B6     12B6      134        C       0
                text18                             236E     236E       20        C       0
                text17                             2210     2210       42        C       0
                text16                             2426     2426        A        C       0
                text15                             20DE     20DE       50        C       0
                text14                             208E     208E       50        C       0
                text13                             203E     203E       50        C       0
                text12                             1FEE     1FEE       50        C       0
                text11                             1E28     1E28       5E        C       0
                text10                             2458     2458        8        C       0
                text9                              2286     2286       2A        C       0
                text8                              2252     2252       34        C       0
                text7                               AA2      AA2      39A        C       0
                text6                               678      678      42A        C       0
                text5                              13EA     13EA      108        C       0
                text4                               E3C      E3C      1B4        C       0
                text3                                5C       5C      61C        C       0
                text2                              16CE     16CE       D6        C       0
                text1                              1A00     1A00       90        C       0
                text0                              115C     115C      15A        C       0
                cstackCOMRAM                          1        1       4E        1       1
                cstackBANK0                          B4       B4       34       60       1
                bssBANK1                            100      100       50      100       1
                bssBANK0                             60       60       54       60       1
                dataCOMRAM                           55       55        2        1       1
                bssCOMRAM                            4F       4F        6        1       1
                cinit                              21CA     21CA       46        C       0
                idataCOMRAM                        2460     2460        2        C       0

TOTAL           Name                               Link     Load   Length     Space
        CLASS   CODE           
                intcodelo                            18       18       40         0
                intcode                               8        8        6         0
                init                                 58       58        4         0
                reset_vec                             0        0        4         0
                text55                             22D8     22D8       28         0
                text54                             244E     244E        A         0
                text53                             2444     2444        A         0
                text52                             241A     241A        C         0
                text51                             23AE     23AE       20         0
                text50                             217C     217C       4E         0
                text49                             23E8     23E8       1A         0
                intcode_body                       234C     234C       22         0
                text46                             22B0     22B0       28         0
                text45                             243A     243A        A         0
                text44                             2430     2430        A         0
                text43                             240E     240E        C         0
                text42                             238E     238E       20         0
                text41                             212E     212E       4E         0
                text40                             23CE     23CE       1A         0
                text39                             2326     2326       26         0
                text38                             2402     2402        C         0
                text37                             1DB4     1DB4       74         0
                text36                             2300     2300       26         0
                text35                              FF0      FF0      16C         0
                text34                             17A4     17A4       D6         0
                text33                             187A     187A       D4         0
                text32                             15E0     15E0       EE         0
                text31                             1F94     1F94       5A         0
                text30                             194E     194E       B2         0
                text29                             1D2E     1D2E       86         0
                text28                             1F3A     1F3A       5A         0
                text27                             1CA8     1CA8       86         0
                text26                             14F2     14F2       EE         0
                text25                             1EE0     1EE0       5A         0
                text24                             1C22     1C22       86         0
                text23                             1B9C     1B9C       86         0
                text22                             1E86     1E86       5A         0
                text21                             1B16     1B16       86         0
                text20                             1A90     1A90       86         0
                text19                             12B6     12B6      134         0
                text18                             236E     236E       20         0
                text17                             2210     2210       42         0
                text16                             2426     2426        A         0
                text15                             20DE     20DE       50         0
                text14                             208E     208E       50         0
                text13                             203E     203E       50         0
                text12                             1FEE     1FEE       50         0
                text11                             1E28     1E28       5E         0
                text10                             2458     2458        8         0
                text9                              2286     2286       2A         0
                text8                              2252     2252       34         0
                text7                               AA2      AA2      39A         0
                text6                               678      678      42A         0
                text5                              13EA     13EA      108         0
                text4                               E3C      E3C      1B4         0
                text3                                5C       5C      61C         0
                text2                              16CE     16CE       D6         0
                text1                              1A00     1A00       90         0
                text0                              115C     115C      15A         0
                cinit                              21CA     21CA       46         0
                idataCOMRAM                        2460     2460        2         0

        CLASS   CONST          

        CLASS   SMALLCONST     

        CLASS   MEDIUMCONST    

        CLASS   COMRAM         
                temp                                 57       57        1         1
                cstackCOMRAM                          1        1       4E         1
                dataCOMRAM                           55       55        2         1
                bssCOMRAM                            4F       4F        6         1

        CLASS   ABS1           

        CLASS   BIGRAM         

        CLASS   RAM            

        CLASS   BANK0          
                cstackBANK0                          B4       B4       34         1
                bssBANK0                             60       60       54         1

        CLASS   BANK1          
                bssBANK1                            100      100       50         1

        CLASS   BANK2          

        CLASS   BANK3          

        CLASS   BANK4          

        CLASS   BANK5          

        CLASS   BANK6          

        CLASS   BANK7          

        CLASS   BANK8          

        CLASS   BANK9          

        CLASS   BANK10         

        CLASS   BANK11         

        CLASS   BANK12         

        CLASS   BANK13         

        CLASS   SFR            

        CLASS   BIGSFR         

        CLASS   CONFIG         
                config                           300000   300000        C         4

        CLASS   IDLOC          
                idloc                            200000   200000       10         5

        CLASS   EEDATA         

        CLASS   FARRAM         

        CLASS   HEAP           

        CLASS   STACK          



SEGMENTS        Name                           Load    Length   Top    Selector   Space  Class

                reset_vec                      000000  000004  000004         0       0  CODE    
                cstackCOMRAM                   000001  000057  000058         1       1  COMRAM  
                intcode                        000008  000006  00000E         4       0  CODE    
                intcodelo                      000018  00244A  002462         C       0  CODE    
                bssBANK0                       000060  000088  0000E8        60       1  BANK0   
                bssBANK1                       000100  000050  000150       100       1  BANK1   


UNUSED ADDRESS RANGES

        Name                Unused          Largest block    Delta
        BANK0            0000E8-0000FF               18
        BANK1            000150-0001FF               B0
        BANK10           000A00-000AFF              100
        BANK11           000B00-000BFF              100
        BANK12           000C00-000CFF              100
        BANK13           000D00-000DE9               EA
        BANK2            000200-0002FF              100
        BANK3            000300-0003FF              100
        BANK4            000400-0004FF              100
        BANK5            000500-0005FF              100
        BANK6            000600-0006FF              100
        BANK7            000700-0007FF              100
        BANK8            000800-0008FF              100
        BANK9            000900-0009FF              100
        BIGRAM           000058-00005F                8
                         0000E8-0000FF               18
                         000150-000DE9              C9A
        BIGSFR           000DEF-000FFF              211
        CODE             000004-000007                4
                         00000E-000017                A
                         002462-01FFFF            1DB9E
        COMRAM           000058-00005F                8
        CONST            000004-000007                4
                         00000E-000017                A
                         002462-01FFFF            1DB9E
        EEDATA           310000-3103FF              400
        MEDIUMCONST      002462-00FFFF             DB9E
                         010E00-01FFFF             F200
        RAM              0000E8-0000FF               18
                         000150-000DE9              100
        SFR              000DEF-000FFF              100
        SMALLCONST       002462-01FFFF              100

                                  Symbol Table

?___fldiv                              cstackCOMRAM 000017
?___flmul                              cstackCOMRAM 000030
?___fltol                              cstackCOMRAM 000049
?___lwdiv                              cstackCOMRAM 00000F
?___wmul                               cstackCOMRAM 000009
?___xxtofl                             cstackCOMRAM 000009
?_color_read_Blue                      cstackCOMRAM 00000D
?_color_read_Clear                     cstackCOMRAM 00000D
?_color_read_Green                     cstackCOMRAM 00000D
?_color_read_Red                       cstackCOMRAM 00000D
BlueInstructions@a                     cstackCOMRAM 00002D
BlueInstructions@mL                    cstackCOMRAM 000027
BlueInstructions@mR                    cstackCOMRAM 000029
GreenInstructions@a                    cstackCOMRAM 00002D
GreenInstructions@mL                   cstackCOMRAM 000027
GreenInstructions@mR                   cstackCOMRAM 000029
I2C_2_Master_Read@ack                  cstackCOMRAM 00000B
I2C_2_Master_Read@tmp                  cstackCOMRAM 00000C
I2C_2_Master_Write@data_byte           cstackCOMRAM 00000A
LightBlueInstructions@a                cstackCOMRAM 00002D
LightBlueInstructions@mL               cstackCOMRAM 000027
LightBlueInstructions@mR               cstackCOMRAM 000029
MoveBuggy@color_detected               cstackCOMRAM 00002E
MoveBuggy@mL                           cstackCOMRAM 000030
MoveBuggy@mR                           cstackCOMRAM 000032
OrangeInstructions@a                   cstackCOMRAM 00002D
OrangeInstructions@mL                  cstackCOMRAM 000027
OrangeInstructions@mR                  cstackCOMRAM 000029
PinkInstructions@a                     cstackCOMRAM 00002D
PinkInstructions@mL                    cstackCOMRAM 000027
PinkInstructions@mR                    cstackCOMRAM 000029
RedInstructions@a                      cstackCOMRAM 00002D
RedInstructions@mL                     cstackCOMRAM 000027
RedInstructions@mR                     cstackCOMRAM 000029
Update_RGBC@tempval                    cstackCOMRAM 000014
YellowInstructions@a                   cstackCOMRAM 00002D
YellowInstructions@mL                  cstackCOMRAM 000027
YellowInstructions@mR                  cstackCOMRAM 000029
_ANSELBbits                            (abs)        000E9A
_ANSELDbits                            (abs)        000EA7
_BAUD4CONbits                          (abs)        000EE9
_BlueInstructions                      text30       00194E
_CCP1CONbits                           (abs)        000FAB
_CCP2CONbits                           (abs)        000FA7
_CCP3CONbits                           (abs)        000F26
_CCP4CONbits                           (abs)        000F22
_CCPR1H                                (abs)        000FAA
_CCPR2H                                (abs)        000FA6
_CCPR3H                                (abs)        000F25
_CCPR4H                                (abs)        000F21
_CCPTMRS0bits                          (abs)        000FAD
_EUSART4RXbuf                          bssBANK0     00009C
_EUSART4TXbuf                          bssBANK0     000060
_GreenInstructions                     text29       001D2E
_HighISR                               intcode      000008
_I2C_2_Master_Idle                     text46       0022B0
_I2C_2_Master_Init                     text9        002286
_I2C_2_Master_Read                     text17       002210
_I2C_2_Master_RepStart                 text16       002426
_I2C_2_Master_Start                    text45       00243A
_I2C_2_Master_Stop                     text44       002430
_I2C_2_Master_Write                    text43       00240E
_INT1PPS                               (abs)        000DF1
_INTCONbits                            (abs)        000FF2
_IPR0bits                              (abs)        000E1F
_Interrupts_init                       text39       002326
_LATAbits                              (abs)        000F79
_LATCbits                              (abs)        000F7B
_LATEbits                              (abs)        000F7D
_LATFbits                              (abs)        000F7E
_LATGbits                              (abs)        000F7F
_LATHbits                              (abs)        000F80
_LED_init                              text38       002402
_LightBlueInstructions                 text27       001CA8
_LowISR                                intcodelo    000018
_MoveBuggy                             text19       0012B6
_OrangeInstructions                    text24       001C22
_PIE0bits                              (abs)        000E29
_PIE4bits                              (abs)        000E2D
_PIR0bits                              (abs)        000E33
_PIR4bits                              (abs)        000E37
_PinkInstructions                      text23       001B9C
_RC0PPS                                (abs)        000E62
_RC4REG                                (abs)        000EE3
_RC4STAbits                            (abs)        000EE7
_RC7PPS                                (abs)        000E69
_RD5PPS                                (abs)        000E6F
_RD6PPS                                (abs)        000E70
_RE2PPS                                (abs)        000E74
_RE4PPS                                (abs)        000E76
_RG6PPS                                (abs)        000E88
_RX4PPS                                (abs)        000E15
_RedInstructions                       text21       001B16
_RxBufReadCnt                          bssCOMRAM    000053
_RxBufWriteCnt                         bssCOMRAM    000054
_SP4BRGH                               (abs)        000EE6
_SP4BRGL                               (abs)        000EE5
_SSP2ADD                               (abs)        000ED6
_SSP2BUF                               (abs)        000ED5
_SSP2CLKPPS                            (abs)        000E1C
_SSP2CON1bits                          (abs)        000ED9
_SSP2CON2                              (abs)        000EDA
_SSP2CON2bits                          (abs)        000EDA
_SSP2DATPPS                            (abs)        000E1D
_SSP2STAT                              (abs)        000ED8
_T0CON0bits                            (abs)        000FD5
_T0CON1bits                            (abs)        000FD6
_T2CLKCONbits                          (abs)        000FBF
_T2CONbits                             (abs)        000FBD
_T2HLTbits                             (abs)        000FBE
_T2PR                                  (abs)        000FBC
_TMR0H                                 (abs)        000FD4
_TMR0L                                 (abs)        000FD3
_TRISAbits                             (abs)        000F81
_TRISBbits                             (abs)        000F82
_TRISCbits                             (abs)        000F83
_TRISDbits                             (abs)        000F84
_TRISEbits                             (abs)        000F85
_TRISFbits                             (abs)        000F86
_TRISGbits                             (abs)        000F87
_TRISHbits                             (abs)        000F88
_TX4REG                                (abs)        000EE4
_TX4STAbits                            (abs)        000EE8
_Timer0_init                           text18       00236E
_TxBufReadCnt                          bssCOMRAM    000051
_TxBufWriteCnt                         bssCOMRAM    000052
_Update_RGBC                           text11       001E28
_WhiteLight                            text10       002458
_YellowInstructions                    text20       001A90
__HRAM                                 (abs)        000000
__Habs1                                abs1         000000
__Hbank0                               bank0        000000
__Hbank1                               bank1        000000
__Hbank10                              bank10       000000
__Hbank11                              bank11       000000
__Hbank12                              bank12       000000
__Hbank13                              bank13       000000
__Hbank2                               bank2        000000
__Hbank3                               bank3        000000
__Hbank4                               bank4        000000
__Hbank5                               bank5        000000
__Hbank6                               bank6        000000
__Hbank7                               bank7        000000
__Hbank8                               bank8        000000
__Hbank9                               bank9        000000
__Hbigbss                              bigbss       000000
__Hbigdata                             bigdata      000000
__Hbigram                              bigram       000000
__Hbigsfr                              bigsfr       000000
__Hbss                                 bss          000000
__HbssBANK0                            bssBANK0     000000
__HbssBANK1                            bssBANK1     000000
__HbssCOMRAM                           bssCOMRAM    000000
__Hcinit                               cinit        000000
__Hclrtext                             clrtext      000000
__Hcomram                              comram       000000
__Hconfig                              config       30000C
__Hconst                               const        000000
__HcstackBANK0                         cstackBANK0  000000
__HcstackCOMRAM                        cstackCOMRAM 000000
__Hdata                                data         000000
__HdataCOMRAM                          dataCOMRAM   000000
__Heeprom_data                         eeprom_data  000000
__Hfarbss                              farbss       000000
__Hfardata                             fardata      000000
__Hheap                                heap         000000
__Hibigdata                            ibigdata     000000
__Hidata                               idata        000000
__HidataCOMRAM                         idataCOMRAM  000000
__Hidloc                               idloc        200010
__Hifardata                            ifardata     000000
__Hinit                                init         00005C
__Hintcode                             intcode      00000E
__Hintcode_body                        intcode_body 000000
__Hintcodelo                           intcodelo    000058
__Hintentry                            intentry     000000
__Hintret                              intret       000000
__Hintsave_regs                        intsave_regs 000000
__Hirdata                              irdata       000000
__Hmediumconst                         mediumconst  000000
__HnvFARRAM                            nvFARRAM     000000
__Hnvbit                               nvbit        000000
__Hnvrram                              nvrram       000000
__Hparam                               rparam       000000
__Hpowerup                             powerup      000058
__Hram                                 ram          000000
__Hramtop                              ramtop       000E00
__Hrbit                                rbit         000000
__Hrbss                                rbss         000000
__Hrdata                               rdata        000000
__Hreset_vec                           reset_vec    000004
__Hrparam                              rparam       000000
__Hsfr                                 sfr          000000
__Hsmallconst                          smallconst   000000
__Hspace_0                             (abs)        002462
__Hspace_1                             (abs)        000150
__Hspace_2                             (abs)        000000
__Hspace_4                             (abs)        60000C
__Hstack                               stack        000000
__Hstruct                              struct       000000
__Htemp                                temp         000058
__Htext                                text         000000
__Htext0                               text0        000000
__Htext1                               text1        000000
__Htext10                              text10       000000
__Htext11                              text11       000000
__Htext12                              text12       000000
__Htext13                              text13       000000
__Htext14                              text14       000000
__Htext15                              text15       000000
__Htext16                              text16       000000
__Htext17                              text17       000000
__Htext18                              text18       000000
__Htext19                              text19       000000
__Htext2                               text2        000000
__Htext20                              text20       000000
__Htext21                              text21       000000
__Htext22                              text22       000000
__Htext23                              text23       000000
__Htext24                              text24       000000
__Htext25                              text25       000000
__Htext26                              text26       000000
__Htext27                              text27       000000
__Htext28                              text28       000000
__Htext29                              text29       000000
__Htext3                               text3        000000
__Htext30                              text30       000000
__Htext31                              text31       000000
__Htext32                              text32       000000
__Htext33                              text33       000000
__Htext34                              text34       000000
__Htext35                              text35       000000
__Htext36                              text36       000000
__Htext37                              text37       000000
__Htext38                              text38       000000
__Htext39                              text39       000000
__Htext4                               text4        000000
__Htext40                              text40       000000
__Htext41                              text41       000000
__Htext42                              text42       000000
__Htext43                              text43       000000
__Htext44                              text44       000000
__Htext45                              text45       000000
__Htext46                              text46       000000
__Htext49                              text49       000000
__Htext5                               text5        000000
__Htext50                              text50       000000
__Htext51                              text51       000000
__Htext52                              text52       000000
__Htext53                              text53       000000
__Htext54                              text54       000000
__Htext55                              text55       000000
__Htext6                               text6        000000
__Htext7                               text7        000000
__Htext8                               text8        000000
__Htext9                               text9        000000
__LRAM                                 (abs)        000001
__Labs1                                abs1         000000
__Lbank0                               bank0        000000
__Lbank1                               bank1        000000
__Lbank10                              bank10       000000
__Lbank11                              bank11       000000
__Lbank12                              bank12       000000
__Lbank13                              bank13       000000
__Lbank2                               bank2        000000
__Lbank3                               bank3        000000
__Lbank4                               bank4        000000
__Lbank5                               bank5        000000
__Lbank6                               bank6        000000
__Lbank7                               bank7        000000
__Lbank8                               bank8        000000
__Lbank9                               bank9        000000
__Lbigbss                              bigbss       000000
__Lbigdata                             bigdata      000000
__Lbigram                              bigram       000000
__Lbigsfr                              bigsfr       000000
__Lbss                                 bss          000000
__LbssBANK0                            bssBANK0     000000
__LbssBANK1                            bssBANK1     000000
__LbssCOMRAM                           bssCOMRAM    000000
__Lcinit                               cinit        000000
__Lclrtext                             clrtext      000000
__Lcomram                              comram       000000
__Lconfig                              config       000000
__Lconst                               const        000000
__LcstackBANK0                         cstackBANK0  000000
__LcstackCOMRAM                        cstackCOMRAM 000000
__Ldata                                data         000000
__LdataCOMRAM                          dataCOMRAM   000000
__Leeprom_data                         eeprom_data  000000
__Lfarbss                              farbss       000000
__Lfardata                             fardata      000000
__Lheap                                heap         000000
__Libigdata                            ibigdata     000000
__Lidata                               idata        000000
__LidataCOMRAM                         idataCOMRAM  000000
__Lidloc                               idloc        000000
__Lifardata                            ifardata     000000
__Linit                                init         000058
__Lintcode                             intcode      000008
__Lintcode_body                        intcode_body 000000
__Lintcodelo                           intcodelo    000018
__Lintentry                            intentry     000000
__Lintret                              intret       000000
__Lintsave_regs                        intsave_regs 000000
__Lirdata                              irdata       000000
__Lmediumconst                         mediumconst  000000
__LnvFARRAM                            nvFARRAM     000000
__Lnvbit                               nvbit        000000
__Lnvrram                              nvrram       000000
__Lparam                               rparam       000000
__Lpowerup                             powerup      000058
__Lram                                 ram          000000
__Lramtop                              ramtop       000E00
__Lrbit                                rbit         000000
__Lrbss                                rbss         000000
__Lrdata                               rdata        000000
__Lreset_vec                           reset_vec    000000
__Lrparam                              rparam       000000
__Lsfr                                 sfr          000000
__Lsmallconst                          smallconst   000000
__Lspace_0                             (abs)        000000
__Lspace_1                             (abs)        000000
__Lspace_2                             (abs)        000000
__Lspace_4                             (abs)        000000
__Lstack                               stack        000000
__Lstruct                              struct       000000
__Ltemp                                temp         000057
__Ltext                                text         000000
__Ltext0                               text0        000000
__Ltext1                               text1        000000
__Ltext10                              text10       000000
__Ltext11                              text11       000000
__Ltext12                              text12       000000
__Ltext13                              text13       000000
__Ltext14                              text14       000000
__Ltext15                              text15       000000
__Ltext16                              text16       000000
__Ltext17                              text17       000000
__Ltext18                              text18       000000
__Ltext19                              text19       000000
__Ltext2                               text2        000000
__Ltext20                              text20       000000
__Ltext21                              text21       000000
__Ltext22                              text22       000000
__Ltext23                              text23       000000
__Ltext24                              text24       000000
__Ltext25                              text25       000000
__Ltext26                              text26       000000
__Ltext27                              text27       000000
__Ltext28                              text28       000000
__Ltext29                              text29       000000
__Ltext3                               text3        000000
__Ltext30                              text30       000000
__Ltext31                              text31       000000
__Ltext32                              text32       000000
__Ltext33                              text33       000000
__Ltext34                              text34       000000
__Ltext35                              text35       000000
__Ltext36                              text36       000000
__Ltext37                              text37       000000
__Ltext38                              text38       000000
__Ltext39                              text39       000000
__Ltext4                               text4        000000
__Ltext40                              text40       000000
__Ltext41                              text41       000000
__Ltext42                              text42       000000
__Ltext43                              text43       000000
__Ltext44                              text44       000000
__Ltext45                              text45       000000
__Ltext46                              text46       000000
__Ltext49                              text49       000000
__Ltext5                               text5        000000
__Ltext50                              text50       000000
__Ltext51                              text51       000000
__Ltext52                              text52       000000
__Ltext53                              text53       000000
__Ltext54                              text54       000000
__Ltext55                              text55       000000
__Ltext6                               text6        000000
__Ltext7                               text7        000000
__Ltext8                               text8        000000
__Ltext9                               text9        000000
__S0                                   (abs)        002462
__S1                                   (abs)        000150
__S4                                   (abs)        000000
__S5                                   (abs)        000000
___fldiv                               text7        000AA2
___fldiv@a                             cstackCOMRAM 00001B
___fldiv@aexp                          cstackCOMRAM 00002F
___fldiv@b                             cstackCOMRAM 000017
___fldiv@bexp                          cstackCOMRAM 00002E
___fldiv@grs                           cstackCOMRAM 00002A
___fldiv@new_exp                       cstackCOMRAM 000028
___fldiv@rem                           cstackCOMRAM 000023
___fldiv@sign                          cstackCOMRAM 000027
___flmul                               text6        000678
___flmul@a                             cstackCOMRAM 000034
___flmul@aexp                          cstackCOMRAM 000041
___flmul@b                             cstackCOMRAM 000030
___flmul@bexp                          cstackCOMRAM 000042
___flmul@grs                           cstackCOMRAM 00003D
___flmul@prod                          cstackCOMRAM 000043
___flmul@sign                          cstackCOMRAM 00003C
___flmul@temp                          cstackCOMRAM 000047
___fltol                               text5        0013EA
___fltol@exp1                          cstackCOMRAM 00004E
___fltol@f1                            cstackCOMRAM 000049
___fltol@sign1                         cstackCOMRAM 00004D
___heap_hi                             (abs)        000000
___heap_lo                             (abs)        000000
___inthi_sp                            stack        000000
___intlo_sp                            stack        000000
___lwdiv                               text37       001DB4
___lwdiv@counter                       cstackCOMRAM 000015
___lwdiv@dividend                      cstackCOMRAM 00000F
___lwdiv@divisor                       cstackCOMRAM 000011
___lwdiv@quotient                      cstackCOMRAM 000013
___param_bank                          (abs)        000000
___rparam_used                         (abs)        000001
___sp                                  stack        000000
___wmul                                text36       002300
___wmul@multiplicand                   cstackCOMRAM 00000B
___wmul@multiplier                     cstackCOMRAM 000009
___wmul@product                        cstackCOMRAM 00000D
___xxtofl                              text4        000E3C
___xxtofl@arg                          cstackCOMRAM 000013
___xxtofl@exp                          cstackCOMRAM 000012
___xxtofl@sign                         cstackCOMRAM 000011
___xxtofl@val                          cstackCOMRAM 000009
__accesstop                            (abs)        000060
__activetblptr                         (abs)        000000
__end_of_BlueInstructions              text30       001A00
__end_of_GreenInstructions             text29       001DB4
__end_of_HighISR                       intcode_body 00236E
__end_of_I2C_2_Master_Idle             text46       0022D8
__end_of_I2C_2_Master_Init             text9        0022B0
__end_of_I2C_2_Master_Read             text17       002252
__end_of_I2C_2_Master_RepStart         text16       002430
__end_of_I2C_2_Master_Start            text45       002444
__end_of_I2C_2_Master_Stop             text44       00243A
__end_of_I2C_2_Master_Write            text43       00241A
__end_of_Interrupts_init               text39       00234C
__end_of_LED_init                      text38       00240E
__end_of_LightBlueInstructions         text27       001D2E
__end_of_LowISR                        intcodelo    000058
__end_of_MoveBuggy                     text19       0013EA
__end_of_OrangeInstructions            text24       001CA8
__end_of_PinkInstructions              text23       001C22
__end_of_RedInstructions               text21       001B9C
__end_of_Timer0_init                   text18       00238E
__end_of_Update_RGBC                   text11       001E86
__end_of_WhiteLight                    text10       002460
__end_of_YellowInstructions            text20       001B16
__end_of___fldiv                       text7        000E3C
__end_of___flmul                       text6        000AA2
__end_of___fltol                       text5        0014F2
__end_of___lwdiv                       text37       001E28
__end_of___wmul                        text36       002326
__end_of___xxtofl                      text4        000FF0
__end_of__initialization               cinit        002206
__end_of_color_click_init              text8        002286
__end_of_color_read_Blue               text15       00212E
__end_of_color_read_Clear              text14       0020DE
__end_of_color_read_Green              text13       00208E
__end_of_color_read_Red                text12       00203E
__end_of_color_writetoaddr             text42       0023AE
__end_of_detect_color                  text3        000678
__end_of_fullSpeedAhead                text2        0017A4
__end_of_fullSpeedBackwards            text34       00187A
__end_of_initDCmotorsPWM               text1        001A90
__end_of_init_colorclick_interrupts    text41       00217C
__end_of_interrupts_clear_colorclick   text40       0023E8
__end_of_main                          text0        0012B6
__end_of_setMotorPWM                   text35       00115C
__end_of_stop                          text33       00194E
__end_of_turnLeft                      text32       0016CE
__end_of_turnLeft135                   text28       001F94
__end_of_turnLeft90                    text31       001FEE
__end_of_turnRight                     text26       0015E0
__end_of_turnRight135                  text25       001F3A
__end_of_turnRight90                   text22       001EE0
__end_ofi2_I2C_2_Master_Idle           text55       002300
__end_ofi2_I2C_2_Master_Start          text54       002458
__end_ofi2_I2C_2_Master_Stop           text53       00244E
__end_ofi2_I2C_2_Master_Write          text52       002426
__end_ofi2_color_writetoaddr           text51       0023CE
__end_ofi2_init_colorclick_interrupts  text50       0021CA
__end_ofi2_interrupts_clear_colorclick text49       002402
__initialization                       cinit        0021CA
__mediumconst                          mediumconst  000000
__pbssBANK0                            bssBANK0     000060
__pbssBANK1                            bssBANK1     000100
__pbssCOMRAM                           bssCOMRAM    00004F
__pcinit                               cinit        0021CA
__pcstackBANK0                         cstackBANK0  0000B4
__pcstackCOMRAM                        cstackCOMRAM 000001
__pdataCOMRAM                          dataCOMRAM   000055
__pidataCOMRAM                         idataCOMRAM  002460
__pintcode                             intcode      000008
__pintcode_body                        intcode_body 00234C
__pintcodelo                           intcodelo    000018
__ptext0                               text0        00115C
__ptext1                               text1        001A00
__ptext10                              text10       002458
__ptext11                              text11       001E28
__ptext12                              text12       001FEE
__ptext13                              text13       00203E
__ptext14                              text14       00208E
__ptext15                              text15       0020DE
__ptext16                              text16       002426
__ptext17                              text17       002210
__ptext18                              text18       00236E
__ptext19                              text19       0012B6
__ptext2                               text2        0016CE
__ptext20                              text20       001A90
__ptext21                              text21       001B16
__ptext22                              text22       001E86
__ptext23                              text23       001B9C
__ptext24                              text24       001C22
__ptext25                              text25       001EE0
__ptext26                              text26       0014F2
__ptext27                              text27       001CA8
__ptext28                              text28       001F3A
__ptext29                              text29       001D2E
__ptext3                               text3        00005C
__ptext30                              text30       00194E
__ptext31                              text31       001F94
__ptext32                              text32       0015E0
__ptext33                              text33       00187A
__ptext34                              text34       0017A4
__ptext35                              text35       000FF0
__ptext36                              text36       002300
__ptext37                              text37       001DB4
__ptext38                              text38       002402
__ptext39                              text39       002326
__ptext4                               text4        000E3C
__ptext40                              text40       0023CE
__ptext41                              text41       00212E
__ptext42                              text42       00238E
__ptext43                              text43       00240E
__ptext44                              text44       002430
__ptext45                              text45       00243A
__ptext46                              text46       0022B0
__ptext49                              text49       0023E8
__ptext5                               text5        0013EA
__ptext50                              text50       00217C
__ptext51                              text51       0023AE
__ptext52                              text52       00241A
__ptext53                              text53       002444
__ptext54                              text54       00244E
__ptext55                              text55       0022D8
__ptext6                               text6        000678
__ptext7                               text7        000AA2
__ptext8                               text8        002252
__ptext9                               text9        002286
__ramtop                               ramtop       000E00
__smallconst                           smallconst   000000
_anti_moves_array                      bssBANK1     000128
_color_click_init                      text8        002252
_color_flag                            bssBANK0     0000B3
_color_read_Blue                       text15       0020DE
_color_read_Clear                      text14       00208E
_color_read_Green                      text13       00203E
_color_read_Red                        text12       001FEE
_color_writetoaddr                     text42       00238E
_detect_color                          text3        00005C
_fullSpeedAhead                        text2        0016CE
_fullSpeedBackwards                    text34       0017A4
_initDCmotorsPWM                       text1        001A00
_init_colorclick_interrupts            text41       00212E
_int_threshold_high                    dataCOMRAM   000055
_int_threshold_low                     bssCOMRAM    00004F
_interrupts_clear_colorclick           text40       0023CE
_main                                  text0        00115C
_moves_index                           bssBANK0     0000B1
_setMotorPWM                           text35       000FF0
_stop                                  text33       00187A
_time_array                            bssBANK1     000100
_time_index                            bssBANK0     0000B0
_tmr_ovf                               bssBANK0     0000B2
_turnLeft                              text32       0015E0
_turnLeft135                           text28       001F3A
_turnLeft90                            text31       001F94
_turnRight                             text26       0014F2
_turnRight135                          text25       001EE0
_turnRight90                           text22       001E86
btemp                                  temp         000057
color_read_Blue@tmp                    cstackCOMRAM 000012
color_read_Clear@tmp                   cstackCOMRAM 000012
color_read_Green@tmp                   cstackCOMRAM 000012
color_read_Red@tmp                     cstackCOMRAM 000012
color_writetoaddr@address              cstackCOMRAM 00000C
color_writetoaddr@value                cstackCOMRAM 00000B
detect_color@color                     cstackBANK0  0000C6
detect_color@dist_B                    cstackBANK0  0000C9
detect_color@dist_G                    cstackBANK0  0000C8
detect_color@dist_R                    cstackBANK0  0000C7
detect_color@tempval                   cstackBANK0  0000B8
end_of_initialization                  cinit        002206
fullSpeedAhead@mL                      cstackCOMRAM 00001C
fullSpeedAhead@mR                      cstackCOMRAM 00001E
fullSpeedBackwards@mL                  cstackCOMRAM 00001C
fullSpeedBackwards@mR                  cstackCOMRAM 00001E
i2I2C_2_Master_Write@data_byte         cstackCOMRAM 000002
i2_I2C_2_Master_Idle                   text55       0022D8
i2_I2C_2_Master_Start                  text54       00244E
i2_I2C_2_Master_Stop                   text53       002444
i2_I2C_2_Master_Write                  text52       00241A
i2_color_writetoaddr                   text51       0023AE
i2_init_colorclick_interrupts          text50       00217C
i2_interrupts_clear_colorclick         text49       0023E8
i2color_writetoaddr@address            cstackCOMRAM 000004
i2color_writetoaddr@value              cstackCOMRAM 000003
initDCmotorsPWM@PWMperiod              cstackCOMRAM 000009
int$flags                              temp         000057
int_func                               intcode_body 00234C
intlevel0                              text         000000
intlevel1                              text         000000
intlevel2                              text         000000
intlevel3                              text         000000
isa$std                                (abs)        000001
isa$xinst                              (abs)        000000
main@b                                 cstackBANK0  0000CC
main@color_detected                    cstackBANK0  0000CD
main@initial_color                     cstackBANK0  0000CE
main@motorL                            cstackBANK0  0000D6
main@motorR                            cstackBANK0  0000DF
setMotorPWM@m                          cstackCOMRAM 000016
setMotorPWM@negDuty                    cstackCOMRAM 00001B
setMotorPWM@posDuty                    cstackCOMRAM 00001A
stackhi                                (abs)        000000
stacklo                                (abs)        000000
start                                  init         000058
start_initialization                   cinit        0021CA
stop@mL                                cstackCOMRAM 00001C
stop@mR                                cstackCOMRAM 00001E
ttemp5                                 temp         000058
ttemp6                                 temp         00005B
ttemp7                                 temp         00005F
turnLeft135@a                          cstackCOMRAM 000026
turnLeft135@mL                         cstackCOMRAM 000022
turnLeft135@mR                         cstackCOMRAM 000024
turnLeft90@a                           cstackCOMRAM 000026
turnLeft90@mL                          cstackCOMRAM 000022
turnLeft90@mR                          cstackCOMRAM 000024
turnLeft@mL                            cstackCOMRAM 00001C
turnLeft@mR                            cstackCOMRAM 00001E
turnRight135@a                         cstackCOMRAM 000026
turnRight135@mL                        cstackCOMRAM 000022
turnRight135@mR                        cstackCOMRAM 000024
turnRight90@a                          cstackCOMRAM 000026
turnRight90@mL                         cstackCOMRAM 000022
turnRight90@mR                         cstackCOMRAM 000024
turnRight@mL                           cstackCOMRAM 00001C
turnRight@mR                           cstackCOMRAM 00001E
wtemp8                                 temp         000058


MODULE INFORMATION

Module		Function		Class		Link	Load	Size
timers.c
		_Timer0_init   		CODE           	236E	0000	32

timers.c estimated size: 32

D:\MPLAB_COMPILER\pic\sources\c99\common\sprcmul.c
		___flmul       		CODE           	0678	0000	1066

D:\MPLAB_COMPILER\pic\sources\c99\common\sprcmul.c estimated size: 1066

D:\MPLAB_COMPILER\pic\sources\c99\common\lwdiv.c
		___lwdiv       		CODE           	1DB4	0000	116

D:\MPLAB_COMPILER\pic\sources\c99\common\lwdiv.c estimated size: 116

color.c
		_Update_RGBC   		CODE           	1E28	0000	94
		_color_writetoaddr		CODE           	238E	0000	32
		_color_click_init		CODE           	2252	0000	52
		_detect_color  		CODE           	005C	0000	1564
		_color_read_Green		CODE           	203E	0000	80
		_color_read_Clear		CODE           	208E	0000	80
		_color_read_Red		CODE           	1FEE	0000	80
		_color_read_Blue		CODE           	20DE	0000	80

color.c estimated size: 2062

D:\MPLAB_COMPILER\pic\sources\c99\common\fltol.c
		___fltol       		CODE           	13EA	0000	264

D:\MPLAB_COMPILER\pic\sources\c99\common\fltol.c estimated size: 264

D:\MPLAB_COMPILER\pic\sources\c99\common\sprcdiv.c
		___fldiv       		CODE           	0AA2	0000	922

D:\MPLAB_COMPILER\pic\sources\c99\common\sprcdiv.c estimated size: 922

LED_Buttons.c
		_WhiteLight    		CODE           	2458	0000	8
		_LED_init      		CODE           	2402	0000	12

LED_Buttons.c estimated size: 20

dc_motor.c
		_fullSpeedAhead		CODE           	16CE	0000	214
		_turnLeft      		CODE           	15E0	0000	238
		_turnLeft90    		CODE           	1F94	0000	90
		_turnLeft135   		CODE           	1F3A	0000	90
		_stop          		CODE           	187A	0000	212
		_initDCmotorsPWM		CODE           	1A00	0000	144
		_turnRight     		CODE           	14F2	0000	238
		_turnRight90   		CODE           	1E86	0000	90
		_turnRight135  		CODE           	1EE0	0000	90
		_setMotorPWM   		CODE           	0FF0	0000	364
		_fullSpeedBackwards		CODE           	17A4	0000	214

dc_motor.c estimated size: 1984

interrupts.c
		_LowISR        		CODE           	0018	0000	64
		_interrupts_clear_colorclick		CODE           	23CE	0000	26
		_init_colorclick_interrupts		CODE           	212E	0000	78
		_Interrupts_init		CODE           	2326	0000	38
		_HighISR       		CODE           	0008	0000	40

interrupts.c estimated size: 246

D:\MPLAB_COMPILER\pic\sources\c99\common\Umul16.c
		___wmul        		CODE           	2300	0000	38

D:\MPLAB_COMPILER\pic\sources\c99\common\Umul16.c estimated size: 38

main_motor.c
		_main          		CODE           	115C	0000	346

main_motor.c estimated size: 346

color_instructions.c
		_LightBlueInstructions		CODE           	1CA8	0000	134
		_YellowInstructions		CODE           	1A90	0000	134
		_GreenInstructions		CODE           	1D2E	0000	134
		_MoveBuggy     		CODE           	12B6	0000	308
		_OrangeInstructions		CODE           	1C22	0000	134
		_BlueInstructions		CODE           	194E	0000	178
		_RedInstructions		CODE           	1B16	0000	134
		_PinkInstructions		CODE           	1B9C	0000	134

color_instructions.c estimated size: 1290

i2c.c
		_I2C_2_Master_Start		CODE           	243A	0000	10
		_I2C_2_Master_Read		CODE           	2210	0000	66
		_I2C_2_Master_Idle		CODE           	22B0	0000	40
		_I2C_2_Master_Init		CODE           	2286	0000	42
		_I2C_2_Master_Stop		CODE           	2430	0000	10
		_I2C_2_Master_RepStart		CODE           	2426	0000	10
		_I2C_2_Master_Write		CODE           	240E	0000	12

i2c.c estimated size: 190

D:\MPLAB_COMPILER\pic\sources\c99\common\xxtofl.c
		___xxtofl      		CODE           	0E3C	0000	436

D:\MPLAB_COMPILER\pic\sources\c99\common\xxtofl.c estimated size: 436

shared
		i2_I2C_2_Master_Stop		CODE           	2444	0000	10
		i2_I2C_2_Master_Idle		CODE           	22D8	0000	40
		i2_init_colorclick_interrupts		CODE           	217C	0000	78
		__initialization		CODE           	21CA	0000	60
		i2_interrupts_clear_colorclick		CODE           	23E8	0000	26
		i2_I2C_2_Master_Write		CODE           	241A	0000	12
		i2_color_writetoaddr		CODE           	23AE	0000	32
		i2_I2C_2_Master_Start		CODE           	244E	0000	10

shared estimated size: 268

