Microchip MPLAB XC8 Compiler V2.40

Linker command line:

-W-3 --edf=D:\MPLAB_COMPILER\pic\dat\20220703182018_en.msgs -cn \
  -h+dist/default/production\final-project-dharshannan-and-pablo.X.production.sym \
  --cmf=dist/default/production\final-project-dharshannan-and-pablo.X.production.cmf \
  -z -Q18F67K40 -oC:\Users\User\AppData\Local\Temp\xcAsh44.4 \
  --defsym=__MPLAB_BUILD=1 --fixupoverflow=error \
  -Mdist/default/production/final-project-dharshannan-and-pablo.X.production.map \
  --md=C:\Users\User\AppData\Local\Temp\xcAsh44.dat -E1 -ver=XC8 Compiler \
  --acfsm=1493 -ACODE=00h-01FFFFh -ACONST=00h-01FFFFh \
  -ASMALLCONST=0E00h-0EFFhx498 -AMEDIUMCONST=0E00h-0FFFFh,010E00h-01FFFFh \
  -ACOMRAM=01h-05Fh -AABS1=00h-0DE9h -ABIGRAM=01h-0DE9h \
  -ARAM=060h-0FFh,0100h-01FFhx12,0D00h-0DE9h -ABANK0=060h-0FFh \
  -ABANK1=0100h-01FFh -ABANK2=0200h-02FFh -ABANK3=0300h-03FFh \
  -ABANK4=0400h-04FFh -ABANK5=0500h-05FFh -ABANK6=0600h-06FFh \
  -ABANK7=0700h-07FFh -ABANK8=0800h-08FFh -ABANK9=0900h-09FFh \
  -ABANK10=0A00h-0AFFh -ABANK11=0B00h-0BFFh -ABANK12=0C00h-0CFFh \
  -ABANK13=0D00h-0DE9h \
  -ASFR=0DEFh-0DFFh,0E00h-0EFFh,0F00h-0F5Fh,0F60h-0FFFh \
  -ABIGSFR=0DEFh-0FFFh -ACONFIG=0300000h-030000Bh -AIDLOC=0200000h-020000Fh \
  -AEEDATA=0310000h-03103FFh -peeprom_data=EEDATA \
  -preset_vec=00h,intcode=08h,intcodelo=018h,powerup,init -pramtop=0E00h \
  -psmallconst=SMALLCONST -pmediumconst=MEDIUMCONST -pconst=CONST \
  -AFARRAM=00h-00h \
  -prdata=COMRAM,nvrram=COMRAM,nvbit=COMRAM,rbss=COMRAM,rbit=COMRAM \
  -pfarbss=FARRAM,fardata=FARRAM,nvFARRAM=FARRAM \
  -pintsave_regs=BIGRAM,bigbss=BIGRAM,bigdata=BIGRAM -pbss=RAM \
  -pidata=CODE,irdata=CODE,ibigdata=CODE,ifardata=CODE -prparam=COMRAM \
  C:\Users\User\AppData\Local\Temp\xcAsh44.o \
  dist/default/production\final-project-dharshannan-and-pablo.X.production.o 

Object code version is 3.11

Machine type is 18F67K40



                Name                               Link     Load   Length Selector   Space Scale
C:\Users\User\AppData\Local\Temp\xcAsh44.o
                idloc                            200000   200000       10        0       5
                config                           300000   300000        C        0       4
                init                                 58       58        4        C       0
                reset_vec                             0        0        4        0       0
dist/default/production\final-project-dharshannan-and-pablo.X.production.o
                intcodelo                            18       18       40        C       0
                intcode                               8        8        6        4       0
                idloc                            200000   200000       10        0       5
                config                           300000   300000        C        0       4
                temp                                 54       54        1        1       1
                smallconst                          E00      E00       2A      700       0
                text59                             306C     306C       2C      715       0
                text58                             30EC     30EC       2A      715       0
                text57                             313E     313E       28      715       0
                text56                             3312     3312        A      715       0
                text55                             3308     3308        A      715       0
                text54                             32DE     32DE        C      715       0
                text53                             31F2     31F2       20      715       0
                text52                             2E10     2E10       4E      715       0
                text51                             3264     3264       1A      715       0
                text50                             32AE     32AE       18      715       0
                intcode_body                       2B04     2B04       7A      715       0
                text47                             3116     3116       28      715       0
                text46                             32FE     32FE        A      715       0
                text45                             32F4     32F4        A      715       0
                text44                             32D2     32D2        C      715       0
                text43                             31D2     31D2       20      715       0
                text42                             2DC2     2DC2       4E      715       0
                text41                             324A     324A       1A      715       0
                text40                             318C     318C       26      715       0
                text39                             32C6     32C6        C      715       0
                text38                             31B2     31B2       20      715       0
                text37                             30C2     30C2       2A      715       0
                text36                             2FE4     2FE4       30      715       0
                text35                             2F2E     2F2E       42      715       0
                text34                             32EA     32EA        A      715       0
                text33                             2D72     2D72       50      715       0
                text32                             2D22     2D22       50      715       0
                text31                             2CD2     2CD2       50      715       0
                text30                             2C82     2C82       50      715       0
                text29                             2B7E     2B7E       5E      715       0
                text28                             331C     331C        8      715       0
                text27                             3098     3098       2A      715       0
                text26                             2FB0     2FB0       34      715       0
                text25                             188C     188C      39A      715       0
                text24                             1460     1460      42C      715       0
                text23                             2796     2796      106      715       0
                text22                             2198     2198      1B4      715       0
                text21                              E2A      E2A      636      715       0
                text20                             3040     3040       2C      715       0
                text19                             3212     3212       1E      715       0
                text18                             3296     3296       18      715       0
                text17                             327E     327E       18      715       0
                text16                             3230     3230       1A      715       0
                text15                             3166     3166       26      715       0
                text14                             3014     3014       2C      715       0
                text13                             2EA4     2EA4       46      715       0
                text12                             2638     2638      15E      715       0
                text11                             234C     234C      188      715       0
                text10                             24D4     24D4      164      715       0
                text9                              2F70     2F70       40      715       0
                text8                              3326     3326        2      715       0
                text7                              2990     2990       CA      715       0
                text6                              2EEA     2EEA       44      715       0
                text5                              2A5A     2A5A       AA      715       0
                text4                              1EE0     1EE0      2B8      715       0
                text3                              1C26     1C26      2BA      715       0
                text2                              2BDC     2BDC       54      715       0
                text1                              2C30     2C30       52      715       0
                text0                              289C     289C       F4      715       0
                cstackCOMRAM                          1        1       48        1       1
                cstackBANK0                          60       60       3E       60       1
                cstackBANK1                         13C      13C       32      100       1
                bssBANK1                            100      100       3C      100       1
                bssBANK0                             9E       9E       38       60       1
                dataCOMRAM                           52       52        2        1       1
                bssCOMRAM                            49       49        9        1       1
                cinit                              2E5E     2E5E       46      715       0
                idataCOMRAM                        3324     3324        2      715       0

TOTAL           Name                               Link     Load   Length     Space
        CLASS   CODE           
                intcodelo                            18       18       40         0
                intcode                               8        8        6         0
                init                                 58       58        4         0
                reset_vec                             0        0        4         0
                text59                             306C     306C       2C         0
                text58                             30EC     30EC       2A         0
                text57                             313E     313E       28         0
                text56                             3312     3312        A         0
                text55                             3308     3308        A         0
                text54                             32DE     32DE        C         0
                text53                             31F2     31F2       20         0
                text52                             2E10     2E10       4E         0
                text51                             3264     3264       1A         0
                text50                             32AE     32AE       18         0
                intcode_body                       2B04     2B04       7A         0
                text47                             3116     3116       28         0
                text46                             32FE     32FE        A         0
                text45                             32F4     32F4        A         0
                text44                             32D2     32D2        C         0
                text43                             31D2     31D2       20         0
                text42                             2DC2     2DC2       4E         0
                text41                             324A     324A       1A         0
                text40                             318C     318C       26         0
                text39                             32C6     32C6        C         0
                text38                             31B2     31B2       20         0
                text37                             30C2     30C2       2A         0
                text36                             2FE4     2FE4       30         0
                text35                             2F2E     2F2E       42         0
                text34                             32EA     32EA        A         0
                text33                             2D72     2D72       50         0
                text32                             2D22     2D22       50         0
                text31                             2CD2     2CD2       50         0
                text30                             2C82     2C82       50         0
                text29                             2B7E     2B7E       5E         0
                text28                             331C     331C        8         0
                text27                             3098     3098       2A         0
                text26                             2FB0     2FB0       34         0
                text25                             188C     188C      39A         0
                text24                             1460     1460      42C         0
                text23                             2796     2796      106         0
                text22                             2198     2198      1B4         0
                text21                              E2A      E2A      636         0
                text20                             3040     3040       2C         0
                text19                             3212     3212       1E         0
                text18                             3296     3296       18         0
                text17                             327E     327E       18         0
                text16                             3230     3230       1A         0
                text15                             3166     3166       26         0
                text14                             3014     3014       2C         0
                text13                             2EA4     2EA4       46         0
                text12                             2638     2638      15E         0
                text11                             234C     234C      188         0
                text10                             24D4     24D4      164         0
                text9                              2F70     2F70       40         0
                text8                              3326     3326        2         0
                text7                              2990     2990       CA         0
                text6                              2EEA     2EEA       44         0
                text5                              2A5A     2A5A       AA         0
                text4                              1EE0     1EE0      2B8         0
                text3                              1C26     1C26      2BA         0
                text2                              2BDC     2BDC       54         0
                text1                              2C30     2C30       52         0
                text0                              289C     289C       F4         0
                cinit                              2E5E     2E5E       46         0
                idataCOMRAM                        3324     3324        2         0

        CLASS   CONST          

        CLASS   SMALLCONST     
                smallconst                          E00      E00       2A         0

        CLASS   MEDIUMCONST    

        CLASS   COMRAM         
                temp                                 54       54        1         1
                cstackCOMRAM                          1        1       48         1
                dataCOMRAM                           52       52        2         1
                bssCOMRAM                            49       49        9         1

        CLASS   ABS1           

        CLASS   BIGRAM         

        CLASS   RAM            

        CLASS   BANK0          
                cstackBANK0                          60       60       3E         1
                bssBANK0                             9E       9E       38         1

        CLASS   BANK1          
                cstackBANK1                         13C      13C       32         1
                bssBANK1                            100      100       3C         1

        CLASS   BANK2          

        CLASS   BANK3          

        CLASS   BANK4          

        CLASS   BANK5          

        CLASS   BANK6          

        CLASS   BANK7          

        CLASS   BANK8          

        CLASS   BANK9          

        CLASS   BANK10         

        CLASS   BANK11         

        CLASS   BANK12         

        CLASS   BANK13         

        CLASS   SFR            

        CLASS   BIGSFR         

        CLASS   CONFIG         
                config                           300000   300000        C         4

        CLASS   IDLOC          
                idloc                            200000   200000       10         5

        CLASS   EEDATA         

        CLASS   FARRAM         

        CLASS   HEAP           

        CLASS   STACK          



SEGMENTS        Name                           Load    Length   Top    Selector   Space  Class

                reset_vec                      000000  000004  000004         0       0  CODE    
                cstackCOMRAM                   000001  000054  000055         1       1  COMRAM  
                intcode                        000008  000006  00000E         4       0  CODE    
                intcodelo                      000018  000044  00005C         C       0  CODE    
                cstackBANK0                    000060  000076  0000D6        60       1  BANK0   
                bssBANK1                       000100  00006E  00016E       100       1  BANK1   
                smallconst                     000E00  00002A  000E2A       700       0  SMALLCON
                text21                         000E2A  0024FE  003328       715       0  CODE    


UNUSED ADDRESS RANGES

        Name                Unused          Largest block    Delta
        BANK0            0000D6-0000FF               2A
        BANK1            00016E-0001FF               92
        BANK10           000A00-000AFF              100
        BANK11           000B00-000BFF              100
        BANK12           000C00-000CFF              100
        BANK13           000D00-000DE9               EA
        BANK2            000200-0002FF              100
        BANK3            000300-0003FF              100
        BANK4            000400-0004FF              100
        BANK5            000500-0005FF              100
        BANK6            000600-0006FF              100
        BANK7            000700-0007FF              100
        BANK8            000800-0008FF              100
        BANK9            000900-0009FF              100
        BIGRAM           000055-00005F                B
                         0000D6-0000FF               2A
                         00016E-000DE9              C7C
        BIGSFR           000DEF-000FFF              211
        CODE             000004-000007                4
                         00000E-000017                A
                         00005C-000DFF              DA4
                         003328-01FFFF            1CCD8
        COMRAM           000055-00005F                B
        CONST            000004-000007                4
                         00000E-000017                A
                         00005C-000DFF              DA4
                         003328-01FFFF            1CCD8
        EEDATA           310000-3103FF              400
        MEDIUMCONST      003328-00FFFF             CCD8
                         010E00-01FFFF             F200
        RAM              0000D6-0000FF               2A
                         00016E-000DE9              100
        SFR              000DEF-000FFF              100
        SMALLCONST       003328-01FFFF              100

                                  Symbol Table

?___aodiv                              cstackCOMRAM 00000C
?___aomod                              cstackCOMRAM 00000C
?___fldiv                              cstackCOMRAM 00001A
?___flmul                              cstackCOMRAM 000033
?___fltol                              cstackCOMRAM 00003F
?___wmul                               cstackCOMRAM 00000C
?___xxtofl                             cstackCOMRAM 00000C
?_abs                                  cstackCOMRAM 00001E
?_atoi                                 cstackCOMRAM 000012
?_color_read_Blue                      cstackCOMRAM 000010
?_color_read_Clear                     cstackCOMRAM 000010
?_color_read_Green                     cstackCOMRAM 000010
?_color_read_Red                       cstackCOMRAM 000010
?_isdigit                              cstackCOMRAM 00000C
?_isspace                              cstackCOMRAM 00000C
?_sprintf                              cstackBANK0  000083
?_vfprintf                             cstackBANK0  00007D
HighISR@a                              cstackCOMRAM 000008
I2C_2_Master_Read@ack                  cstackCOMRAM 00000E
I2C_2_Master_Read@tmp                  cstackCOMRAM 00000F
I2C_2_Master_Write@data_byte           cstackCOMRAM 00000D
TxBufferedString@string                cstackCOMRAM 00000D
Update_RGBC@tempval                    cstackCOMRAM 000017
_ANSELBbits                            (abs)        000E9A
_ANSELDbits                            (abs)        000EA7
_BAUD4CONbits                          (abs)        000EE9
_CCP1CONbits                           (abs)        000FAB
_CCP2CONbits                           (abs)        000FA7
_CCP3CONbits                           (abs)        000F26
_CCP4CONbits                           (abs)        000F22
_CCPR1H                                (abs)        000FAA
_CCPR2H                                (abs)        000FA6
_CCPR3H                                (abs)        000F25
_CCPR4H                                (abs)        000F21
_CCPTMRS0bits                          (abs)        000FAD
_EUSART4RXbuf                          bssBANK0     00009E
_EUSART4TXbuf                          bssBANK1     000100
_HighISR                               intcode      000008
_I2C_2_Master_Idle                     text47       003116
_I2C_2_Master_Init                     text27       003098
_I2C_2_Master_Read                     text35       002F2E
_I2C_2_Master_RepStart                 text34       0032EA
_I2C_2_Master_Start                    text46       0032FE
_I2C_2_Master_Stop                     text45       0032F4
_I2C_2_Master_Write                    text44       0032D2
_INT1PPS                               (abs)        000DF1
_INTCONbits                            (abs)        000FF2
_IPR0bits                              (abs)        000E1F
_Interrupts_init                       text40       00318C
_LATAbits                              (abs)        000F79
_LATCbits                              (abs)        000F7B
_LATEbits                              (abs)        000F7D
_LATFbits                              (abs)        000F7E
_LATGbits                              (abs)        000F7F
_LATHbits                              (abs)        000F80
_LED_init                              text39       0032C6
_LowISR                                intcodelo    000018
_PIE0bits                              (abs)        000E29
_PIE4bits                              (abs)        000E2D
_PIR0bits                              (abs)        000E33
_PIR4bits                              (abs)        000E37
_RC0PPS                                (abs)        000E62
_RC4REG                                (abs)        000EE3
_RC4STAbits                            (abs)        000EE7
_RC7PPS                                (abs)        000E69
_RD5PPS                                (abs)        000E6F
_RD6PPS                                (abs)        000E70
_RE2PPS                                (abs)        000E74
_RE4PPS                                (abs)        000E76
_RG6PPS                                (abs)        000E88
_RX4PPS                                (abs)        000E15
_RxBufReadCnt                          bssCOMRAM    000050
_RxBufWriteCnt                         bssCOMRAM    000051
_SP4BRGH                               (abs)        000EE6
_SP4BRGL                               (abs)        000EE5
_SSP2ADD                               (abs)        000ED6
_SSP2BUF                               (abs)        000ED5
_SSP2CLKPPS                            (abs)        000E1C
_SSP2CON1bits                          (abs)        000ED9
_SSP2CON2                              (abs)        000EDA
_SSP2CON2bits                          (abs)        000EDA
_SSP2DATPPS                            (abs)        000E1D
_SSP2STAT                              (abs)        000ED8
_T0CON0bits                            (abs)        000FD5
_T0CON1bits                            (abs)        000FD6
_T2CLKCONbits                          (abs)        000FBF
_T2CONbits                             (abs)        000FBD
_T2HLTbits                             (abs)        000FBE
_T2PR                                  (abs)        000FBC
_TMR0H                                 (abs)        000FD4
_TMR0L                                 (abs)        000FD3
_TRISAbits                             (abs)        000F81
_TRISBbits                             (abs)        000F82
_TRISCbits                             (abs)        000F83
_TRISDbits                             (abs)        000F84
_TRISEbits                             (abs)        000F85
_TRISFbits                             (abs)        000F86
_TRISGbits                             (abs)        000F87
_TRISHbits                             (abs)        000F88
_TX4REG                                (abs)        000EE4
_TX4STAbits                            (abs)        000EE8
_Timer0_init                           text38       0031B2
_TxBufReadCnt                          bssCOMRAM    00004E
_TxBufWriteCnt                         bssCOMRAM    00004F
_TxBufferedString                      text36       002FE4
_Update_RGBC                           text29       002B7E
_WhiteLight                            text28       00331C
__HRAM                                 (abs)        000000
__Habs1                                abs1         000000
__Hbank0                               bank0        000000
__Hbank1                               bank1        000000
__Hbank10                              bank10       000000
__Hbank11                              bank11       000000
__Hbank12                              bank12       000000
__Hbank13                              bank13       000000
__Hbank2                               bank2        000000
__Hbank3                               bank3        000000
__Hbank4                               bank4        000000
__Hbank5                               bank5        000000
__Hbank6                               bank6        000000
__Hbank7                               bank7        000000
__Hbank8                               bank8        000000
__Hbank9                               bank9        000000
__Hbigbss                              bigbss       000000
__Hbigdata                             bigdata      000000
__Hbigram                              bigram       000000
__Hbigsfr                              bigsfr       000000
__Hbss                                 bss          000000
__HbssBANK0                            bssBANK0     000000
__HbssBANK1                            bssBANK1     000000
__HbssCOMRAM                           bssCOMRAM    000000
__Hcinit                               cinit        000000
__Hclrtext                             clrtext      000000
__Hcomram                              comram       000000
__Hconfig                              config       30000C
__Hconst                               const        000000
__HcstackBANK0                         cstackBANK0  000000
__HcstackBANK1                         cstackBANK1  000000
__HcstackCOMRAM                        cstackCOMRAM 000000
__Hdata                                data         000000
__HdataCOMRAM                          dataCOMRAM   000000
__Heeprom_data                         eeprom_data  000000
__Hfarbss                              farbss       000000
__Hfardata                             fardata      000000
__Hheap                                heap         000000
__Hibigdata                            ibigdata     000000
__Hidata                               idata        000000
__HidataCOMRAM                         idataCOMRAM  000000
__Hidloc                               idloc        200010
__Hifardata                            ifardata     000000
__Hinit                                init         00005C
__Hintcode                             intcode      00000E
__Hintcode_body                        intcode_body 000000
__Hintcodelo                           intcodelo    000058
__Hintentry                            intentry     000000
__Hintret                              intret       000000
__Hintsave_regs                        intsave_regs 000000
__Hirdata                              irdata       000000
__Hmediumconst                         mediumconst  000000
__HnvFARRAM                            nvFARRAM     000000
__Hnvbit                               nvbit        000000
__Hnvrram                              nvrram       000000
__Hparam                               rparam       000000
__Hpowerup                             powerup      000058
__Hram                                 ram          000000
__Hramtop                              ramtop       000E00
__Hrbit                                rbit         000000
__Hrbss                                rbss         000000
__Hrdata                               rdata        000000
__Hreset_vec                           reset_vec    000004
__Hrparam                              rparam       000000
__Hsfr                                 sfr          000000
__Hsmallconst                          smallconst   000E2A
__Hspace_0                             (abs)        003328
__Hspace_1                             (abs)        00016E
__Hspace_2                             (abs)        000000
__Hspace_4                             (abs)        60000C
__Hstack                               stack        000000
__Hstruct                              struct       000000
__Htemp                                temp         000055
__Htext                                text         000000
__Htext0                               text0        000000
__Htext1                               text1        000000
__Htext10                              text10       000000
__Htext11                              text11       000000
__Htext12                              text12       000000
__Htext13                              text13       000000
__Htext14                              text14       000000
__Htext15                              text15       000000
__Htext16                              text16       000000
__Htext17                              text17       000000
__Htext18                              text18       000000
__Htext19                              text19       000000
__Htext2                               text2        000000
__Htext20                              text20       000000
__Htext21                              text21       000000
__Htext22                              text22       000000
__Htext23                              text23       000000
__Htext24                              text24       000000
__Htext25                              text25       000000
__Htext26                              text26       000000
__Htext27                              text27       000000
__Htext28                              text28       000000
__Htext29                              text29       000000
__Htext3                               text3        000000
__Htext30                              text30       000000
__Htext31                              text31       000000
__Htext32                              text32       000000
__Htext33                              text33       000000
__Htext34                              text34       000000
__Htext35                              text35       000000
__Htext36                              text36       000000
__Htext37                              text37       000000
__Htext38                              text38       000000
__Htext39                              text39       000000
__Htext4                               text4        000000
__Htext40                              text40       000000
__Htext41                              text41       000000
__Htext42                              text42       000000
__Htext43                              text43       000000
__Htext44                              text44       000000
__Htext45                              text45       000000
__Htext46                              text46       000000
__Htext47                              text47       000000
__Htext5                               text5        000000
__Htext50                              text50       000000
__Htext51                              text51       000000
__Htext52                              text52       000000
__Htext53                              text53       000000
__Htext54                              text54       000000
__Htext55                              text55       000000
__Htext56                              text56       000000
__Htext57                              text57       000000
__Htext58                              text58       000000
__Htext59                              text59       000000
__Htext6                               text6        000000
__Htext7                               text7        000000
__Htext8                               text8        000000
__Htext9                               text9        000000
__LRAM                                 (abs)        000001
__Labs1                                abs1         000000
__Lbank0                               bank0        000000
__Lbank1                               bank1        000000
__Lbank10                              bank10       000000
__Lbank11                              bank11       000000
__Lbank12                              bank12       000000
__Lbank13                              bank13       000000
__Lbank2                               bank2        000000
__Lbank3                               bank3        000000
__Lbank4                               bank4        000000
__Lbank5                               bank5        000000
__Lbank6                               bank6        000000
__Lbank7                               bank7        000000
__Lbank8                               bank8        000000
__Lbank9                               bank9        000000
__Lbigbss                              bigbss       000000
__Lbigdata                             bigdata      000000
__Lbigram                              bigram       000000
__Lbigsfr                              bigsfr       000000
__Lbss                                 bss          000000
__LbssBANK0                            bssBANK0     000000
__LbssBANK1                            bssBANK1     000000
__LbssCOMRAM                           bssCOMRAM    000000
__Lcinit                               cinit        000000
__Lclrtext                             clrtext      000000
__Lcomram                              comram       000000
__Lconfig                              config       000000
__Lconst                               const        000000
__LcstackBANK0                         cstackBANK0  000000
__LcstackBANK1                         cstackBANK1  000000
__LcstackCOMRAM                        cstackCOMRAM 000000
__Ldata                                data         000000
__LdataCOMRAM                          dataCOMRAM   000000
__Leeprom_data                         eeprom_data  000000
__Lfarbss                              farbss       000000
__Lfardata                             fardata      000000
__Lheap                                heap         000000
__Libigdata                            ibigdata     000000
__Lidata                               idata        000000
__LidataCOMRAM                         idataCOMRAM  000000
__Lidloc                               idloc        000000
__Lifardata                            ifardata     000000
__Linit                                init         000058
__Lintcode                             intcode      000008
__Lintcode_body                        intcode_body 000000
__Lintcodelo                           intcodelo    000018
__Lintentry                            intentry     000000
__Lintret                              intret       000000
__Lintsave_regs                        intsave_regs 000000
__Lirdata                              irdata       000000
__Lmediumconst                         mediumconst  000000
__LnvFARRAM                            nvFARRAM     000000
__Lnvbit                               nvbit        000000
__Lnvrram                              nvrram       000000
__Lparam                               rparam       000000
__Lpowerup                             powerup      000058
__Lram                                 ram          000000
__Lramtop                              ramtop       000E00
__Lrbit                                rbit         000000
__Lrbss                                rbss         000000
__Lrdata                               rdata        000000
__Lreset_vec                           reset_vec    000000
__Lrparam                              rparam       000000
__Lsfr                                 sfr          000000
__Lsmallconst                          smallconst   000E00
__Lspace_0                             (abs)        000000
__Lspace_1                             (abs)        000000
__Lspace_2                             (abs)        000000
__Lspace_4                             (abs)        000000
__Lstack                               stack        000000
__Lstruct                              struct       000000
__Ltemp                                temp         000054
__Ltext                                text         000000
__Ltext0                               text0        000000
__Ltext1                               text1        000000
__Ltext10                              text10       000000
__Ltext11                              text11       000000
__Ltext12                              text12       000000
__Ltext13                              text13       000000
__Ltext14                              text14       000000
__Ltext15                              text15       000000
__Ltext16                              text16       000000
__Ltext17                              text17       000000
__Ltext18                              text18       000000
__Ltext19                              text19       000000
__Ltext2                               text2        000000
__Ltext20                              text20       000000
__Ltext21                              text21       000000
__Ltext22                              text22       000000
__Ltext23                              text23       000000
__Ltext24                              text24       000000
__Ltext25                              text25       000000
__Ltext26                              text26       000000
__Ltext27                              text27       000000
__Ltext28                              text28       000000
__Ltext29                              text29       000000
__Ltext3                               text3        000000
__Ltext30                              text30       000000
__Ltext31                              text31       000000
__Ltext32                              text32       000000
__Ltext33                              text33       000000
__Ltext34                              text34       000000
__Ltext35                              text35       000000
__Ltext36                              text36       000000
__Ltext37                              text37       000000
__Ltext38                              text38       000000
__Ltext39                              text39       000000
__Ltext4                               text4        000000
__Ltext40                              text40       000000
__Ltext41                              text41       000000
__Ltext42                              text42       000000
__Ltext43                              text43       000000
__Ltext44                              text44       000000
__Ltext45                              text45       000000
__Ltext46                              text46       000000
__Ltext47                              text47       000000
__Ltext5                               text5        000000
__Ltext50                              text50       000000
__Ltext51                              text51       000000
__Ltext52                              text52       000000
__Ltext53                              text53       000000
__Ltext54                              text54       000000
__Ltext55                              text55       000000
__Ltext56                              text56       000000
__Ltext57                              text57       000000
__Ltext58                              text58       000000
__Ltext59                              text59       000000
__Ltext6                               text6        000000
__Ltext7                               text7        000000
__Ltext8                               text8        000000
__Ltext9                               text9        000000
__S0                                   (abs)        003328
__S1                                   (abs)        00016E
__S4                                   (abs)        000000
__S5                                   (abs)        000000
___aodiv                               text11       00234C
___aodiv@counter                       cstackCOMRAM 00001C
___aodiv@dividend                      cstackCOMRAM 00000C
___aodiv@divisor                       cstackCOMRAM 000014
___aodiv@quotient                      cstackCOMRAM 00001E
___aodiv@sign                          cstackCOMRAM 00001D
___aomod                               text10       0024D4
___aomod@counter                       cstackCOMRAM 00001C
___aomod@dividend                      cstackCOMRAM 00000C
___aomod@divisor                       cstackCOMRAM 000014
___aomod@sign                          cstackCOMRAM 00001D
___fldiv                               text25       00188C
___fldiv@a                             cstackCOMRAM 00001E
___fldiv@aexp                          cstackCOMRAM 000032
___fldiv@b                             cstackCOMRAM 00001A
___fldiv@bexp                          cstackCOMRAM 000031
___fldiv@grs                           cstackCOMRAM 00002D
___fldiv@new_exp                       cstackCOMRAM 00002B
___fldiv@rem                           cstackCOMRAM 000026
___fldiv@sign                          cstackCOMRAM 00002A
___flmul                               text24       001460
___flmul@a                             cstackCOMRAM 000037
___flmul@aexp                          cstackBANK0  000061
___flmul@b                             cstackCOMRAM 000033
___flmul@bexp                          cstackBANK0  000066
___flmul@grs                           cstackBANK0  000062
___flmul@prod                          cstackBANK0  000067
___flmul@sign                          cstackBANK0  000060
___flmul@temp                          cstackBANK0  00006B
___fltol                               text23       002796
___fltol@exp1                          cstackCOMRAM 000048
___fltol@f1                            cstackCOMRAM 00003F
___fltol@sign1                         cstackCOMRAM 000047
___heap_hi                             (abs)        000000
___heap_lo                             (abs)        000000
___inthi_sp                            stack        000000
___intlo_sp                            stack        000000
___param_bank                          (abs)        000000
___rparam_used                         (abs)        000001
___sp                                  stack        000000
___wmul                                text15       003166
___wmul@multiplicand                   cstackCOMRAM 00000E
___wmul@multiplier                     cstackCOMRAM 00000C
___wmul@product                        cstackCOMRAM 000010
___xxtofl                              text22       002198
___xxtofl@arg                          cstackCOMRAM 000016
___xxtofl@exp                          cstackCOMRAM 000015
___xxtofl@sign                         cstackCOMRAM 000014
___xxtofl@val                          cstackCOMRAM 00000C
__accesstop                            (abs)        000060
__activetblptr                         (abs)        000003
__end_of_HighISR                       intcode_body 002B7E
__end_of_I2C_2_Master_Idle             text47       00313E
__end_of_I2C_2_Master_Init             text27       0030C2
__end_of_I2C_2_Master_Read             text35       002F70
__end_of_I2C_2_Master_RepStart         text34       0032F4
__end_of_I2C_2_Master_Start            text46       003308
__end_of_I2C_2_Master_Stop             text45       0032FE
__end_of_I2C_2_Master_Write            text44       0032DE
__end_of_Interrupts_init               text40       0031B2
__end_of_LED_init                      text39       0032D2
__end_of_LowISR                        intcodelo    000058
__end_of_Timer0_init                   text38       0031D2
__end_of_TxBufferedString              text36       003014
__end_of_Update_RGBC                   text29       002BDC
__end_of_WhiteLight                    text28       003324
__end_of___aodiv                       text11       0024D4
__end_of___aomod                       text10       002638
__end_of___fldiv                       text25       001C26
__end_of___flmul                       text24       00188C
__end_of___fltol                       text23       00289C
__end_of___wmul                        text15       00318C
__end_of___xxtofl                      text22       00234C
__end_of__initialization               cinit        002E9A
__end_of_abs                           text9        002FB0
__end_of_atoi                          text12       002796
__end_of_color_click_init              text26       002FE4
__end_of_color_read_Blue               text33       002DC2
__end_of_color_read_Clear              text32       002D72
__end_of_color_read_Green              text31       002D22
__end_of_color_read_Red                text30       002CD2
__end_of_color_writetoaddr             text43       0031F2
__end_of_detect_color                  text21       001460
__end_of_dtoa                          text4        002198
__end_of_fputc                         text7        002A5A
__end_of_fputs                         text6        002F2E
__end_of_getCharFromRxBuf              text20       00306C
__end_of_getCharFromTxBuf              text59       003098
__end_of_initUSART4                    text19       003230
__end_of_init_colorclick_interrupts    text42       002E10
__end_of_interrupts_clear_colorclick   text41       003264
__end_of_isDataInRxBuf                 text18       0032AE
__end_of_isDataInTxBuf                 text17       003296
__end_of_isdigit                       text14       003040
__end_of_isspace                       text13       002EEA
__end_of_main                          text0        002990
__end_of_pad                           text5        002B04
__end_of_putCharToRxBuf                text58       003116
__end_of_putCharToTxBuf                text37       0030EC
__end_of_putch                         text8        003328
__end_of_sendTxBuf                     text16       00324A
__end_of_sprintf                       text1        002C82
__end_of_vfpfcnvrt                     text3        001EE0
__end_of_vfprintf                      text2        002C30
__end_ofi2_I2C_2_Master_Idle           text57       003166
__end_ofi2_I2C_2_Master_Start          text56       00331C
__end_ofi2_I2C_2_Master_Stop           text55       003312
__end_ofi2_I2C_2_Master_Write          text54       0032EA
__end_ofi2_color_writetoaddr           text53       003212
__end_ofi2_init_colorclick_interrupts  text52       002E5E
__end_ofi2_interrupts_clear_colorclick text51       00327E
__end_ofi2_isDataInTxBuf               text50       0032C6
__initialization                       cinit        002E5E
__mediumconst                          mediumconst  000000
__pbssBANK0                            bssBANK0     00009E
__pbssBANK1                            bssBANK1     000100
__pbssCOMRAM                           bssCOMRAM    000049
__pcinit                               cinit        002E5E
__pcstackBANK0                         cstackBANK0  000060
__pcstackBANK1                         cstackBANK1  00013C
__pcstackCOMRAM                        cstackCOMRAM 000001
__pdataCOMRAM                          dataCOMRAM   000052
__pidataCOMRAM                         idataCOMRAM  003324
__pintcode                             intcode      000008
__pintcode_body                        intcode_body 002B04
__pintcodelo                           intcodelo    000018
__psmallconst                          smallconst   000E00
__ptext0                               text0        00289C
__ptext1                               text1        002C30
__ptext10                              text10       0024D4
__ptext11                              text11       00234C
__ptext12                              text12       002638
__ptext13                              text13       002EA4
__ptext14                              text14       003014
__ptext15                              text15       003166
__ptext16                              text16       003230
__ptext17                              text17       00327E
__ptext18                              text18       003296
__ptext19                              text19       003212
__ptext2                               text2        002BDC
__ptext20                              text20       003040
__ptext21                              text21       000E2A
__ptext22                              text22       002198
__ptext23                              text23       002796
__ptext24                              text24       001460
__ptext25                              text25       00188C
__ptext26                              text26       002FB0
__ptext27                              text27       003098
__ptext28                              text28       00331C
__ptext29                              text29       002B7E
__ptext3                               text3        001C26
__ptext30                              text30       002C82
__ptext31                              text31       002CD2
__ptext32                              text32       002D22
__ptext33                              text33       002D72
__ptext34                              text34       0032EA
__ptext35                              text35       002F2E
__ptext36                              text36       002FE4
__ptext37                              text37       0030C2
__ptext38                              text38       0031B2
__ptext39                              text39       0032C6
__ptext4                               text4        001EE0
__ptext40                              text40       00318C
__ptext41                              text41       00324A
__ptext42                              text42       002DC2
__ptext43                              text43       0031D2
__ptext44                              text44       0032D2
__ptext45                              text45       0032F4
__ptext46                              text46       0032FE
__ptext47                              text47       003116
__ptext5                               text5        002A5A
__ptext50                              text50       0032AE
__ptext51                              text51       003264
__ptext52                              text52       002E10
__ptext53                              text53       0031F2
__ptext54                              text54       0032DE
__ptext55                              text55       003308
__ptext56                              text56       003312
__ptext57                              text57       00313E
__ptext58                              text58       0030EC
__ptext59                              text59       00306C
__ptext6                               text6        002EEA
__ptext7                               text7        002990
__ptext8                               text8        003326
__ptext9                               text9        002F70
__ramtop                               ramtop       000E00
__smallconst                           smallconst   000E00
_abs                                   text9        002F70
_atoi                                  text12       002638
_color_click_init                      text26       002FB0
_color_flag                            bssBANK0     0000B5
_color_read_Blue                       text33       002D72
_color_read_Clear                      text32       002D22
_color_read_Green                      text31       002CD2
_color_read_Red                        text30       002C82
_color_writetoaddr                     text43       0031D2
_dbuf                                  bssBANK0     0000B6
_detect_color                          text21       000E2A
_dtoa                                  text4        001EE0
_dtoa$2396                             cstackBANK0  000060
_flags                                 bssCOMRAM    00004D
_fputc                                 text7        002990
_fputs                                 text6        002EEA
_getCharFromRxBuf                      text20       003040
_getCharFromTxBuf                      text59       00306C
_initUSART4                            text19       003212
_init_colorclick_interrupts            text42       002DC2
_int_threshold_high                    dataCOMRAM   000052
_int_threshold_low                     bssCOMRAM    00004B
_interrupts_clear_colorclick           text41       00324A
_isDataInRxBuf                         text18       003296
_isDataInTxBuf                         text17       00327E
_isdigit                               text14       003014
_isspace                               text13       002EA4
_isspace$2445                          cstackCOMRAM 000010
_main                                  text0        00289C
_pad                                   text5        002A5A
_prec                                  bssCOMRAM    000049
_putCharToRxBuf                        text58       0030EC
_putCharToTxBuf                        text37       0030C2
_putch                                 text8        003326
_sendTxBuf                             text16       003230
_sprintf                               text1        002C30
_tmr_ovf                               bssBANK0     0000B4
_vfpfcnvrt                             text3        001C26
_vfprintf                              text2        002BDC
_width                                 bssBANK0     0000B2
abs@a                                  cstackCOMRAM 00001E
atoi@n                                 cstackCOMRAM 000019
atoi@neg                               cstackCOMRAM 000017
atoi@s                                 cstackCOMRAM 000012
btemp                                  temp         000054
color_read_Blue@tmp                    cstackCOMRAM 000015
color_read_Clear@tmp                   cstackCOMRAM 000015
color_read_Green@tmp                   cstackCOMRAM 000015
color_read_Red@tmp                     cstackCOMRAM 000015
color_writetoaddr@address              cstackCOMRAM 00000F
color_writetoaddr@value                cstackCOMRAM 00000E
detect_color@color                     cstackBANK0  00007B
detect_color@dist_B                    cstackBANK0  00007E
detect_color@dist_G                    cstackBANK0  00007D
detect_color@dist_R                    cstackBANK0  00007C
detect_color@tempval                   cstackBANK0  00006D
dtoa@d                                 cstackCOMRAM 000029
dtoa@fp                                cstackCOMRAM 000027
dtoa@i                                 cstackBANK0  00006F
dtoa@n                                 cstackBANK0  000066
dtoa@p                                 cstackBANK0  000062
dtoa@s                                 cstackBANK0  00006E
dtoa@w                                 cstackBANK0  000064
end_of_initialization                  cinit        002E9A
fputc@c                                cstackCOMRAM 00000C
fputc@fp                               cstackCOMRAM 00000E
fputs@c                                cstackCOMRAM 000019
fputs@fp                               cstackCOMRAM 000017
fputs@i                                cstackCOMRAM 00001A
fputs@s                                cstackCOMRAM 000015
i2I2C_2_Master_Write@data_byte         cstackCOMRAM 000002
i2_I2C_2_Master_Idle                   text57       00313E
i2_I2C_2_Master_Start                  text56       003312
i2_I2C_2_Master_Stop                   text55       003308
i2_I2C_2_Master_Write                  text54       0032DE
i2_color_writetoaddr                   text53       0031F2
i2_init_colorclick_interrupts          text52       002E10
i2_interrupts_clear_colorclick         text51       003264
i2_isDataInTxBuf                       text50       0032AE
i2color_writetoaddr@address            cstackCOMRAM 000004
i2color_writetoaddr@value              cstackCOMRAM 000003
int$flags                              temp         000054
int_func                               intcode_body 002B04
intlevel0                              text         000000
intlevel1                              text         000000
intlevel2                              text         000000
intlevel3                              text         000000
isa$std                                (abs)        000001
isa$xinst                              (abs)        000000
isdigit@c                              cstackCOMRAM 00000C
isspace@c                              cstackCOMRAM 00000C
main@color_detected                    cstackBANK1  000164
main@cont                              cstackBANK1  000165
main@initial_color                     cstackBANK1  000166
main@string2                           cstackBANK1  00013C
pad@buf                                cstackCOMRAM 00001E
pad@fp                                 cstackCOMRAM 00001C
pad@i                                  cstackCOMRAM 000023
pad@p                                  cstackCOMRAM 000020
pad@w                                  cstackCOMRAM 000025
putCharToRxBuf@byte                    cstackCOMRAM 000001
putCharToTxBuf@byte                    cstackCOMRAM 00000C
sprintf@ap                             cstackBANK0  00008F
sprintf@f                              cstackBANK0  000091
sprintf@fmt                            cstackBANK0  000085
sprintf@s                              cstackBANK0  000083
stackhi                                (abs)        000000
stacklo                                (abs)        000000
start                                  init         000058
start_initialization                   cinit        002E5E
ttemp5                                 temp         000055
ttemp6                                 temp         000058
ttemp7                                 temp         00005C
vfpfcnvrt@ap                           cstackCOMRAM 00003D
vfpfcnvrt@convarg                      cstackBANK0  000071
vfpfcnvrt@cp                           cstackBANK0  00007B
vfpfcnvrt@done                         cstackBANK0  000079
vfpfcnvrt@fmt                          cstackCOMRAM 00003B
vfpfcnvrt@fp                           cstackCOMRAM 000039
vfprintf@ap                            cstackBANK0  000081
vfprintf@cfmt                          cstackCOMRAM 000042
vfprintf@fmt                           cstackBANK0  00007F
vfprintf@fp                            cstackBANK0  00007D
wtemp8                                 temp         000055


MODULE INFORMATION

Module		Function		Class		Link	Load	Size
serial.c
		_putCharToRxBuf		CODE           	30EC	0000	42
		_putCharToTxBuf		CODE           	30C2	0000	42
		_isDataInRxBuf 		CODE           	3296	0000	24
		_isDataInTxBuf 		CODE           	327E	0000	24
		_TxBufferedString		CODE           	2FE4	0000	48
		_getCharFromRxBuf		CODE           	3040	0000	44
		_getCharFromTxBuf		CODE           	306C	0000	44
		_sendTxBuf     		CODE           	3230	0000	26
		_initUSART4    		CODE           	3212	0000	30

serial.c estimated size: 324

timers.c
		_Timer0_init   		CODE           	31B2	0000	32

timers.c estimated size: 32

D:\MPLAB_COMPILER\pic\sources\c99\common\sprcmul.c
		___flmul       		CODE           	1460	0000	1068

D:\MPLAB_COMPILER\pic\sources\c99\common\sprcmul.c estimated size: 1068

color.c
		_Update_RGBC   		CODE           	2B7E	0000	94
		_color_writetoaddr		CODE           	31D2	0000	32
		_color_click_init		CODE           	2FB0	0000	52
		_detect_color  		CODE           	0E2A	0000	1590
		_color_read_Green		CODE           	2CD2	0000	80
		_color_read_Clear		CODE           	2D22	0000	80
		_color_read_Red		CODE           	2C82	0000	80
		_color_read_Blue		CODE           	2D72	0000	80

color.c estimated size: 2088

D:\MPLAB_COMPILER\pic\sources\c99\common\fltol.c
		___fltol       		CODE           	2796	0000	262

D:\MPLAB_COMPILER\pic\sources\c99\common\fltol.c estimated size: 262

D:\MPLAB_COMPILER\pic\sources\c99\common\sprcdiv.c
		___fldiv       		CODE           	188C	0000	922

D:\MPLAB_COMPILER\pic\sources\c99\common\sprcdiv.c estimated size: 922

LED_Buttons.c
		_WhiteLight    		CODE           	331C	0000	8
		_LED_init      		CODE           	32C6	0000	12

LED_Buttons.c estimated size: 20

D:\MPLAB_COMPILER\pic\sources\c99\common\nf_sprintf.c
		_sprintf       		CODE           	2C30	0000	82

D:\MPLAB_COMPILER\pic\sources\c99\common\nf_sprintf.c estimated size: 82

D:\MPLAB_COMPILER\pic\sources\c99\common\isspace.c
		_isspace       		CODE           	2EA4	0000	70

D:\MPLAB_COMPILER\pic\sources\c99\common\isspace.c estimated size: 70

interrupts.c
		_LowISR        		CODE           	0018	0000	64
		_interrupts_clear_colorclick		CODE           	324A	0000	26
		_init_colorclick_interrupts		CODE           	2DC2	0000	78
		_Interrupts_init		CODE           	318C	0000	38
		_HighISR       		CODE           	0008	0000	128

interrupts.c estimated size: 334

D:\MPLAB_COMPILER\pic\sources\c99\common\Umul16.c
		___wmul        		CODE           	3166	0000	38

D:\MPLAB_COMPILER\pic\sources\c99\common\Umul16.c estimated size: 38

i2c.c
		_I2C_2_Master_Start		CODE           	32FE	0000	10
		_I2C_2_Master_Read		CODE           	2F2E	0000	66
		_I2C_2_Master_Idle		CODE           	3116	0000	40
		_I2C_2_Master_Init		CODE           	3098	0000	42
		_I2C_2_Master_Stop		CODE           	32F4	0000	10
		_I2C_2_Master_RepStart		CODE           	32EA	0000	10
		_I2C_2_Master_Write		CODE           	32D2	0000	12

i2c.c estimated size: 190

D:\MPLAB_COMPILER\pic\sources\c99\common\atoi.c
		_atoi          		CODE           	2638	0000	350

D:\MPLAB_COMPILER\pic\sources\c99\common\atoi.c estimated size: 350

D:\MPLAB_COMPILER\pic\sources\c99\common\nf_fputs.c
		_fputs         		CODE           	2EEA	0000	68

D:\MPLAB_COMPILER\pic\sources\c99\common\nf_fputs.c estimated size: 68

D:\MPLAB_COMPILER\pic\sources\c99\common\isdigit.c
		_isdigit       		CODE           	3014	0000	44

D:\MPLAB_COMPILER\pic\sources\c99\common\isdigit.c estimated size: 44

D:\MPLAB_COMPILER\pic\sources\c99\common\aomod.c
		___aomod       		CODE           	24D4	0000	356

D:\MPLAB_COMPILER\pic\sources\c99\common\aomod.c estimated size: 356

D:\MPLAB_COMPILER\pic\sources\c99\common\xxtofl.c
		___xxtofl      		CODE           	2198	0000	436

D:\MPLAB_COMPILER\pic\sources\c99\common\xxtofl.c estimated size: 436

shared
		i2_I2C_2_Master_Stop		CODE           	3308	0000	10
		i2_I2C_2_Master_Idle		CODE           	313E	0000	40
		i2_init_colorclick_interrupts		CODE           	2E10	0000	78
		__initialization		CODE           	2E5E	0000	60
		i2_isDataInTxBuf		CODE           	32AE	0000	24
		i2_interrupts_clear_colorclick		CODE           	3264	0000	26
		i2_I2C_2_Master_Write		CODE           	32DE	0000	12
		i2_color_writetoaddr		CODE           	31F2	0000	32
		i2_I2C_2_Master_Start		CODE           	3312	0000	10

shared estimated size: 292

D:\MPLAB_COMPILER\pic\sources\c99\common\abs.c
		_abs           		CODE           	2F70	0000	64

D:\MPLAB_COMPILER\pic\sources\c99\common\abs.c estimated size: 64

D:\MPLAB_COMPILER\pic\sources\c99\common\putch.c
		_putch         		CODE           	3326	0000	2

D:\MPLAB_COMPILER\pic\sources\c99\common\putch.c estimated size: 2

main_calibration.c
		_main          		CODE           	289C	0000	244

main_calibration.c estimated size: 244

D:\MPLAB_COMPILER\pic\sources\c99\common\doprnt.c
		_vfpfcnvrt     		CODE           	1C26	0000	698
		_pad           		CODE           	2A5A	0000	170
		_dtoa          		CODE           	1EE0	0000	696
		_vfprintf      		CODE           	2BDC	0000	84

D:\MPLAB_COMPILER\pic\sources\c99\common\doprnt.c estimated size: 1648

D:\MPLAB_COMPILER\pic\sources\c99\common\nf_fputc.c
		_fputc         		CODE           	2990	0000	202

D:\MPLAB_COMPILER\pic\sources\c99\common\nf_fputc.c estimated size: 202

D:\MPLAB_COMPILER\pic\sources\c99\common\aodiv.c
		___aodiv       		CODE           	234C	0000	392

D:\MPLAB_COMPILER\pic\sources\c99\common\aodiv.c estimated size: 392

