Microchip MPLAB XC8 Compiler V2.40

Linker command line:

-W-3 --edf=D:\MPLAB_COMPILER\pic\dat\20220703182018_en.msgs -cn \
  -h+dist/default/production\final-project-dharshannan-and-pablo.X.production.sym \
  --cmf=dist/default/production\final-project-dharshannan-and-pablo.X.production.cmf \
  -z -Q18F67K40 -oC:\Users\User\AppData\Local\Temp\xcAsbe8.4 \
  --defsym=__MPLAB_BUILD=1 --fixupoverflow=error \
  -Mdist/default/production/final-project-dharshannan-and-pablo.X.production.map \
  --md=C:\Users\User\AppData\Local\Temp\xcAsbe8.dat -E1 -ver=XC8 Compiler \
  --acfsm=1493 -ACODE=00h-01FFFFh -ACONST=00h-01FFFFh \
  -ASMALLCONST=0E00h-0EFFhx498 -AMEDIUMCONST=0E00h-0FFFFh,010E00h-01FFFFh \
  -ACOMRAM=01h-05Fh -AABS1=00h-0DE9h -ABIGRAM=01h-0DE9h \
  -ARAM=060h-0FFh,0100h-01FFhx12,0D00h-0DE9h -ABANK0=060h-0FFh \
  -ABANK1=0100h-01FFh -ABANK2=0200h-02FFh -ABANK3=0300h-03FFh \
  -ABANK4=0400h-04FFh -ABANK5=0500h-05FFh -ABANK6=0600h-06FFh \
  -ABANK7=0700h-07FFh -ABANK8=0800h-08FFh -ABANK9=0900h-09FFh \
  -ABANK10=0A00h-0AFFh -ABANK11=0B00h-0BFFh -ABANK12=0C00h-0CFFh \
  -ABANK13=0D00h-0DE9h \
  -ASFR=0DEFh-0DFFh,0E00h-0EFFh,0F00h-0F5Fh,0F60h-0FFFh \
  -ABIGSFR=0DEFh-0FFFh -ACONFIG=0300000h-030000Bh -AIDLOC=0200000h-020000Fh \
  -AEEDATA=0310000h-03103FFh -peeprom_data=EEDATA \
  -preset_vec=00h,intcode=08h,intcodelo=018h,powerup,init -pramtop=0E00h \
  -psmallconst=SMALLCONST -pmediumconst=MEDIUMCONST -pconst=CONST \
  -AFARRAM=00h-00h \
  -prdata=COMRAM,nvrram=COMRAM,nvbit=COMRAM,rbss=COMRAM,rbit=COMRAM \
  -pfarbss=FARRAM,fardata=FARRAM,nvFARRAM=FARRAM \
  -pintsave_regs=BIGRAM,bigbss=BIGRAM,bigdata=BIGRAM -pbss=RAM \
  -pidata=CODE,irdata=CODE,ibigdata=CODE,ifardata=CODE -prparam=COMRAM \
  C:\Users\User\AppData\Local\Temp\xcAsbe8.o \
  dist/default/production\final-project-dharshannan-and-pablo.X.production.o 

Object code version is 3.11

Machine type is 18F67K40



                Name                               Link     Load   Length Selector   Space Scale
C:\Users\User\AppData\Local\Temp\xcAsbe8.o
                idloc                            200000   200000       10        0       5
                config                           300000   300000        C        0       4
                init                                 7C       7C        4        C       0
                reset_vec                             0        0        4        0       0
dist/default/production\final-project-dharshannan-and-pablo.X.production.o
                intcodelo                            18       18       64        C       0
                intcode                               8        8        6        4       0
                idloc                            200000   200000       10        0       5
                config                           300000   300000        C        0       4
                temp                                 56       56        1        1       1
                smallconst                          E00      E00       20      700       0
                text45                             2022     2022       2C      710       0
                text44                             20A2     20A2       2A      710       0
                text43                             21C2     21C2       18      710       0
                intcode_body                       1BDA     1BDA       5E      710       0
                text40                             21DA     21DA       10      710       0
                text39                             221C     221C        8      710       0
                text38                             213A     213A       20      710       0
                text37                             2078     2078       2A      710       0
                text36                             1F9A     1F9A       30      710       0
                text35                             20CC     20CC       28      710       0
                text34                             1EAA     1EAA       42      710       0
                text33                             220A     220A        A      710       0
                text32                             2200     2200        A      710       0
                text31                             21F6     21F6        A      710       0
                text30                             21EA     21EA        C      710       0
                text29                             1DD0     1DD0       50      710       0
                text28                             1D80     1D80       50      710       0
                text27                             1D30     1D30       50      710       0
                text26                             1CE0     1CE0       50      710       0
                text25                             1B7C     1B7C       5E      710       0
                text24                             2214     2214        8      710       0
                text23                             204E     204E       2A      710       0
                text22                             211A     211A       20      710       0
                text21                             1F66     1F66       34      710       0
                text20                             1FF6     1FF6       2C      710       0
                text19                             215A     215A       1E      710       0
                text18                             21AA     21AA       18      710       0
                text17                             2192     2192       18      710       0
                text16                             2178     2178       1A      710       0
                text15                             20F4     20F4       26      710       0
                text14                             1FCA     1FCA       2C      710       0
                text13                             1E20     1E20       46      710       0
                text12                             18AA     18AA      15E      710       0
                text11                             15BE     15BE      188      710       0
                text10                             1746     1746      164      710       0
                text9                              1EEC     1EEC       40      710       0
                text8                              2224     2224        2      710       0
                text7                              1A08     1A08       CA      710       0
                text6                              1E66     1E66       44      710       0
                text5                              1AD2     1AD2       AA      710       0
                text4                              10DA     10DA      2B4      710       0
                text3                               E20      E20      2BA      710       0
                text2                              1C38     1C38       56      710       0
                text1                              1C8E     1C8E       52      710       0
                text0                              138E     138E      230      710       0
                cstackCOMRAM                          1        1       4C        1       1
                cstackBANK0                          60       60       86       60       1
                cstackBANK1                         100      100       D0      100       1
                cstackBANK2                         200      200       C8      200       1
                cstackBANK3                         300      300       C8      300       1
                cstackBANK4                         400      400       C8      400       1
                bssBANK5                            500      500       3C      500       1
                bssBANK1                            1D0      1D0       20      100       1
                bssBANK0                             E6       E6       15       60       1
                bssCOMRAM                            4D       4D        9        1       1
                cinit                              1F2C     1F2C       3A      710       0

TOTAL           Name                               Link     Load   Length     Space
        CLASS   CODE           
                intcodelo                            18       18       64         0
                intcode                               8        8        6         0
                init                                 7C       7C        4         0
                reset_vec                             0        0        4         0
                text45                             2022     2022       2C         0
                text44                             20A2     20A2       2A         0
                text43                             21C2     21C2       18         0
                intcode_body                       1BDA     1BDA       5E         0
                text40                             21DA     21DA       10         0
                text39                             221C     221C        8         0
                text38                             213A     213A       20         0
                text37                             2078     2078       2A         0
                text36                             1F9A     1F9A       30         0
                text35                             20CC     20CC       28         0
                text34                             1EAA     1EAA       42         0
                text33                             220A     220A        A         0
                text32                             2200     2200        A         0
                text31                             21F6     21F6        A         0
                text30                             21EA     21EA        C         0
                text29                             1DD0     1DD0       50         0
                text28                             1D80     1D80       50         0
                text27                             1D30     1D30       50         0
                text26                             1CE0     1CE0       50         0
                text25                             1B7C     1B7C       5E         0
                text24                             2214     2214        8         0
                text23                             204E     204E       2A         0
                text22                             211A     211A       20         0
                text21                             1F66     1F66       34         0
                text20                             1FF6     1FF6       2C         0
                text19                             215A     215A       1E         0
                text18                             21AA     21AA       18         0
                text17                             2192     2192       18         0
                text16                             2178     2178       1A         0
                text15                             20F4     20F4       26         0
                text14                             1FCA     1FCA       2C         0
                text13                             1E20     1E20       46         0
                text12                             18AA     18AA      15E         0
                text11                             15BE     15BE      188         0
                text10                             1746     1746      164         0
                text9                              1EEC     1EEC       40         0
                text8                              2224     2224        2         0
                text7                              1A08     1A08       CA         0
                text6                              1E66     1E66       44         0
                text5                              1AD2     1AD2       AA         0
                text4                              10DA     10DA      2B4         0
                text3                               E20      E20      2BA         0
                text2                              1C38     1C38       56         0
                text1                              1C8E     1C8E       52         0
                text0                              138E     138E      230         0
                cinit                              1F2C     1F2C       3A         0

        CLASS   CONST          

        CLASS   SMALLCONST     
                smallconst                          E00      E00       20         0

        CLASS   MEDIUMCONST    

        CLASS   COMRAM         
                temp                                 56       56        1         1
                cstackCOMRAM                          1        1       4C         1
                bssCOMRAM                            4D       4D        9         1

        CLASS   ABS1           

        CLASS   BIGRAM         

        CLASS   RAM            

        CLASS   BANK0          
                cstackBANK0                          60       60       86         1
                bssBANK0                             E6       E6       15         1

        CLASS   BANK1          
                cstackBANK1                         100      100       D0         1
                bssBANK1                            1D0      1D0       20         1

        CLASS   BANK2          
                cstackBANK2                         200      200       C8         1

        CLASS   BANK3          
                cstackBANK3                         300      300       C8         1

        CLASS   BANK4          
                cstackBANK4                         400      400       C8         1

        CLASS   BANK5          
                bssBANK5                            500      500       3C         1

        CLASS   BANK6          

        CLASS   BANK7          

        CLASS   BANK8          

        CLASS   BANK9          

        CLASS   BANK10         

        CLASS   BANK11         

        CLASS   BANK12         

        CLASS   BANK13         

        CLASS   SFR            

        CLASS   BIGSFR         

        CLASS   CONFIG         
                config                           300000   300000        C         4

        CLASS   IDLOC          
                idloc                            200000   200000       10         5

        CLASS   EEDATA         

        CLASS   FARRAM         

        CLASS   HEAP           

        CLASS   STACK          



SEGMENTS        Name                           Load    Length   Top    Selector   Space  Class

                reset_vec                      000000  000004  000004         0       0  CODE    
                cstackCOMRAM                   000001  000056  000057         1       1  COMRAM  
                intcode                        000008  000006  00000E         4       0  CODE    
                intcodelo                      000018  000068  000080         C       0  CODE    
                cstackBANK0                    000060  00009B  0000FB        60       1  BANK0   
                cstackBANK1                    000100  0000F0  0001F0       100       1  BANK1   
                cstackBANK2                    000200  0000C8  0002C8       200       1  BANK2   
                cstackBANK3                    000300  0000C8  0003C8       300       1  BANK3   
                cstackBANK4                    000400  0000C8  0004C8       400       1  BANK4   
                bssBANK5                       000500  00003C  00053C       500       1  BANK5   
                smallconst                     000E00  000020  000E20       700       0  SMALLCON
                text3                          000E20  001406  002226       710       0  CODE    


UNUSED ADDRESS RANGES

        Name                Unused          Largest block    Delta
        BANK0            0000FB-0000FF                5
        BANK1            0001F0-0001FF               10
        BANK10           000A00-000AFF              100
        BANK11           000B00-000BFF              100
        BANK12           000C00-000CFF              100
        BANK13           000D00-000DE9               EA
        BANK2            0002C8-0002FF               38
        BANK3            0003C8-0003FF               38
        BANK4            0004C8-0004FF               38
        BANK5            00053C-0005FF               C4
        BANK6            000600-0006FF              100
        BANK7            000700-0007FF              100
        BANK8            000800-0008FF              100
        BANK9            000900-0009FF              100
        BIGRAM           000057-00005F                9
                         0000FB-0000FF                5
                         0001F0-0001FF               10
                         0002C8-0002FF               38
                         0003C8-0003FF               38
                         0004C8-0004FF               38
                         00053C-000DE9              8AE
        BIGSFR           000DEF-000FFF              211
        CODE             000004-000007                4
                         00000E-000017                A
                         000080-000DFF              D80
                         002226-01FFFF            1DDDA
        COMRAM           000057-00005F                9
        CONST            000004-000007                4
                         00000E-000017                A
                         000080-000DFF              D80
                         002226-01FFFF            1DDDA
        EEDATA           310000-3103FF              400
        MEDIUMCONST      002226-00FFFF             DDDA
                         010E00-01FFFF             F200
        RAM              0000FB-0000FF                5
                         0001F0-0001FF               10
                         0002C8-0002FF               38
                         0003C8-0003FF               38
                         0004C8-0004FF               38
                         00053C-000DE9              100
        SFR              000DEF-000FFF              100
        SMALLCONST       002226-01FFFF              100

                                  Symbol Table

?___aodiv                      cstackCOMRAM 00000A
?___aomod                      cstackCOMRAM 00000A
?___wmul                       cstackCOMRAM 00000A
?_abs                          cstackCOMRAM 00001C
?_atoi                         cstackCOMRAM 000010
?_color_read_Blue              cstackCOMRAM 00000E
?_color_read_Clear             cstackCOMRAM 00000E
?_color_read_Green             cstackCOMRAM 00000E
?_color_read_Red               cstackCOMRAM 00000E
?_isdigit                      cstackCOMRAM 00000A
?_isspace                      cstackCOMRAM 00000A
?_sprintf                      cstackBANK0  000078
?_vfprintf                     cstackBANK0  000072
HighISR@a                      cstackCOMRAM 000005
I2C_2_Master_Read@ack          cstackCOMRAM 00000C
I2C_2_Master_Read@tmp          cstackCOMRAM 00000D
I2C_2_Master_Write@data_byte   cstackCOMRAM 00000B
TxBufferedString@string        cstackCOMRAM 00000B
Update_RGBC@tempval            cstackCOMRAM 000015
_ANSELDbits                    (abs)        000EA7
_BAUD4CONbits                  (abs)        000EE9
_CCP1CONbits                   (abs)        000FAB
_CCP2CONbits                   (abs)        000FA7
_CCP3CONbits                   (abs)        000F26
_CCP4CONbits                   (abs)        000F22
_CCPR1H                        (abs)        000FAA
_CCPR2H                        (abs)        000FA6
_CCPR3H                        (abs)        000F25
_CCPR4H                        (abs)        000F21
_CCPTMRS0bits                  (abs)        000FAD
_EUSART4RXbuf                  bssBANK0     0000E6
_EUSART4TXbuf                  bssBANK5     000500
_HighISR                       intcode      000008
_I2C_2_Master_Idle             text35       0020CC
_I2C_2_Master_Init             text23       00204E
_I2C_2_Master_Read             text34       001EAA
_I2C_2_Master_RepStart         text33       00220A
_I2C_2_Master_Start            text32       002200
_I2C_2_Master_Stop             text31       0021F6
_I2C_2_Master_Write            text30       0021EA
_INTCONbits                    (abs)        000FF2
_IPR0bits                      (abs)        000E1F
_Interrupts_init               text40       0021DA
_LATAbits                      (abs)        000F79
_LATCbits                      (abs)        000F7B
_LATEbits                      (abs)        000F7D
_LATFbits                      (abs)        000F7E
_LATGbits                      (abs)        000F7F
_LATHbits                      (abs)        000F80
_LED_init                      text39       00221C
_LowISR                        intcodelo    000018
_PIE0bits                      (abs)        000E29
_PIE4bits                      (abs)        000E2D
_PIR0bits                      (abs)        000E33
_PIR4bits                      (abs)        000E37
_RC0PPS                        (abs)        000E62
_RC4REG                        (abs)        000EE3
_RC4STAbits                    (abs)        000EE7
_RC7PPS                        (abs)        000E69
_RD5PPS                        (abs)        000E6F
_RD6PPS                        (abs)        000E70
_RE2PPS                        (abs)        000E74
_RE4PPS                        (abs)        000E76
_RG6PPS                        (abs)        000E88
_RX4PPS                        (abs)        000E15
_RxBufReadCnt                  bssCOMRAM    000054
_RxBufWriteCnt                 bssCOMRAM    000055
_SP4BRGH                       (abs)        000EE6
_SP4BRGL                       (abs)        000EE5
_SSP2ADD                       (abs)        000ED6
_SSP2BUF                       (abs)        000ED5
_SSP2CLKPPS                    (abs)        000E1C
_SSP2CON1bits                  (abs)        000ED9
_SSP2CON2                      (abs)        000EDA
_SSP2CON2bits                  (abs)        000EDA
_SSP2DATPPS                    (abs)        000E1D
_SSP2STAT                      (abs)        000ED8
_T0CON0bits                    (abs)        000FD5
_T0CON1bits                    (abs)        000FD6
_T2CLKCONbits                  (abs)        000FBF
_T2CONbits                     (abs)        000FBD
_T2HLTbits                     (abs)        000FBE
_T2PR                          (abs)        000FBC
_TMR0H                         (abs)        000FD4
_TMR0L                         (abs)        000FD3
_TRISAbits                     (abs)        000F81
_TRISCbits                     (abs)        000F83
_TRISDbits                     (abs)        000F84
_TRISEbits                     (abs)        000F85
_TRISFbits                     (abs)        000F86
_TRISGbits                     (abs)        000F87
_TX4REG                        (abs)        000EE4
_TX4STAbits                    (abs)        000EE8
_Timer0_init                   text38       00213A
_TxBufReadCnt                  bssCOMRAM    000052
_TxBufWriteCnt                 bssCOMRAM    000053
_TxBufferedString              text36       001F9A
_Update_RGBC                   text25       001B7C
_WhiteLight                    text24       002214
__HRAM                         (abs)        000000
__Habs1                        abs1         000000
__Hbank0                       bank0        000000
__Hbank1                       bank1        000000
__Hbank10                      bank10       000000
__Hbank11                      bank11       000000
__Hbank12                      bank12       000000
__Hbank13                      bank13       000000
__Hbank2                       bank2        000000
__Hbank3                       bank3        000000
__Hbank4                       bank4        000000
__Hbank5                       bank5        000000
__Hbank6                       bank6        000000
__Hbank7                       bank7        000000
__Hbank8                       bank8        000000
__Hbank9                       bank9        000000
__Hbigbss                      bigbss       000000
__Hbigdata                     bigdata      000000
__Hbigram                      bigram       000000
__Hbigsfr                      bigsfr       000000
__Hbss                         bss          000000
__HbssBANK0                    bssBANK0     000000
__HbssBANK1                    bssBANK1     000000
__HbssBANK5                    bssBANK5     000000
__HbssCOMRAM                   bssCOMRAM    000000
__Hcinit                       cinit        000000
__Hclrtext                     clrtext      000000
__Hcomram                      comram       000000
__Hconfig                      config       30000C
__Hconst                       const        000000
__HcstackBANK0                 cstackBANK0  000000
__HcstackBANK1                 cstackBANK1  000000
__HcstackBANK2                 cstackBANK2  000000
__HcstackBANK3                 cstackBANK3  000000
__HcstackBANK4                 cstackBANK4  000000
__HcstackCOMRAM                cstackCOMRAM 000000
__Hdata                        data         000000
__Heeprom_data                 eeprom_data  000000
__Hfarbss                      farbss       000000
__Hfardata                     fardata      000000
__Hheap                        heap         000000
__Hibigdata                    ibigdata     000000
__Hidata                       idata        000000
__Hidloc                       idloc        200010
__Hifardata                    ifardata     000000
__Hinit                        init         000080
__Hintcode                     intcode      00000E
__Hintcode_body                intcode_body 000000
__Hintcodelo                   intcodelo    00007C
__Hintentry                    intentry     000000
__Hintret                      intret       000000
__Hintsave_regs                intsave_regs 000000
__Hirdata                      irdata       000000
__Hmediumconst                 mediumconst  000000
__HnvFARRAM                    nvFARRAM     000000
__Hnvbit                       nvbit        000000
__Hnvrram                      nvrram       000000
__Hparam                       rparam       000000
__Hpowerup                     powerup      00007C
__Hram                         ram          000000
__Hramtop                      ramtop       000E00
__Hrbit                        rbit         000000
__Hrbss                        rbss         000000
__Hrdata                       rdata        000000
__Hreset_vec                   reset_vec    000004
__Hrparam                      rparam       000000
__Hsfr                         sfr          000000
__Hsmallconst                  smallconst   000E20
__Hspace_0                     (abs)        002226
__Hspace_1                     (abs)        00053C
__Hspace_2                     (abs)        000000
__Hspace_4                     (abs)        60000C
__Hstack                       stack        000000
__Hstruct                      struct       000000
__Htemp                        temp         000057
__Htext                        text         000000
__Htext0                       text0        000000
__Htext1                       text1        000000
__Htext10                      text10       000000
__Htext11                      text11       000000
__Htext12                      text12       000000
__Htext13                      text13       000000
__Htext14                      text14       000000
__Htext15                      text15       000000
__Htext16                      text16       000000
__Htext17                      text17       000000
__Htext18                      text18       000000
__Htext19                      text19       000000
__Htext2                       text2        000000
__Htext20                      text20       000000
__Htext21                      text21       000000
__Htext22                      text22       000000
__Htext23                      text23       000000
__Htext24                      text24       000000
__Htext25                      text25       000000
__Htext26                      text26       000000
__Htext27                      text27       000000
__Htext28                      text28       000000
__Htext29                      text29       000000
__Htext3                       text3        000000
__Htext30                      text30       000000
__Htext31                      text31       000000
__Htext32                      text32       000000
__Htext33                      text33       000000
__Htext34                      text34       000000
__Htext35                      text35       000000
__Htext36                      text36       000000
__Htext37                      text37       000000
__Htext38                      text38       000000
__Htext39                      text39       000000
__Htext4                       text4        000000
__Htext40                      text40       000000
__Htext43                      text43       000000
__Htext44                      text44       000000
__Htext45                      text45       000000
__Htext5                       text5        000000
__Htext6                       text6        000000
__Htext7                       text7        000000
__Htext8                       text8        000000
__Htext9                       text9        000000
__LRAM                         (abs)        000001
__Labs1                        abs1         000000
__Lbank0                       bank0        000000
__Lbank1                       bank1        000000
__Lbank10                      bank10       000000
__Lbank11                      bank11       000000
__Lbank12                      bank12       000000
__Lbank13                      bank13       000000
__Lbank2                       bank2        000000
__Lbank3                       bank3        000000
__Lbank4                       bank4        000000
__Lbank5                       bank5        000000
__Lbank6                       bank6        000000
__Lbank7                       bank7        000000
__Lbank8                       bank8        000000
__Lbank9                       bank9        000000
__Lbigbss                      bigbss       000000
__Lbigdata                     bigdata      000000
__Lbigram                      bigram       000000
__Lbigsfr                      bigsfr       000000
__Lbss                         bss          000000
__LbssBANK0                    bssBANK0     000000
__LbssBANK1                    bssBANK1     000000
__LbssBANK5                    bssBANK5     000000
__LbssCOMRAM                   bssCOMRAM    000000
__Lcinit                       cinit        000000
__Lclrtext                     clrtext      000000
__Lcomram                      comram       000000
__Lconfig                      config       000000
__Lconst                       const        000000
__LcstackBANK0                 cstackBANK0  000000
__LcstackBANK1                 cstackBANK1  000000
__LcstackBANK2                 cstackBANK2  000000
__LcstackBANK3                 cstackBANK3  000000
__LcstackBANK4                 cstackBANK4  000000
__LcstackCOMRAM                cstackCOMRAM 000000
__Ldata                        data         000000
__Leeprom_data                 eeprom_data  000000
__Lfarbss                      farbss       000000
__Lfardata                     fardata      000000
__Lheap                        heap         000000
__Libigdata                    ibigdata     000000
__Lidata                       idata        000000
__Lidloc                       idloc        000000
__Lifardata                    ifardata     000000
__Linit                        init         00007C
__Lintcode                     intcode      000008
__Lintcode_body                intcode_body 000000
__Lintcodelo                   intcodelo    000018
__Lintentry                    intentry     000000
__Lintret                      intret       000000
__Lintsave_regs                intsave_regs 000000
__Lirdata                      irdata       000000
__Lmediumconst                 mediumconst  000000
__LnvFARRAM                    nvFARRAM     000000
__Lnvbit                       nvbit        000000
__Lnvrram                      nvrram       000000
__Lparam                       rparam       000000
__Lpowerup                     powerup      00007C
__Lram                         ram          000000
__Lramtop                      ramtop       000E00
__Lrbit                        rbit         000000
__Lrbss                        rbss         000000
__Lrdata                       rdata        000000
__Lreset_vec                   reset_vec    000000
__Lrparam                      rparam       000000
__Lsfr                         sfr          000000
__Lsmallconst                  smallconst   000E00
__Lspace_0                     (abs)        000000
__Lspace_1                     (abs)        000000
__Lspace_2                     (abs)        000000
__Lspace_4                     (abs)        000000
__Lstack                       stack        000000
__Lstruct                      struct       000000
__Ltemp                        temp         000056
__Ltext                        text         000000
__Ltext0                       text0        000000
__Ltext1                       text1        000000
__Ltext10                      text10       000000
__Ltext11                      text11       000000
__Ltext12                      text12       000000
__Ltext13                      text13       000000
__Ltext14                      text14       000000
__Ltext15                      text15       000000
__Ltext16                      text16       000000
__Ltext17                      text17       000000
__Ltext18                      text18       000000
__Ltext19                      text19       000000
__Ltext2                       text2        000000
__Ltext20                      text20       000000
__Ltext21                      text21       000000
__Ltext22                      text22       000000
__Ltext23                      text23       000000
__Ltext24                      text24       000000
__Ltext25                      text25       000000
__Ltext26                      text26       000000
__Ltext27                      text27       000000
__Ltext28                      text28       000000
__Ltext29                      text29       000000
__Ltext3                       text3        000000
__Ltext30                      text30       000000
__Ltext31                      text31       000000
__Ltext32                      text32       000000
__Ltext33                      text33       000000
__Ltext34                      text34       000000
__Ltext35                      text35       000000
__Ltext36                      text36       000000
__Ltext37                      text37       000000
__Ltext38                      text38       000000
__Ltext39                      text39       000000
__Ltext4                       text4        000000
__Ltext40                      text40       000000
__Ltext43                      text43       000000
__Ltext44                      text44       000000
__Ltext45                      text45       000000
__Ltext5                       text5        000000
__Ltext6                       text6        000000
__Ltext7                       text7        000000
__Ltext8                       text8        000000
__Ltext9                       text9        000000
__S0                           (abs)        002226
__S1                           (abs)        00053C
__S4                           (abs)        000000
__S5                           (abs)        000000
___aodiv                       text11       0015BE
___aodiv@counter               cstackCOMRAM 00001A
___aodiv@dividend              cstackCOMRAM 00000A
___aodiv@divisor               cstackCOMRAM 000012
___aodiv@quotient              cstackCOMRAM 00001C
___aodiv@sign                  cstackCOMRAM 00001B
___aomod                       text10       001746
___aomod@counter               cstackCOMRAM 00001A
___aomod@dividend              cstackCOMRAM 00000A
___aomod@divisor               cstackCOMRAM 000012
___aomod@sign                  cstackCOMRAM 00001B
___heap_hi                     (abs)        000000
___heap_lo                     (abs)        000000
___inthi_sp                    stack        000000
___intlo_sp                    stack        000000
___param_bank                  (abs)        000000
___rparam_used                 (abs)        000001
___sp                          stack        000000
___wmul                        text15       0020F4
___wmul@multiplicand           cstackCOMRAM 00000C
___wmul@multiplier             cstackCOMRAM 00000A
___wmul@product                cstackCOMRAM 00000E
__accesstop                    (abs)        000060
__activetblptr                 (abs)        000003
__end_of_HighISR               intcode_body 001C38
__end_of_I2C_2_Master_Idle     text35       0020F4
__end_of_I2C_2_Master_Init     text23       002078
__end_of_I2C_2_Master_Read     text34       001EEC
__end_of_I2C_2_Master_RepStart text33       002214
__end_of_I2C_2_Master_Start    text32       00220A
__end_of_I2C_2_Master_Stop     text31       002200
__end_of_I2C_2_Master_Write    text30       0021F6
__end_of_Interrupts_init       text40       0021EA
__end_of_LED_init              text39       002224
__end_of_LowISR                intcodelo    00007C
__end_of_Timer0_init           text38       00215A
__end_of_TxBufferedString      text36       001FCA
__end_of_Update_RGBC           text25       001BDA
__end_of_WhiteLight            text24       00221C
__end_of___aodiv               text11       001746
__end_of___aomod               text10       0018AA
__end_of___wmul                text15       00211A
__end_of__initialization       cinit        001F5C
__end_of_abs                   text9        001F2C
__end_of_atoi                  text12       001A08
__end_of_color_click_init      text21       001F9A
__end_of_color_read_Blue       text29       001E20
__end_of_color_read_Clear      text28       001DD0
__end_of_color_read_Green      text27       001D80
__end_of_color_read_Red        text26       001D30
__end_of_color_writetoaddr     text22       00213A
__end_of_dtoa                  text4        00138E
__end_of_fputc                 text7        001AD2
__end_of_fputs                 text6        001EAA
__end_of_getCharFromRxBuf      text20       002022
__end_of_getCharFromTxBuf      text45       00204E
__end_of_initUSART4            text19       002178
__end_of_isDataInRxBuf         text18       0021C2
__end_of_isDataInTxBuf         text17       0021AA
__end_of_isdigit               text14       001FF6
__end_of_isspace               text13       001E66
__end_of_main                  text0        0015BE
__end_of_pad                   text5        001B7C
__end_of_putCharToRxBuf        text44       0020CC
__end_of_putCharToTxBuf        text37       0020A2
__end_of_putch                 text8        002226
__end_of_sendTxBuf             text16       002192
__end_of_sprintf               text1        001CE0
__end_of_vfpfcnvrt             text3        0010DA
__end_of_vfprintf              text2        001C8E
__end_ofi2_isDataInTxBuf       text43       0021DA
__initialization               cinit        001F2C
__mediumconst                  mediumconst  000000
__pbssBANK0                    bssBANK0     0000E6
__pbssBANK1                    bssBANK1     0001D0
__pbssBANK5                    bssBANK5     000500
__pbssCOMRAM                   bssCOMRAM    00004D
__pcinit                       cinit        001F2C
__pcstackBANK0                 cstackBANK0  000060
__pcstackBANK1                 cstackBANK1  000100
__pcstackBANK2                 cstackBANK2  000200
__pcstackBANK3                 cstackBANK3  000300
__pcstackBANK4                 cstackBANK4  000400
__pcstackCOMRAM                cstackCOMRAM 000001
__pintcode                     intcode      000008
__pintcode_body                intcode_body 001BDA
__pintcodelo                   intcodelo    000018
__psmallconst                  smallconst   000E00
__ptext0                       text0        00138E
__ptext1                       text1        001C8E
__ptext10                      text10       001746
__ptext11                      text11       0015BE
__ptext12                      text12       0018AA
__ptext13                      text13       001E20
__ptext14                      text14       001FCA
__ptext15                      text15       0020F4
__ptext16                      text16       002178
__ptext17                      text17       002192
__ptext18                      text18       0021AA
__ptext19                      text19       00215A
__ptext2                       text2        001C38
__ptext20                      text20       001FF6
__ptext21                      text21       001F66
__ptext22                      text22       00211A
__ptext23                      text23       00204E
__ptext24                      text24       002214
__ptext25                      text25       001B7C
__ptext26                      text26       001CE0
__ptext27                      text27       001D30
__ptext28                      text28       001D80
__ptext29                      text29       001DD0
__ptext3                       text3        000E20
__ptext30                      text30       0021EA
__ptext31                      text31       0021F6
__ptext32                      text32       002200
__ptext33                      text33       00220A
__ptext34                      text34       001EAA
__ptext35                      text35       0020CC
__ptext36                      text36       001F9A
__ptext37                      text37       002078
__ptext38                      text38       00213A
__ptext39                      text39       00221C
__ptext4                       text4        0010DA
__ptext40                      text40       0021DA
__ptext43                      text43       0021C2
__ptext44                      text44       0020A2
__ptext45                      text45       002022
__ptext5                       text5        001AD2
__ptext6                       text6        001E66
__ptext7                       text7        001A08
__ptext8                       text8        002224
__ptext9                       text9        001EEC
__ramtop                       ramtop       000E00
__smallconst                   smallconst   000E00
_abs                           text9        001EEC
_atoi                          text12       0018AA
_color_click_init              text21       001F66
_color_read_Blue               text29       001DD0
_color_read_Clear              text28       001D80
_color_read_Green              text27       001D30
_color_read_Red                text26       001CE0
_color_writetoaddr             text22       00211A
_dbuf                          bssBANK1     0001D0
_dtoa                          text4        0010DA
_dtoa$2298                     cstackCOMRAM 000037
_flags                         bssCOMRAM    000051
_fputc                         text7        001A08
_fputs                         text6        001E66
_getCharFromRxBuf              text20       001FF6
_getCharFromTxBuf              text45       002022
_initUSART4                    text19       00215A
_isDataInRxBuf                 text18       0021AA
_isDataInTxBuf                 text17       002192
_isdigit                       text14       001FCA
_isspace                       text13       001E20
_isspace$2347                  cstackCOMRAM 00000E
_main                          text0        00138E
_pad                           text5        001AD2
_prec                          bssCOMRAM    00004F
_putCharToRxBuf                text44       0020A2
_putCharToTxBuf                text37       002078
_putch                         text8        002224
_sendTxBuf                     text16       002178
_sprintf                       text1        001C8E
_tmr_ovf                       bssBANK0     0000FA
_vfpfcnvrt                     text3        000E20
_vfprintf                      text2        001C38
_width                         bssCOMRAM    00004D
abs@a                          cstackCOMRAM 00001C
atoi@n                         cstackCOMRAM 000017
atoi@neg                       cstackCOMRAM 000015
atoi@s                         cstackCOMRAM 000010
btemp                          temp         000056
color_read_Blue@tmp            cstackCOMRAM 000013
color_read_Clear@tmp           cstackCOMRAM 000013
color_read_Green@tmp           cstackCOMRAM 000013
color_read_Red@tmp             cstackCOMRAM 000013
color_writetoaddr@address      cstackCOMRAM 00000D
color_writetoaddr@value        cstackCOMRAM 00000C
dtoa@d                         cstackCOMRAM 000027
dtoa@fp                        cstackCOMRAM 000025
dtoa@i                         cstackCOMRAM 000046
dtoa@n                         cstackCOMRAM 00003D
dtoa@p                         cstackCOMRAM 000039
dtoa@s                         cstackCOMRAM 000045
dtoa@w                         cstackCOMRAM 00003B
end_of_initialization          cinit        001F5C
fputc@c                        cstackCOMRAM 00000A
fputc@fp                       cstackCOMRAM 00000C
fputs@c                        cstackCOMRAM 000017
fputs@fp                       cstackCOMRAM 000015
fputs@i                        cstackCOMRAM 000018
fputs@s                        cstackCOMRAM 000013
i2_isDataInTxBuf               text43       0021C2
int$flags                      temp         000056
int_func                       intcode_body 001BDA
intlevel0                      text         000000
intlevel1                      text         000000
intlevel2                      text         000000
intlevel3                      text         000000
isa$std                        (abs)        000001
isa$xinst                      (abs)        000000
isdigit@c                      cstackCOMRAM 00000A
isspace@c                      cstackCOMRAM 00000A
main@a                         cstackBANK0  0000E5
main@cont                      cstackBANK0  0000E3
main@i                         cstackBANK0  0000E4
main@initial_color             cstackBANK1  0001C8
main@readingsB                 cstackBANK3  000300
main@readingsC                 cstackBANK4  000400
main@readingsG                 cstackBANK2  000200
main@readingsR                 cstackBANK1  000100
main@string                    cstackBANK0  000093
main@string2                   cstackBANK0  0000BB
pad@buf                        cstackCOMRAM 00001C
pad@fp                         cstackCOMRAM 00001A
pad@i                          cstackCOMRAM 000021
pad@p                          cstackCOMRAM 00001E
pad@w                          cstackCOMRAM 000023
putCharToRxBuf@byte            cstackCOMRAM 000001
putCharToTxBuf@byte            cstackCOMRAM 00000A
sprintf@ap                     cstackBANK0  000084
sprintf@f                      cstackBANK0  000086
sprintf@fmt                    cstackBANK0  00007A
sprintf@s                      cstackBANK0  000078
stackhi                        (abs)        000000
stacklo                        (abs)        000000
start                          init         00007C
start_initialization           cinit        001F2C
ttemp5                         temp         000057
ttemp6                         temp         00005A
ttemp7                         temp         00005E
vfpfcnvrt@ap                   cstackBANK0  000064
vfpfcnvrt@convarg              cstackBANK0  000066
vfpfcnvrt@cp                   cstackBANK0  000070
vfpfcnvrt@done                 cstackBANK0  00006E
vfpfcnvrt@fmt                  cstackBANK0  000062
vfpfcnvrt@fp                   cstackBANK0  000060
vfprintf@ap                    cstackBANK0  000076
vfprintf@cfmt                  cstackCOMRAM 00004B
vfprintf@fmt                   cstackBANK0  000074
vfprintf@fp                    cstackBANK0  000072
wtemp8                         temp         000057


MODULE INFORMATION

Module		Function		Class		Link	Load	Size
serial.c
		_putCharToRxBuf		CODE           	20A2	0000	42
		_putCharToTxBuf		CODE           	2078	0000	42
		_isDataInRxBuf 		CODE           	21AA	0000	24
		_isDataInTxBuf 		CODE           	2192	0000	24
		_TxBufferedString		CODE           	1F9A	0000	48
		_getCharFromRxBuf		CODE           	1FF6	0000	44
		_getCharFromTxBuf		CODE           	2022	0000	44
		_sendTxBuf     		CODE           	2178	0000	26
		_initUSART4    		CODE           	215A	0000	30

serial.c estimated size: 324

timers.c
		_Timer0_init   		CODE           	213A	0000	32

timers.c estimated size: 32

color.c
		_Update_RGBC   		CODE           	1B7C	0000	94
		_color_writetoaddr		CODE           	211A	0000	32
		_color_click_init		CODE           	1F66	0000	52
		_color_read_Green		CODE           	1D30	0000	80
		_color_read_Clear		CODE           	1D80	0000	80
		_color_read_Red		CODE           	1CE0	0000	80
		_color_read_Blue		CODE           	1DD0	0000	80

color.c estimated size: 498

LED_Buttons.c
		_WhiteLight    		CODE           	2214	0000	8
		_LED_init      		CODE           	221C	0000	8

LED_Buttons.c estimated size: 16

D:\MPLAB_COMPILER\pic\sources\c99\common\nf_sprintf.c
		_sprintf       		CODE           	1C8E	0000	82

D:\MPLAB_COMPILER\pic\sources\c99\common\nf_sprintf.c estimated size: 82

D:\MPLAB_COMPILER\pic\sources\c99\common\isspace.c
		_isspace       		CODE           	1E20	0000	70

D:\MPLAB_COMPILER\pic\sources\c99\common\isspace.c estimated size: 70

interrupts.c
		_LowISR        		CODE           	0018	0000	100
		_Interrupts_init		CODE           	21DA	0000	16
		_HighISR       		CODE           	0008	0000	100

interrupts.c estimated size: 216

D:\MPLAB_COMPILER\pic\sources\c99\common\Umul16.c
		___wmul        		CODE           	20F4	0000	38

D:\MPLAB_COMPILER\pic\sources\c99\common\Umul16.c estimated size: 38

i2c.c
		_I2C_2_Master_Start		CODE           	2200	0000	10
		_I2C_2_Master_Read		CODE           	1EAA	0000	66
		_I2C_2_Master_Idle		CODE           	20CC	0000	40
		_I2C_2_Master_Init		CODE           	204E	0000	42
		_I2C_2_Master_Stop		CODE           	21F6	0000	10
		_I2C_2_Master_RepStart		CODE           	220A	0000	10
		_I2C_2_Master_Write		CODE           	21EA	0000	12

i2c.c estimated size: 190

D:\MPLAB_COMPILER\pic\sources\c99\common\atoi.c
		_atoi          		CODE           	18AA	0000	350

D:\MPLAB_COMPILER\pic\sources\c99\common\atoi.c estimated size: 350

D:\MPLAB_COMPILER\pic\sources\c99\common\nf_fputs.c
		_fputs         		CODE           	1E66	0000	68

D:\MPLAB_COMPILER\pic\sources\c99\common\nf_fputs.c estimated size: 68

D:\MPLAB_COMPILER\pic\sources\c99\common\isdigit.c
		_isdigit       		CODE           	1FCA	0000	44

D:\MPLAB_COMPILER\pic\sources\c99\common\isdigit.c estimated size: 44

D:\MPLAB_COMPILER\pic\sources\c99\common\aomod.c
		___aomod       		CODE           	1746	0000	356

D:\MPLAB_COMPILER\pic\sources\c99\common\aomod.c estimated size: 356

shared
		__initialization		CODE           	1F2C	0000	48
		i2_isDataInTxBuf		CODE           	21C2	0000	24

shared estimated size: 72

D:\MPLAB_COMPILER\pic\sources\c99\common\abs.c
		_abs           		CODE           	1EEC	0000	64

D:\MPLAB_COMPILER\pic\sources\c99\common\abs.c estimated size: 64

D:\MPLAB_COMPILER\pic\sources\c99\common\putch.c
		_putch         		CODE           	2224	0000	2

D:\MPLAB_COMPILER\pic\sources\c99\common\putch.c estimated size: 2

main_calibration.c
		_main          		CODE           	138E	0000	560

main_calibration.c estimated size: 560

D:\MPLAB_COMPILER\pic\sources\c99\common\doprnt.c
		_vfpfcnvrt     		CODE           	0E20	0000	698
		_pad           		CODE           	1AD2	0000	170
		_dtoa          		CODE           	10DA	0000	692
		_vfprintf      		CODE           	1C38	0000	86

D:\MPLAB_COMPILER\pic\sources\c99\common\doprnt.c estimated size: 1646

D:\MPLAB_COMPILER\pic\sources\c99\common\nf_fputc.c
		_fputc         		CODE           	1A08	0000	202

D:\MPLAB_COMPILER\pic\sources\c99\common\nf_fputc.c estimated size: 202

D:\MPLAB_COMPILER\pic\sources\c99\common\aodiv.c
		___aodiv       		CODE           	15BE	0000	392

D:\MPLAB_COMPILER\pic\sources\c99\common\aodiv.c estimated size: 392

