Microchip MPLAB XC8 Compiler V2.40

Linker command line:

-W-3 --edf=D:\MPLAB_COMPILER\pic\dat\20220703182018_en.msgs -cn \
  -h+dist/default/production\final-project-dharshannan-and-pablo.X.production.sym \
  --cmf=dist/default/production\final-project-dharshannan-and-pablo.X.production.cmf \
  -z -Q18F67K40 -oC:\Users\User\AppData\Local\Temp\xcAscjg.4 \
  --defsym=__MPLAB_BUILD=1 --fixupoverflow=error \
  -Mdist/default/production/final-project-dharshannan-and-pablo.X.production.map \
  --md=C:\Users\User\AppData\Local\Temp\xcAscjg.dat -E1 -ver=XC8 Compiler \
  --acfsm=1493 -ACODE=00h-01FFFFh -ACONST=00h-01FFFFh \
  -ASMALLCONST=0E00h-0EFFhx498 -AMEDIUMCONST=0E00h-0FFFFh,010E00h-01FFFFh \
  -ACOMRAM=01h-05Fh -AABS1=00h-0DE9h -ABIGRAM=01h-0DE9h \
  -ARAM=060h-0FFh,0100h-01FFhx12,0D00h-0DE9h -ABANK0=060h-0FFh \
  -ABANK1=0100h-01FFh -ABANK2=0200h-02FFh -ABANK3=0300h-03FFh \
  -ABANK4=0400h-04FFh -ABANK5=0500h-05FFh -ABANK6=0600h-06FFh \
  -ABANK7=0700h-07FFh -ABANK8=0800h-08FFh -ABANK9=0900h-09FFh \
  -ABANK10=0A00h-0AFFh -ABANK11=0B00h-0BFFh -ABANK12=0C00h-0CFFh \
  -ABANK13=0D00h-0DE9h \
  -ASFR=0DEFh-0DFFh,0E00h-0EFFh,0F00h-0F5Fh,0F60h-0FFFh \
  -ABIGSFR=0DEFh-0FFFh -ACONFIG=0300000h-030000Bh -AIDLOC=0200000h-020000Fh \
  -AEEDATA=0310000h-03103FFh -peeprom_data=EEDATA \
  -preset_vec=00h,intcode=08h,intcodelo=018h,powerup,init -pramtop=0E00h \
  -psmallconst=SMALLCONST -pmediumconst=MEDIUMCONST -pconst=CONST \
  -AFARRAM=00h-00h \
  -prdata=COMRAM,nvrram=COMRAM,nvbit=COMRAM,rbss=COMRAM,rbit=COMRAM \
  -pfarbss=FARRAM,fardata=FARRAM,nvFARRAM=FARRAM \
  -pintsave_regs=BIGRAM,bigbss=BIGRAM,bigdata=BIGRAM -pbss=RAM \
  -pidata=CODE,irdata=CODE,ibigdata=CODE,ifardata=CODE -prparam=COMRAM \
  C:\Users\User\AppData\Local\Temp\xcAscjg.o \
  dist/default/production\final-project-dharshannan-and-pablo.X.production.o 

Object code version is 3.11

Machine type is 18F67K40



                Name                               Link     Load   Length Selector   Space Scale
C:\Users\User\AppData\Local\Temp\xcAscjg.o
                idloc                            200000   200000       10        0       5
                config                           300000   300000        C        0       4
                init                                 58       58        4        C       0
                reset_vec                             0        0        4        0       0
dist/default/production\final-project-dharshannan-and-pablo.X.production.o
                intcodelo                            18       18       40        C       0
                intcode                               8        8        6        4       0
                idloc                            200000   200000       10        0       5
                config                           300000   300000        C        0       4
                temp                                 57       57        1        1       1
                text62                             28F6     28F6       28        C       0
                text61                             2AAC     2AAC        A        C       0
                text60                             2AA2     2AA2        A        C       0
                text59                             2A78     2A78        C        C       0
                text58                             29EA     29EA       20        C       0
                text57                             272E     272E       50        C       0
                text56                             2A42     2A42       1A        C       0
                intcode_body                       29CA     29CA       20        C       0
                text53                             2872     2872       32        C       0
                text52                             28CE     28CE       28        C       0
                text51                             2A98     2A98        A        C       0
                text50                             2A8E     2A8E        A        C       0
                text49                             2A6C     2A6C        C        C       0
                text48                             29AA     29AA       20        C       0
                text47                             26DE     26DE       50        C       0
                text46                             2A28     2A28       1A        C       0
                text45                             2A0A     2A0A       1E        C       0
                text44                             2A5C     2A5C       10        C       0
                text43                             298A     298A       20        C       0
                text42                             27C4     27C4       42        C       0
                text41                             2A84     2A84        A        C       0
                text40                             268E     268E       50        C       0
                text39                             263E     263E       50        C       0
                text38                             25EE     25EE       50        C       0
                text37                             259E     259E       50        C       0
                text36                             2540     2540       5E        C       0
                text35                             23F0     23F0       74        C       0
                text34                             291E     291E       26        C       0
                text33                             14E0     14E0      16C        C       0
                text32                             1A1E     1A1E       EE        C       0
                text31                             1BF6     1BF6       D4        C       0
                text30                             1930     1930       EE        C       0
                text29                             1F8E     1F8E       AE        C       0
                text28                             1E2E     1E2E       B2        C       0
                text27                             236A     236A       86        C       0
                text26                             1842     1842       EE        C       0
                text25                             1D7C     1D7C       B2        C       0
                text24                             1754     1754       EE        C       0
                text23                             1EE0     1EE0       AE        C       0
                text22                             22E4     22E4       86        C       0
                text21                             1CCA     1CCA       B2        C       0
                text20                             2944     2944       24        C       0
                text19                             24D2     24D2       6E        C       0
                text18                             225E     225E       86        C       0
                text17                             2464     2464       6E        C       0
                text16                             21D8     21D8       86        C       0
                text15                             2152     2152       86        C       0
                text14                             20CC     20CC       86        C       0
                text13                              E40      E40      284        C       0
                text12                             2968     2968       22        C       0
                text11                             2806     2806       38        C       0
                text10                             1B0C     1B0C       EA        C       0
                text9                              2AB6     2AB6        8        C       0
                text8                              28A4     28A4       2A        C       0
                text7                              283E     283E       34        C       0
                text6                               AA6      AA6      39A        C       0
                text5                               67C      67C      42A        C       0
                text4                              164C     164C      108        C       0
                text3                              132C     132C      1B4        C       0
                text2                                5C       5C      620        C       0
                text1                              203C     203C       90        C       0
                text0                              10C4     10C4      268        C       0
                cstackCOMRAM                          1        1       4E        1       1
                cstackBANK0                          9F       9F       38       60       1
                bssBANK1                            100      100       8C      100       1
                dataBANK0                            D7       D7        2       60       1
                bssBANK0                             60       60       3F       60       1
                bssCOMRAM                            4F       4F        8        1       1
                cinit                              277E     277E       46        C       0
                idataBANK0                         2ABE     2ABE        2        C       0

TOTAL           Name                               Link     Load   Length     Space
        CLASS   CODE           
                intcodelo                            18       18       40         0
                intcode                               8        8        6         0
                init                                 58       58        4         0
                reset_vec                             0        0        4         0
                text62                             28F6     28F6       28         0
                text61                             2AAC     2AAC        A         0
                text60                             2AA2     2AA2        A         0
                text59                             2A78     2A78        C         0
                text58                             29EA     29EA       20         0
                text57                             272E     272E       50         0
                text56                             2A42     2A42       1A         0
                intcode_body                       29CA     29CA       20         0
                text53                             2872     2872       32         0
                text52                             28CE     28CE       28         0
                text51                             2A98     2A98        A         0
                text50                             2A8E     2A8E        A         0
                text49                             2A6C     2A6C        C         0
                text48                             29AA     29AA       20         0
                text47                             26DE     26DE       50         0
                text46                             2A28     2A28       1A         0
                text45                             2A0A     2A0A       1E         0
                text44                             2A5C     2A5C       10         0
                text43                             298A     298A       20         0
                text42                             27C4     27C4       42         0
                text41                             2A84     2A84        A         0
                text40                             268E     268E       50         0
                text39                             263E     263E       50         0
                text38                             25EE     25EE       50         0
                text37                             259E     259E       50         0
                text36                             2540     2540       5E         0
                text35                             23F0     23F0       74         0
                text34                             291E     291E       26         0
                text33                             14E0     14E0      16C         0
                text32                             1A1E     1A1E       EE         0
                text31                             1BF6     1BF6       D4         0
                text30                             1930     1930       EE         0
                text29                             1F8E     1F8E       AE         0
                text28                             1E2E     1E2E       B2         0
                text27                             236A     236A       86         0
                text26                             1842     1842       EE         0
                text25                             1D7C     1D7C       B2         0
                text24                             1754     1754       EE         0
                text23                             1EE0     1EE0       AE         0
                text22                             22E4     22E4       86         0
                text21                             1CCA     1CCA       B2         0
                text20                             2944     2944       24         0
                text19                             24D2     24D2       6E         0
                text18                             225E     225E       86         0
                text17                             2464     2464       6E         0
                text16                             21D8     21D8       86         0
                text15                             2152     2152       86         0
                text14                             20CC     20CC       86         0
                text13                              E40      E40      284         0
                text12                             2968     2968       22         0
                text11                             2806     2806       38         0
                text10                             1B0C     1B0C       EA         0
                text9                              2AB6     2AB6        8         0
                text8                              28A4     28A4       2A         0
                text7                              283E     283E       34         0
                text6                               AA6      AA6      39A         0
                text5                               67C      67C      42A         0
                text4                              164C     164C      108         0
                text3                              132C     132C      1B4         0
                text2                                5C       5C      620         0
                text1                              203C     203C       90         0
                text0                              10C4     10C4      268         0
                cinit                              277E     277E       46         0
                idataBANK0                         2ABE     2ABE        2         0

        CLASS   CONST          

        CLASS   SMALLCONST     

        CLASS   MEDIUMCONST    

        CLASS   COMRAM         
                temp                                 57       57        1         1
                cstackCOMRAM                          1        1       4E         1
                bssCOMRAM                            4F       4F        8         1

        CLASS   ABS1           

        CLASS   BIGRAM         

        CLASS   RAM            

        CLASS   BANK0          
                cstackBANK0                          9F       9F       38         1
                dataBANK0                            D7       D7        2         1
                bssBANK0                             60       60       3F         1

        CLASS   BANK1          
                bssBANK1                            100      100       8C         1

        CLASS   BANK2          

        CLASS   BANK3          

        CLASS   BANK4          

        CLASS   BANK5          

        CLASS   BANK6          

        CLASS   BANK7          

        CLASS   BANK8          

        CLASS   BANK9          

        CLASS   BANK10         

        CLASS   BANK11         

        CLASS   BANK12         

        CLASS   BANK13         

        CLASS   SFR            

        CLASS   BIGSFR         

        CLASS   CONFIG         
                config                           300000   300000        C         4

        CLASS   IDLOC          
                idloc                            200000   200000       10         5

        CLASS   EEDATA         

        CLASS   FARRAM         

        CLASS   HEAP           

        CLASS   STACK          



SEGMENTS        Name                           Load    Length   Top    Selector   Space  Class

                reset_vec                      000000  000004  000004         0       0  CODE    
                cstackCOMRAM                   000001  000057  000058         1       1  COMRAM  
                intcode                        000008  000006  00000E         4       0  CODE    
                intcodelo                      000018  002AA8  002AC0         C       0  CODE    
                bssBANK0                       000060  000079  0000D9        60       1  BANK0   
                bssBANK1                       000100  00008C  00018C       100       1  BANK1   


UNUSED ADDRESS RANGES

        Name                Unused          Largest block    Delta
        BANK0            0000D9-0000FF               27
        BANK1            00018C-0001FF               74
        BANK10           000A00-000AFF              100
        BANK11           000B00-000BFF              100
        BANK12           000C00-000CFF              100
        BANK13           000D00-000DE9               EA
        BANK2            000200-0002FF              100
        BANK3            000300-0003FF              100
        BANK4            000400-0004FF              100
        BANK5            000500-0005FF              100
        BANK6            000600-0006FF              100
        BANK7            000700-0007FF              100
        BANK8            000800-0008FF              100
        BANK9            000900-0009FF              100
        BIGRAM           000058-00005F                8
                         0000D9-0000FF               27
                         00018C-000DE9              C5E
        BIGSFR           000DEF-000FFF              211
        CODE             000004-000007                4
                         00000E-000017                A
                         002AC0-01FFFF            1D540
        COMRAM           000058-00005F                8
        CONST            000004-000007                4
                         00000E-000017                A
                         002AC0-01FFFF            1D540
        EEDATA           310000-3103FF              400
        MEDIUMCONST      002AC0-00FFFF             D540
                         010E00-01FFFF             F200
        RAM              0000D9-0000FF               27
                         00018C-000DE9              100
        SFR              000DEF-000FFF              100
        SMALLCONST       002AC0-01FFFF              100

                                  Symbol Table

?_Return_Time                          cstackCOMRAM 000009
?___fldiv                              cstackCOMRAM 000017
?___flmul                              cstackCOMRAM 000030
?___fltol                              cstackCOMRAM 000049
?___lwdiv                              cstackCOMRAM 00000F
?___wmul                               cstackCOMRAM 000009
?___xxtofl                             cstackCOMRAM 000009
?_color_read_Blue                      cstackCOMRAM 00000D
?_color_read_Clear                     cstackCOMRAM 00000D
?_color_read_Green                     cstackCOMRAM 00000D
?_color_read_Red                       cstackCOMRAM 00000D
AntiPink@a                             cstackCOMRAM 000034
AntiPink@mL                            cstackCOMRAM 00002E
AntiPink@mR                            cstackCOMRAM 000030
AntiYellow@a                           cstackCOMRAM 000034
AntiYellow@mL                          cstackCOMRAM 00002E
AntiYellow@mR                          cstackCOMRAM 000030
AppendMoves@anti_moves_array           cstackCOMRAM 00000B
AppendMoves@moves_index                cstackCOMRAM 000009
AppendMoves@temp                       cstackCOMRAM 00000E
AppendTime@temp                        cstackCOMRAM 000009
AppendTime@time_array                  cstackCOMRAM 00000D
AppendTime@time_index                  cstackCOMRAM 00000B
BlueInstructions@a                     cstackCOMRAM 00002D
BlueInstructions@mL                    cstackCOMRAM 000027
BlueInstructions@mR                    cstackCOMRAM 000029
GreenInstructions@a                    cstackCOMRAM 00002D
GreenInstructions@mL                   cstackCOMRAM 000027
GreenInstructions@mR                   cstackCOMRAM 000029
I2C_2_Master_Read@ack                  cstackCOMRAM 00000B
I2C_2_Master_Read@tmp                  cstackCOMRAM 00000C
I2C_2_Master_Write@data_byte           cstackCOMRAM 00000A
LightBlueInstructions@a                cstackCOMRAM 000032
LightBlueInstructions@mL               cstackCOMRAM 00002C
LightBlueInstructions@mR               cstackCOMRAM 00002E
MoveBuggy@color_detected               cstackCOMRAM 000035
MoveBuggy@mL                           cstackCOMRAM 000037
MoveBuggy@mR                           cstackCOMRAM 000039
OrangeInstructions@a                   cstackCOMRAM 000032
OrangeInstructions@mL                  cstackCOMRAM 00002C
OrangeInstructions@mR                  cstackCOMRAM 00002E
PinkInstructions@a                     cstackCOMRAM 00002D
PinkInstructions@mL                    cstackCOMRAM 000027
PinkInstructions@mR                    cstackCOMRAM 000029
RedInstructions@a                      cstackCOMRAM 00002D
RedInstructions@mL                     cstackCOMRAM 000027
RedInstructions@mR                     cstackCOMRAM 000029
Return_Anti_Moves@anti_moves_array     cstackCOMRAM 00000B
Return_Anti_Moves@moves_index          cstackCOMRAM 000009
Return_Anti_Moves@temp                 cstackCOMRAM 00000E
Return_Time@temp                       cstackCOMRAM 000010
Return_Time@time_array                 cstackCOMRAM 00000B
Return_Time@time_index                 cstackCOMRAM 000009
Update_RGBC@tempval                    cstackCOMRAM 000014
WhiteInstructions@a                    cstackCOMRAM 000044
WhiteInstructions@anticolor            cstackCOMRAM 000043
WhiteInstructions@c                    cstackCOMRAM 000041
WhiteInstructions@mL                   cstackCOMRAM 00003B
WhiteInstructions@mR                   cstackCOMRAM 00003D
YellowInstructions@a                   cstackCOMRAM 00002D
YellowInstructions@mL                  cstackCOMRAM 000027
YellowInstructions@mR                  cstackCOMRAM 000029
_ANSELBbits                            (abs)        000E9A
_ANSELDbits                            (abs)        000EA7
_AntiPink                              text25       001D7C
_AntiYellow                            text21       001CCA
_AppendMoves                           text20       002944
_AppendTime                            text53       002872
_BAUD4CONbits                          (abs)        000EE9
_BlueInstructions                      text28       001E2E
_CCP1CONbits                           (abs)        000FAB
_CCP2CONbits                           (abs)        000FA7
_CCP3CONbits                           (abs)        000F26
_CCP4CONbits                           (abs)        000F22
_CCPR1H                                (abs)        000FAA
_CCPR2H                                (abs)        000FA6
_CCPR3H                                (abs)        000F25
_CCPR4H                                (abs)        000F21
_CCPTMRS0bits                          (abs)        000FAD
_EUSART4RXbuf                          bssBANK0     000060
_EUSART4TXbuf                          bssBANK1     000100
_GreenInstructions                     text27       00236A
_HighISR                               intcode      000008
_I2C_2_Master_Idle                     text52       0028CE
_I2C_2_Master_Init                     text8        0028A4
_I2C_2_Master_Read                     text42       0027C4
_I2C_2_Master_RepStart                 text41       002A84
_I2C_2_Master_Start                    text51       002A98
_I2C_2_Master_Stop                     text50       002A8E
_I2C_2_Master_Write                    text49       002A6C
_INTCONbits                            (abs)        000FF2
_IPR0bits                              (abs)        000E1F
_Interrupts_init                       text45       002A0A
_LATAbits                              (abs)        000F79
_LATCbits                              (abs)        000F7B
_LATDbits                              (abs)        000F7C
_LATEbits                              (abs)        000F7D
_LATFbits                              (abs)        000F7E
_LATGbits                              (abs)        000F7F
_LATHbits                              (abs)        000F80
_LED_init                              text44       002A5C
_LightBlueInstructions                 text18       00225E
_LowISR                                intcodelo    000018
_MoveBuggy                             text13       000E40
_OrangeInstructions                    text16       0021D8
_PIE0bits                              (abs)        000E29
_PIE4bits                              (abs)        000E2D
_PIR0bits                              (abs)        000E33
_PIR4bits                              (abs)        000E37
_PinkInstructions                      text15       002152
_RC0PPS                                (abs)        000E62
_RC4REG                                (abs)        000EE3
_RC4STAbits                            (abs)        000EE7
_RC7PPS                                (abs)        000E69
_RD5PPS                                (abs)        000E6F
_RD6PPS                                (abs)        000E70
_RE2PPS                                (abs)        000E74
_RE4PPS                                (abs)        000E76
_RG6PPS                                (abs)        000E88
_RX4PPS                                (abs)        000E15
_RedInstructions                       text22       0022E4
_Return_Anti_Moves                     text12       002968
_Return_Time                           text11       002806
_RxBufReadCnt                          bssCOMRAM    000053
_RxBufWriteCnt                         bssCOMRAM    000054
_SP4BRGH                               (abs)        000EE6
_SP4BRGL                               (abs)        000EE5
_SSP2ADD                               (abs)        000ED6
_SSP2BUF                               (abs)        000ED5
_SSP2CLKPPS                            (abs)        000E1C
_SSP2CON1bits                          (abs)        000ED9
_SSP2CON2                              (abs)        000EDA
_SSP2CON2bits                          (abs)        000EDA
_SSP2DATPPS                            (abs)        000E1D
_SSP2STAT                              (abs)        000ED8
_T0CON0bits                            (abs)        000FD5
_T0CON1bits                            (abs)        000FD6
_T2CLKCONbits                          (abs)        000FBF
_T2CONbits                             (abs)        000FBD
_T2HLTbits                             (abs)        000FBE
_T2PR                                  (abs)        000FBC
_TMR0H                                 (abs)        000FD4
_TMR0L                                 (abs)        000FD3
_TRISAbits                             (abs)        000F81
_TRISBbits                             (abs)        000F82
_TRISCbits                             (abs)        000F83
_TRISDbits                             (abs)        000F84
_TRISEbits                             (abs)        000F85
_TRISFbits                             (abs)        000F86
_TRISGbits                             (abs)        000F87
_TRISHbits                             (abs)        000F88
_TX4REG                                (abs)        000EE4
_TX4STAbits                            (abs)        000EE8
_Timer0_init                           text43       00298A
_TxBufReadCnt                          bssCOMRAM    000051
_TxBufWriteCnt                         bssCOMRAM    000052
_Update_RGBC                           text36       002540
_WhiteInstructions                     text10       001B0C
_WhiteLight                            text9        002AB6
_YellowInstructions                    text14       0020CC
__HRAM                                 (abs)        000000
__Habs1                                abs1         000000
__Hbank0                               bank0        000000
__Hbank1                               bank1        000000
__Hbank10                              bank10       000000
__Hbank11                              bank11       000000
__Hbank12                              bank12       000000
__Hbank13                              bank13       000000
__Hbank2                               bank2        000000
__Hbank3                               bank3        000000
__Hbank4                               bank4        000000
__Hbank5                               bank5        000000
__Hbank6                               bank6        000000
__Hbank7                               bank7        000000
__Hbank8                               bank8        000000
__Hbank9                               bank9        000000
__Hbigbss                              bigbss       000000
__Hbigdata                             bigdata      000000
__Hbigram                              bigram       000000
__Hbigsfr                              bigsfr       000000
__Hbss                                 bss          000000
__HbssBANK0                            bssBANK0     000000
__HbssBANK1                            bssBANK1     000000
__HbssCOMRAM                           bssCOMRAM    000000
__Hcinit                               cinit        000000
__Hclrtext                             clrtext      000000
__Hcomram                              comram       000000
__Hconfig                              config       30000C
__Hconst                               const        000000
__HcstackBANK0                         cstackBANK0  000000
__HcstackCOMRAM                        cstackCOMRAM 000000
__Hdata                                data         000000
__HdataBANK0                           dataBANK0    000000
__Heeprom_data                         eeprom_data  000000
__Hfarbss                              farbss       000000
__Hfardata                             fardata      000000
__Hheap                                heap         000000
__Hibigdata                            ibigdata     000000
__Hidata                               idata        000000
__HidataBANK0                          idataBANK0   000000
__Hidloc                               idloc        200010
__Hifardata                            ifardata     000000
__Hinit                                init         00005C
__Hintcode                             intcode      00000E
__Hintcode_body                        intcode_body 000000
__Hintcodelo                           intcodelo    000058
__Hintentry                            intentry     000000
__Hintret                              intret       000000
__Hintsave_regs                        intsave_regs 000000
__Hirdata                              irdata       000000
__Hmediumconst                         mediumconst  000000
__HnvFARRAM                            nvFARRAM     000000
__Hnvbit                               nvbit        000000
__Hnvrram                              nvrram       000000
__Hparam                               rparam       000000
__Hpowerup                             powerup      000058
__Hram                                 ram          000000
__Hramtop                              ramtop       000E00
__Hrbit                                rbit         000000
__Hrbss                                rbss         000000
__Hrdata                               rdata        000000
__Hreset_vec                           reset_vec    000004
__Hrparam                              rparam       000000
__Hsfr                                 sfr          000000
__Hsmallconst                          smallconst   000000
__Hspace_0                             (abs)        002AC0
__Hspace_1                             (abs)        00018C
__Hspace_2                             (abs)        000000
__Hspace_4                             (abs)        60000C
__Hstack                               stack        000000
__Hstruct                              struct       000000
__Htemp                                temp         000058
__Htext                                text         000000
__Htext0                               text0        000000
__Htext1                               text1        000000
__Htext10                              text10       000000
__Htext11                              text11       000000
__Htext12                              text12       000000
__Htext13                              text13       000000
__Htext14                              text14       000000
__Htext15                              text15       000000
__Htext16                              text16       000000
__Htext17                              text17       000000
__Htext18                              text18       000000
__Htext19                              text19       000000
__Htext2                               text2        000000
__Htext20                              text20       000000
__Htext21                              text21       000000
__Htext22                              text22       000000
__Htext23                              text23       000000
__Htext24                              text24       000000
__Htext25                              text25       000000
__Htext26                              text26       000000
__Htext27                              text27       000000
__Htext28                              text28       000000
__Htext29                              text29       000000
__Htext3                               text3        000000
__Htext30                              text30       000000
__Htext31                              text31       000000
__Htext32                              text32       000000
__Htext33                              text33       000000
__Htext34                              text34       000000
__Htext35                              text35       000000
__Htext36                              text36       000000
__Htext37                              text37       000000
__Htext38                              text38       000000
__Htext39                              text39       000000
__Htext4                               text4        000000
__Htext40                              text40       000000
__Htext41                              text41       000000
__Htext42                              text42       000000
__Htext43                              text43       000000
__Htext44                              text44       000000
__Htext45                              text45       000000
__Htext46                              text46       000000
__Htext47                              text47       000000
__Htext48                              text48       000000
__Htext49                              text49       000000
__Htext5                               text5        000000
__Htext50                              text50       000000
__Htext51                              text51       000000
__Htext52                              text52       000000
__Htext53                              text53       000000
__Htext56                              text56       000000
__Htext57                              text57       000000
__Htext58                              text58       000000
__Htext59                              text59       000000
__Htext6                               text6        000000
__Htext60                              text60       000000
__Htext61                              text61       000000
__Htext62                              text62       000000
__Htext7                               text7        000000
__Htext8                               text8        000000
__Htext9                               text9        000000
__LRAM                                 (abs)        000001
__Labs1                                abs1         000000
__Lbank0                               bank0        000000
__Lbank1                               bank1        000000
__Lbank10                              bank10       000000
__Lbank11                              bank11       000000
__Lbank12                              bank12       000000
__Lbank13                              bank13       000000
__Lbank2                               bank2        000000
__Lbank3                               bank3        000000
__Lbank4                               bank4        000000
__Lbank5                               bank5        000000
__Lbank6                               bank6        000000
__Lbank7                               bank7        000000
__Lbank8                               bank8        000000
__Lbank9                               bank9        000000
__Lbigbss                              bigbss       000000
__Lbigdata                             bigdata      000000
__Lbigram                              bigram       000000
__Lbigsfr                              bigsfr       000000
__Lbss                                 bss          000000
__LbssBANK0                            bssBANK0     000000
__LbssBANK1                            bssBANK1     000000
__LbssCOMRAM                           bssCOMRAM    000000
__Lcinit                               cinit        000000
__Lclrtext                             clrtext      000000
__Lcomram                              comram       000000
__Lconfig                              config       000000
__Lconst                               const        000000
__LcstackBANK0                         cstackBANK0  000000
__LcstackCOMRAM                        cstackCOMRAM 000000
__Ldata                                data         000000
__LdataBANK0                           dataBANK0    000000
__Leeprom_data                         eeprom_data  000000
__Lfarbss                              farbss       000000
__Lfardata                             fardata      000000
__Lheap                                heap         000000
__Libigdata                            ibigdata     000000
__Lidata                               idata        000000
__LidataBANK0                          idataBANK0   000000
__Lidloc                               idloc        000000
__Lifardata                            ifardata     000000
__Linit                                init         000058
__Lintcode                             intcode      000008
__Lintcode_body                        intcode_body 000000
__Lintcodelo                           intcodelo    000018
__Lintentry                            intentry     000000
__Lintret                              intret       000000
__Lintsave_regs                        intsave_regs 000000
__Lirdata                              irdata       000000
__Lmediumconst                         mediumconst  000000
__LnvFARRAM                            nvFARRAM     000000
__Lnvbit                               nvbit        000000
__Lnvrram                              nvrram       000000
__Lparam                               rparam       000000
__Lpowerup                             powerup      000058
__Lram                                 ram          000000
__Lramtop                              ramtop       000E00
__Lrbit                                rbit         000000
__Lrbss                                rbss         000000
__Lrdata                               rdata        000000
__Lreset_vec                           reset_vec    000000
__Lrparam                              rparam       000000
__Lsfr                                 sfr          000000
__Lsmallconst                          smallconst   000000
__Lspace_0                             (abs)        000000
__Lspace_1                             (abs)        000000
__Lspace_2                             (abs)        000000
__Lspace_4                             (abs)        000000
__Lstack                               stack        000000
__Lstruct                              struct       000000
__Ltemp                                temp         000057
__Ltext                                text         000000
__Ltext0                               text0        000000
__Ltext1                               text1        000000
__Ltext10                              text10       000000
__Ltext11                              text11       000000
__Ltext12                              text12       000000
__Ltext13                              text13       000000
__Ltext14                              text14       000000
__Ltext15                              text15       000000
__Ltext16                              text16       000000
__Ltext17                              text17       000000
__Ltext18                              text18       000000
__Ltext19                              text19       000000
__Ltext2                               text2        000000
__Ltext20                              text20       000000
__Ltext21                              text21       000000
__Ltext22                              text22       000000
__Ltext23                              text23       000000
__Ltext24                              text24       000000
__Ltext25                              text25       000000
__Ltext26                              text26       000000
__Ltext27                              text27       000000
__Ltext28                              text28       000000
__Ltext29                              text29       000000
__Ltext3                               text3        000000
__Ltext30                              text30       000000
__Ltext31                              text31       000000
__Ltext32                              text32       000000
__Ltext33                              text33       000000
__Ltext34                              text34       000000
__Ltext35                              text35       000000
__Ltext36                              text36       000000
__Ltext37                              text37       000000
__Ltext38                              text38       000000
__Ltext39                              text39       000000
__Ltext4                               text4        000000
__Ltext40                              text40       000000
__Ltext41                              text41       000000
__Ltext42                              text42       000000
__Ltext43                              text43       000000
__Ltext44                              text44       000000
__Ltext45                              text45       000000
__Ltext46                              text46       000000
__Ltext47                              text47       000000
__Ltext48                              text48       000000
__Ltext49                              text49       000000
__Ltext5                               text5        000000
__Ltext50                              text50       000000
__Ltext51                              text51       000000
__Ltext52                              text52       000000
__Ltext53                              text53       000000
__Ltext56                              text56       000000
__Ltext57                              text57       000000
__Ltext58                              text58       000000
__Ltext59                              text59       000000
__Ltext6                               text6        000000
__Ltext60                              text60       000000
__Ltext61                              text61       000000
__Ltext62                              text62       000000
__Ltext7                               text7        000000
__Ltext8                               text8        000000
__Ltext9                               text9        000000
__S0                                   (abs)        002AC0
__S1                                   (abs)        00018C
__S4                                   (abs)        000000
__S5                                   (abs)        000000
___fldiv                               text6        000AA6
___fldiv@a                             cstackCOMRAM 00001B
___fldiv@aexp                          cstackCOMRAM 00002F
___fldiv@b                             cstackCOMRAM 000017
___fldiv@bexp                          cstackCOMRAM 00002E
___fldiv@grs                           cstackCOMRAM 00002A
___fldiv@new_exp                       cstackCOMRAM 000028
___fldiv@rem                           cstackCOMRAM 000023
___fldiv@sign                          cstackCOMRAM 000027
___flmul                               text5        00067C
___flmul@a                             cstackCOMRAM 000034
___flmul@aexp                          cstackCOMRAM 000041
___flmul@b                             cstackCOMRAM 000030
___flmul@bexp                          cstackCOMRAM 000042
___flmul@grs                           cstackCOMRAM 00003D
___flmul@prod                          cstackCOMRAM 000043
___flmul@sign                          cstackCOMRAM 00003C
___flmul@temp                          cstackCOMRAM 000047
___fltol                               text4        00164C
___fltol@exp1                          cstackCOMRAM 00004E
___fltol@f1                            cstackCOMRAM 000049
___fltol@sign1                         cstackCOMRAM 00004D
___heap_hi                             (abs)        000000
___heap_lo                             (abs)        000000
___inthi_sp                            stack        000000
___intlo_sp                            stack        000000
___lwdiv                               text35       0023F0
___lwdiv@counter                       cstackCOMRAM 000015
___lwdiv@dividend                      cstackCOMRAM 00000F
___lwdiv@divisor                       cstackCOMRAM 000011
___lwdiv@quotient                      cstackCOMRAM 000013
___param_bank                          (abs)        000000
___rparam_used                         (abs)        000001
___sp                                  stack        000000
___wmul                                text34       00291E
___wmul@multiplicand                   cstackCOMRAM 00000B
___wmul@multiplier                     cstackCOMRAM 000009
___wmul@product                        cstackCOMRAM 00000D
___xxtofl                              text3        00132C
___xxtofl@arg                          cstackCOMRAM 000013
___xxtofl@exp                          cstackCOMRAM 000012
___xxtofl@sign                         cstackCOMRAM 000011
___xxtofl@val                          cstackCOMRAM 000009
__accesstop                            (abs)        000060
__activetblptr                         (abs)        000000
__end_of_AntiPink                      text25       001E2E
__end_of_AntiYellow                    text21       001D7C
__end_of_AppendMoves                   text20       002968
__end_of_AppendTime                    text53       0028A4
__end_of_BlueInstructions              text28       001EE0
__end_of_GreenInstructions             text27       0023F0
__end_of_HighISR                       intcode_body 0029EA
__end_of_I2C_2_Master_Idle             text52       0028F6
__end_of_I2C_2_Master_Init             text8        0028CE
__end_of_I2C_2_Master_Read             text42       002806
__end_of_I2C_2_Master_RepStart         text41       002A8E
__end_of_I2C_2_Master_Start            text51       002AA2
__end_of_I2C_2_Master_Stop             text50       002A98
__end_of_I2C_2_Master_Write            text49       002A78
__end_of_Interrupts_init               text45       002A28
__end_of_LED_init                      text44       002A6C
__end_of_LightBlueInstructions         text18       0022E4
__end_of_LowISR                        intcodelo    000058
__end_of_MoveBuggy                     text13       0010C4
__end_of_OrangeInstructions            text16       00225E
__end_of_PinkInstructions              text15       0021D8
__end_of_RedInstructions               text22       00236A
__end_of_Return_Anti_Moves             text12       00298A
__end_of_Return_Time                   text11       00283E
__end_of_Timer0_init                   text43       0029AA
__end_of_Update_RGBC                   text36       00259E
__end_of_WhiteInstructions             text10       001BF6
__end_of_WhiteLight                    text9        002ABE
__end_of_YellowInstructions            text14       002152
__end_of___fldiv                       text6        000E40
__end_of___flmul                       text5        000AA6
__end_of___fltol                       text4        001754
__end_of___lwdiv                       text35       002464
__end_of___wmul                        text34       002944
__end_of___xxtofl                      text3        0014E0
__end_of__initialization               cinit        0027BA
__end_of_color_click_init              text7        002872
__end_of_color_read_Blue               text40       0026DE
__end_of_color_read_Clear              text39       00268E
__end_of_color_read_Green              text38       00263E
__end_of_color_read_Red                text37       0025EE
__end_of_color_writetoaddr             text48       0029CA
__end_of_detect_color                  text2        00067C
__end_of_fullSpeedAhead                text26       001930
__end_of_fullSpeedBackwards            text32       001B0C
__end_of_initDCmotorsPWM               text1        0020CC
__end_of_init_colorclick_interrupts    text47       00272E
__end_of_interrupts_clear_colorclick   text46       002A42
__end_of_main                          text0        00132C
__end_of_setMotorPWM                   text33       00164C
__end_of_stop                          text31       001CCA
__end_of_turnLeft                      text30       001A1E
__end_of_turnLeft135                   text19       002540
__end_of_turnLeft90                    text29       00203C
__end_of_turnRight                     text24       001842
__end_of_turnRight135                  text17       0024D2
__end_of_turnRight90                   text23       001F8E
__end_ofi2_I2C_2_Master_Idle           text62       00291E
__end_ofi2_I2C_2_Master_Start          text61       002AB6
__end_ofi2_I2C_2_Master_Stop           text60       002AAC
__end_ofi2_I2C_2_Master_Write          text59       002A84
__end_ofi2_color_writetoaddr           text58       002A0A
__end_ofi2_init_colorclick_interrupts  text57       00277E
__end_ofi2_interrupts_clear_colorclick text56       002A5C
__initialization                       cinit        00277E
__mediumconst                          mediumconst  000000
__pbssBANK0                            bssBANK0     000060
__pbssBANK1                            bssBANK1     000100
__pbssCOMRAM                           bssCOMRAM    00004F
__pcinit                               cinit        00277E
__pcstackBANK0                         cstackBANK0  00009F
__pcstackCOMRAM                        cstackCOMRAM 000001
__pdataBANK0                           dataBANK0    0000D7
__pidataBANK0                          idataBANK0   002ABE
__pintcode                             intcode      000008
__pintcode_body                        intcode_body 0029CA
__pintcodelo                           intcodelo    000018
__ptext0                               text0        0010C4
__ptext1                               text1        00203C
__ptext10                              text10       001B0C
__ptext11                              text11       002806
__ptext12                              text12       002968
__ptext13                              text13       000E40
__ptext14                              text14       0020CC
__ptext15                              text15       002152
__ptext16                              text16       0021D8
__ptext17                              text17       002464
__ptext18                              text18       00225E
__ptext19                              text19       0024D2
__ptext2                               text2        00005C
__ptext20                              text20       002944
__ptext21                              text21       001CCA
__ptext22                              text22       0022E4
__ptext23                              text23       001EE0
__ptext24                              text24       001754
__ptext25                              text25       001D7C
__ptext26                              text26       001842
__ptext27                              text27       00236A
__ptext28                              text28       001E2E
__ptext29                              text29       001F8E
__ptext3                               text3        00132C
__ptext30                              text30       001930
__ptext31                              text31       001BF6
__ptext32                              text32       001A1E
__ptext33                              text33       0014E0
__ptext34                              text34       00291E
__ptext35                              text35       0023F0
__ptext36                              text36       002540
__ptext37                              text37       00259E
__ptext38                              text38       0025EE
__ptext39                              text39       00263E
__ptext4                               text4        00164C
__ptext40                              text40       00268E
__ptext41                              text41       002A84
__ptext42                              text42       0027C4
__ptext43                              text43       00298A
__ptext44                              text44       002A5C
__ptext45                              text45       002A0A
__ptext46                              text46       002A28
__ptext47                              text47       0026DE
__ptext48                              text48       0029AA
__ptext49                              text49       002A6C
__ptext5                               text5        00067C
__ptext50                              text50       002A8E
__ptext51                              text51       002A98
__ptext52                              text52       0028CE
__ptext53                              text53       002872
__ptext56                              text56       002A42
__ptext57                              text57       00272E
__ptext58                              text58       0029EA
__ptext59                              text59       002A78
__ptext6                               text6        000AA6
__ptext60                              text60       002AA2
__ptext61                              text61       002AAC
__ptext62                              text62       0028F6
__ptext7                               text7        00283E
__ptext8                               text8        0028A4
__ptext9                               text9        002AB6
__ramtop                               ramtop       000E00
__smallconst                           smallconst   000000
_anti_moves_array                      bssBANK0     000076
_color_click_init                      text7        00283E
_color_flag                            bssCOMRAM    000055
_color_read_Blue                       text40       00268E
_color_read_Clear                      text39       00263E
_color_read_Green                      text38       0025EE
_color_read_Red                        text37       00259E
_color_writetoaddr                     text48       0029AA
_detect_color                          text2        00005C
_fullSpeedAhead                        text26       001842
_fullSpeedBackwards                    text32       001A1E
_initDCmotorsPWM                       text1        00203C
_init_colorclick_interrupts            text47       0026DE
_int_threshold_high                    dataBANK0    0000D7
_int_threshold_low                     bssCOMRAM    00004F
_interrupts_clear_colorclick           text46       002A28
_lost_flag                             bssBANK0     000074
_main                                  text0        0010C4
_moves_index                           bssCOMRAM    000056
_setMotorPWM                           text33       0014E0
_stop                                  text31       001BF6
_time_array                            bssBANK1     00013C
_time_index                            bssBANK0     00009E
_tmr_ovf                               bssBANK0     000075
_turnLeft                              text30       001930
_turnLeft135                           text19       0024D2
_turnLeft90                            text29       001F8E
_turnRight                             text24       001754
_turnRight135                          text17       002464
_turnRight90                           text23       001EE0
btemp                                  temp         000057
color_read_Blue@tmp                    cstackCOMRAM 000012
color_read_Clear@tmp                   cstackCOMRAM 000012
color_read_Green@tmp                   cstackCOMRAM 000012
color_read_Red@tmp                     cstackCOMRAM 000012
color_writetoaddr@address              cstackCOMRAM 00000C
color_writetoaddr@value                cstackCOMRAM 00000B
detect_color@color                     cstackBANK0  0000B3
detect_color@dist_B                    cstackBANK0  0000B6
detect_color@dist_G                    cstackBANK0  0000B5
detect_color@dist_R                    cstackBANK0  0000B4
detect_color@lost_timer                cstackBANK0  0000A5
detect_color@tempval                   cstackBANK0  0000A3
end_of_initialization                  cinit        0027BA
fullSpeedAhead@mL                      cstackCOMRAM 00001C
fullSpeedAhead@mR                      cstackCOMRAM 00001E
fullSpeedBackwards@mL                  cstackCOMRAM 00001C
fullSpeedBackwards@mR                  cstackCOMRAM 00001E
i2I2C_2_Master_Write@data_byte         cstackCOMRAM 000002
i2_I2C_2_Master_Idle                   text62       0028F6
i2_I2C_2_Master_Start                  text61       002AAC
i2_I2C_2_Master_Stop                   text60       002AA2
i2_I2C_2_Master_Write                  text59       002A78
i2_color_writetoaddr                   text58       0029EA
i2_init_colorclick_interrupts          text57       00272E
i2_interrupts_clear_colorclick         text56       002A42
i2color_writetoaddr@address            cstackCOMRAM 000004
i2color_writetoaddr@value              cstackCOMRAM 000003
initDCmotorsPWM@PWMperiod              cstackCOMRAM 000009
int$flags                              temp         000057
int_func                               intcode_body 0029CA
intlevel0                              text         000000
intlevel1                              text         000000
intlevel2                              text         000000
intlevel3                              text         000000
isa$std                                (abs)        000001
isa$xinst                              (abs)        000000
main@b                                 cstackBANK0  0000BA
main@color_detected                    cstackBANK0  0000BC
main@initial_color                     cstackBANK0  0000BD
main@lost_timer                        cstackBANK0  0000B9
main@motorL                            cstackBANK0  0000C5
main@motorR                            cstackBANK0  0000CE
setMotorPWM@m                          cstackCOMRAM 000016
setMotorPWM@negDuty                    cstackCOMRAM 00001B
setMotorPWM@posDuty                    cstackCOMRAM 00001A
stackhi                                (abs)        000000
stacklo                                (abs)        000000
start                                  init         000058
start_initialization                   cinit        00277E
stop@mL                                cstackCOMRAM 00001C
stop@mR                                cstackCOMRAM 00001E
ttemp5                                 temp         000058
ttemp6                                 temp         00005B
ttemp7                                 temp         00005F
turnLeft135@a                          cstackCOMRAM 00002B
turnLeft135@mL                         cstackCOMRAM 000027
turnLeft135@mR                         cstackCOMRAM 000029
turnLeft90@a                           cstackCOMRAM 000026
turnLeft90@mL                          cstackCOMRAM 000022
turnLeft90@mR                          cstackCOMRAM 000024
turnLeft@mL                            cstackCOMRAM 00001C
turnLeft@mR                            cstackCOMRAM 00001E
turnRight135@a                         cstackCOMRAM 00002B
turnRight135@mL                        cstackCOMRAM 000027
turnRight135@mR                        cstackCOMRAM 000029
turnRight90@a                          cstackCOMRAM 000026
turnRight90@mL                         cstackCOMRAM 000022
turnRight90@mR                         cstackCOMRAM 000024
turnRight@mL                           cstackCOMRAM 00001C
turnRight@mR                           cstackCOMRAM 00001E
wtemp8                                 temp         000058


MODULE INFORMATION

Module		Function		Class		Link	Load	Size
timers.c
		_Timer0_init   		CODE           	298A	0000	32

timers.c estimated size: 32

D:\MPLAB_COMPILER\pic\sources\c99\common\sprcmul.c
		___flmul       		CODE           	067C	0000	1066

D:\MPLAB_COMPILER\pic\sources\c99\common\sprcmul.c estimated size: 1066

D:\MPLAB_COMPILER\pic\sources\c99\common\lwdiv.c
		___lwdiv       		CODE           	23F0	0000	116

D:\MPLAB_COMPILER\pic\sources\c99\common\lwdiv.c estimated size: 116

color.c
		_Update_RGBC   		CODE           	2540	0000	94
		_color_writetoaddr		CODE           	29AA	0000	32
		_color_click_init		CODE           	283E	0000	52
		_detect_color  		CODE           	005C	0000	1568
		_color_read_Green		CODE           	25EE	0000	80
		_color_read_Clear		CODE           	263E	0000	80
		_color_read_Red		CODE           	259E	0000	80
		_color_read_Blue		CODE           	268E	0000	80

color.c estimated size: 2066

D:\MPLAB_COMPILER\pic\sources\c99\common\fltol.c
		___fltol       		CODE           	164C	0000	264

D:\MPLAB_COMPILER\pic\sources\c99\common\fltol.c estimated size: 264

D:\MPLAB_COMPILER\pic\sources\c99\common\sprcdiv.c
		___fldiv       		CODE           	0AA6	0000	922

D:\MPLAB_COMPILER\pic\sources\c99\common\sprcdiv.c estimated size: 922

LED_Buttons.c
		_WhiteLight    		CODE           	2AB6	0000	8
		_LED_init      		CODE           	2A5C	0000	16

LED_Buttons.c estimated size: 24

dc_motor.c
		_fullSpeedAhead		CODE           	1842	0000	238
		_turnLeft      		CODE           	1930	0000	238
		_turnLeft90    		CODE           	1F8E	0000	174
		_turnLeft135   		CODE           	24D2	0000	110
		_stop          		CODE           	1BF6	0000	212
		_initDCmotorsPWM		CODE           	203C	0000	144
		_turnRight     		CODE           	1754	0000	238
		_turnRight90   		CODE           	1EE0	0000	174
		_turnRight135  		CODE           	2464	0000	110
		_setMotorPWM   		CODE           	14E0	0000	364
		_fullSpeedBackwards		CODE           	1A1E	0000	238

dc_motor.c estimated size: 2240

interrupts.c
		_LowISR        		CODE           	0018	0000	64
		_interrupts_clear_colorclick		CODE           	2A28	0000	26
		_init_colorclick_interrupts		CODE           	26DE	0000	80
		_Interrupts_init		CODE           	2A0A	0000	30
		_HighISR       		CODE           	0008	0000	38

interrupts.c estimated size: 238

D:\MPLAB_COMPILER\pic\sources\c99\common\Umul16.c
		___wmul        		CODE           	291E	0000	38

D:\MPLAB_COMPILER\pic\sources\c99\common\Umul16.c estimated size: 38

main_motor.c
		_main          		CODE           	10C4	0000	616

main_motor.c estimated size: 616

color_instructions.c
		_LightBlueInstructions		CODE           	225E	0000	134
		_YellowInstructions		CODE           	20CC	0000	134
		_WhiteInstructions		CODE           	1B0C	0000	234
		_GreenInstructions		CODE           	236A	0000	134
		_MoveBuggy     		CODE           	0E40	0000	644
		_OrangeInstructions		CODE           	21D8	0000	134
		_AntiYellow    		CODE           	1CCA	0000	178
		_BlueInstructions		CODE           	1E2E	0000	178
		_RedInstructions		CODE           	22E4	0000	134
		_AntiPink      		CODE           	1D7C	0000	178
		_PinkInstructions		CODE           	2152	0000	134

color_instructions.c estimated size: 2216

i2c.c
		_I2C_2_Master_Start		CODE           	2A98	0000	10
		_I2C_2_Master_Read		CODE           	27C4	0000	66
		_I2C_2_Master_Idle		CODE           	28CE	0000	40
		_I2C_2_Master_Init		CODE           	28A4	0000	42
		_I2C_2_Master_Stop		CODE           	2A8E	0000	10
		_I2C_2_Master_RepStart		CODE           	2A84	0000	10
		_I2C_2_Master_Write		CODE           	2A6C	0000	12

i2c.c estimated size: 190

Memorization.c
		_AppendMoves   		CODE           	2944	0000	36
		_Return_Time   		CODE           	2806	0000	56
		_Return_Anti_Moves		CODE           	2968	0000	34
		_AppendTime    		CODE           	2872	0000	50

Memorization.c estimated size: 176

D:\MPLAB_COMPILER\pic\sources\c99\common\xxtofl.c
		___xxtofl      		CODE           	132C	0000	436

D:\MPLAB_COMPILER\pic\sources\c99\common\xxtofl.c estimated size: 436

shared
		i2_I2C_2_Master_Stop		CODE           	2AA2	0000	10
		i2_I2C_2_Master_Idle		CODE           	28F6	0000	40
		i2_init_colorclick_interrupts		CODE           	272E	0000	80
		__initialization		CODE           	277E	0000	60
		i2_interrupts_clear_colorclick		CODE           	2A42	0000	26
		i2_I2C_2_Master_Write		CODE           	2A78	0000	12
		i2_color_writetoaddr		CODE           	29EA	0000	32
		i2_I2C_2_Master_Start		CODE           	2AAC	0000	10

shared estimated size: 270

