Microchip MPLAB XC8 Compiler V2.40

Linker command line:

-W-3 --edf=D:\MPLAB_COMPILER\pic\dat\20220703182018_en.msgs -cn \
  -h+dist/default/production\final-project-dharshannan-and-pablo.X.production.sym \
  --cmf=dist/default/production\final-project-dharshannan-and-pablo.X.production.cmf \
  -z -Q18F67K40 -oC:\Users\User\AppData\Local\Temp\xcAs5ls.4 \
  --defsym=__MPLAB_BUILD=1 --fixupoverflow=error \
  -Mdist/default/production/final-project-dharshannan-and-pablo.X.production.map \
  --md=C:\Users\User\AppData\Local\Temp\xcAs5ls.dat -E1 -ver=XC8 Compiler \
  --acfsm=1493 -ACODE=00h-01FFFFh -ACONST=00h-01FFFFh \
  -ASMALLCONST=0E00h-0EFFhx498 -AMEDIUMCONST=0E00h-0FFFFh,010E00h-01FFFFh \
  -ACOMRAM=01h-05Fh -AABS1=00h-0DE9h -ABIGRAM=01h-0DE9h \
  -ARAM=060h-0FFh,0100h-01FFhx12,0D00h-0DE9h -ABANK0=060h-0FFh \
  -ABANK1=0100h-01FFh -ABANK2=0200h-02FFh -ABANK3=0300h-03FFh \
  -ABANK4=0400h-04FFh -ABANK5=0500h-05FFh -ABANK6=0600h-06FFh \
  -ABANK7=0700h-07FFh -ABANK8=0800h-08FFh -ABANK9=0900h-09FFh \
  -ABANK10=0A00h-0AFFh -ABANK11=0B00h-0BFFh -ABANK12=0C00h-0CFFh \
  -ABANK13=0D00h-0DE9h \
  -ASFR=0DEFh-0DFFh,0E00h-0EFFh,0F00h-0F5Fh,0F60h-0FFFh \
  -ABIGSFR=0DEFh-0FFFh -ACONFIG=0300000h-030000Bh -AIDLOC=0200000h-020000Fh \
  -AEEDATA=0310000h-03103FFh -peeprom_data=EEDATA \
  -preset_vec=00h,intcode=08h,intcodelo=018h,powerup,init -pramtop=0E00h \
  -psmallconst=SMALLCONST -pmediumconst=MEDIUMCONST -pconst=CONST \
  -AFARRAM=00h-00h \
  -prdata=COMRAM,nvrram=COMRAM,nvbit=COMRAM,rbss=COMRAM,rbit=COMRAM \
  -pfarbss=FARRAM,fardata=FARRAM,nvFARRAM=FARRAM \
  -pintsave_regs=BIGRAM,bigbss=BIGRAM,bigdata=BIGRAM -pbss=RAM \
  -pidata=CODE,irdata=CODE,ibigdata=CODE,ifardata=CODE -prparam=COMRAM \
  C:\Users\User\AppData\Local\Temp\xcAs5ls.o \
  dist/default/production\final-project-dharshannan-and-pablo.X.production.o 

Object code version is 3.11

Machine type is 18F67K40



                Name                               Link     Load   Length Selector   Space Scale
C:\Users\User\AppData\Local\Temp\xcAs5ls.o
                idloc                            200000   200000       10        0       5
                config                           300000   300000        C        0       4
                init                                 58       58        4        C       0
                reset_vec                             0        0        4        0       0
dist/default/production\final-project-dharshannan-and-pablo.X.production.o
                intcodelo                            18       18       40        C       0
                intcode                               8        8        6        4       0
                idloc                            200000   200000       10        0       5
                config                           300000   300000        C        0       4
                temp                                 57       57        1        1       1
                text56                             22FC     22FC       28        C       0
                text55                             2472     2472        A        C       0
                text54                             2468     2468        A        C       0
                text53                             243E     243E        C        C       0
                text52                             23D2     23D2       20        C       0
                text51                             21AC     21AC       4E        C       0
                text50                             240C     240C       1A        C       0
                intcode_body                       2370     2370       22        C       0
                text47                             22D4     22D4       28        C       0
                text46                             245E     245E        A        C       0
                text45                             2454     2454        A        C       0
                text44                             2432     2432        C        C       0
                text43                             23B2     23B2       20        C       0
                text42                             215E     215E       4E        C       0
                text41                             23F2     23F2       1A        C       0
                text40                             234A     234A       26        C       0
                text39                             2426     2426        C        C       0
                text38                             1D8A     1D8A       74        C       0
                text37                             2324     2324       26        C       0
                text36                             100A     100A      16C        C       0
                text35                             17A6     17A6       D6        C       0
                text34                             187C     187C       D4        C       0
                text33                             15E2     15E2       EE        C       0
                text32                             1FC4     1FC4       5A        C       0
                text31                             1D04     1D04       86        C       0
                text30                             14F4     14F4       EE        C       0
                text29                             1F6A     1F6A       5A        C       0
                text28                             1C7E     1C7E       86        C       0
                text27                             1F10     1F10       5A        C       0
                text26                             1BF8     1BF8       86        C       0
                text25                             1EB6     1EB6       5A        C       0
                text24                             1B72     1B72       86        C       0
                text23                             1AEC     1AEC       86        C       0
                text22                             1E5C     1E5C       5A        C       0
                text21                             1A66     1A66       86        C       0
                text20                             19E0     19E0       86        C       0
                text19                             12C4     12C4      128        C       0
                text18                             2392     2392       20        C       0
                text17                             21FA     21FA       42        C       0
                text16                             244A     244A        A        C       0
                text15                             210E     210E       50        C       0
                text14                             20BE     20BE       50        C       0
                text13                             206E     206E       50        C       0
                text12                             201E     201E       50        C       0
                text11                             1DFE     1DFE       5E        C       0
                text10                             247C     247C        8        C       0
                text9                              22AA     22AA       2A        C       0
                text8                              2276     2276       34        C       0
                text7                               ABC      ABC      39A        C       0
                text6                               692      692      42A        C       0
                text5                              13EC     13EC      108        C       0
                text4                               E56      E56      1B4        C       0
                text3                                5C       5C      636        C       0
                text2                              16D0     16D0       D6        C       0
                text1                              1950     1950       90        C       0
                text0                              1176     1176      14E        C       0
                cstackCOMRAM                          1        1       4E        1       1
                cstackBANK0                          B2       B2       34       60       1
                bssBANK0                             60       60       52       60       1
                dataCOMRAM                           55       55        2        1       1
                bssCOMRAM                            4F       4F        6        1       1
                cinit                              223C     223C       3A        C       0
                idataCOMRAM                        2484     2484        2        C       0

TOTAL           Name                               Link     Load   Length     Space
        CLASS   CODE           
                intcodelo                            18       18       40         0
                intcode                               8        8        6         0
                init                                 58       58        4         0
                reset_vec                             0        0        4         0
                text56                             22FC     22FC       28         0
                text55                             2472     2472        A         0
                text54                             2468     2468        A         0
                text53                             243E     243E        C         0
                text52                             23D2     23D2       20         0
                text51                             21AC     21AC       4E         0
                text50                             240C     240C       1A         0
                intcode_body                       2370     2370       22         0
                text47                             22D4     22D4       28         0
                text46                             245E     245E        A         0
                text45                             2454     2454        A         0
                text44                             2432     2432        C         0
                text43                             23B2     23B2       20         0
                text42                             215E     215E       4E         0
                text41                             23F2     23F2       1A         0
                text40                             234A     234A       26         0
                text39                             2426     2426        C         0
                text38                             1D8A     1D8A       74         0
                text37                             2324     2324       26         0
                text36                             100A     100A      16C         0
                text35                             17A6     17A6       D6         0
                text34                             187C     187C       D4         0
                text33                             15E2     15E2       EE         0
                text32                             1FC4     1FC4       5A         0
                text31                             1D04     1D04       86         0
                text30                             14F4     14F4       EE         0
                text29                             1F6A     1F6A       5A         0
                text28                             1C7E     1C7E       86         0
                text27                             1F10     1F10       5A         0
                text26                             1BF8     1BF8       86         0
                text25                             1EB6     1EB6       5A         0
                text24                             1B72     1B72       86         0
                text23                             1AEC     1AEC       86         0
                text22                             1E5C     1E5C       5A         0
                text21                             1A66     1A66       86         0
                text20                             19E0     19E0       86         0
                text19                             12C4     12C4      128         0
                text18                             2392     2392       20         0
                text17                             21FA     21FA       42         0
                text16                             244A     244A        A         0
                text15                             210E     210E       50         0
                text14                             20BE     20BE       50         0
                text13                             206E     206E       50         0
                text12                             201E     201E       50         0
                text11                             1DFE     1DFE       5E         0
                text10                             247C     247C        8         0
                text9                              22AA     22AA       2A         0
                text8                              2276     2276       34         0
                text7                               ABC      ABC      39A         0
                text6                               692      692      42A         0
                text5                              13EC     13EC      108         0
                text4                               E56      E56      1B4         0
                text3                                5C       5C      636         0
                text2                              16D0     16D0       D6         0
                text1                              1950     1950       90         0
                text0                              1176     1176      14E         0
                cinit                              223C     223C       3A         0
                idataCOMRAM                        2484     2484        2         0

        CLASS   CONST          

        CLASS   SMALLCONST     

        CLASS   MEDIUMCONST    

        CLASS   COMRAM         
                temp                                 57       57        1         1
                cstackCOMRAM                          1        1       4E         1
                dataCOMRAM                           55       55        2         1
                bssCOMRAM                            4F       4F        6         1

        CLASS   ABS1           

        CLASS   BIGRAM         

        CLASS   RAM            

        CLASS   BANK0          
                cstackBANK0                          B2       B2       34         1
                bssBANK0                             60       60       52         1

        CLASS   BANK1          

        CLASS   BANK2          

        CLASS   BANK3          

        CLASS   BANK4          

        CLASS   BANK5          

        CLASS   BANK6          

        CLASS   BANK7          

        CLASS   BANK8          

        CLASS   BANK9          

        CLASS   BANK10         

        CLASS   BANK11         

        CLASS   BANK12         

        CLASS   BANK13         

        CLASS   SFR            

        CLASS   BIGSFR         

        CLASS   CONFIG         
                config                           300000   300000        C         4

        CLASS   IDLOC          
                idloc                            200000   200000       10         5

        CLASS   EEDATA         

        CLASS   FARRAM         

        CLASS   HEAP           

        CLASS   STACK          



SEGMENTS        Name                           Load    Length   Top    Selector   Space  Class

                reset_vec                      000000  000004  000004         0       0  CODE    
                cstackCOMRAM                   000001  000057  000058         1       1  COMRAM  
                intcode                        000008  000006  00000E         4       0  CODE    
                intcodelo                      000018  00246E  002486         C       0  CODE    
                bssBANK0                       000060  000086  0000E6        60       1  BANK0   


UNUSED ADDRESS RANGES

        Name                Unused          Largest block    Delta
        BANK0            0000E6-0000FF               1A
        BANK1            000100-0001FF              100
        BANK10           000A00-000AFF              100
        BANK11           000B00-000BFF              100
        BANK12           000C00-000CFF              100
        BANK13           000D00-000DE9               EA
        BANK2            000200-0002FF              100
        BANK3            000300-0003FF              100
        BANK4            000400-0004FF              100
        BANK5            000500-0005FF              100
        BANK6            000600-0006FF              100
        BANK7            000700-0007FF              100
        BANK8            000800-0008FF              100
        BANK9            000900-0009FF              100
        BIGRAM           000058-00005F                8
                         0000E6-000DE9              D04
        BIGSFR           000DEF-000FFF              211
        CODE             000004-000007                4
                         00000E-000017                A
                         002486-01FFFF            1DB7A
        COMRAM           000058-00005F                8
        CONST            000004-000007                4
                         00000E-000017                A
                         002486-01FFFF            1DB7A
        EEDATA           310000-3103FF              400
        MEDIUMCONST      002486-00FFFF             DB7A
                         010E00-01FFFF             F200
        RAM              0000E6-000DE9              100
        SFR              000DEF-000FFF              100
        SMALLCONST       002486-01FFFF              100

                                  Symbol Table

?___fldiv                              cstackCOMRAM 000017
?___flmul                              cstackCOMRAM 000030
?___fltol                              cstackCOMRAM 000049
?___lwdiv                              cstackCOMRAM 00000F
?___wmul                               cstackCOMRAM 000009
?___xxtofl                             cstackCOMRAM 000009
?_color_read_Blue                      cstackCOMRAM 00000D
?_color_read_Clear                     cstackCOMRAM 00000D
?_color_read_Green                     cstackCOMRAM 00000D
?_color_read_Red                       cstackCOMRAM 00000D
BlueInstructions@a                     cstackCOMRAM 00002D
BlueInstructions@mL                    cstackCOMRAM 000027
BlueInstructions@mR                    cstackCOMRAM 000029
GreenInstructions@a                    cstackCOMRAM 00002D
GreenInstructions@mL                   cstackCOMRAM 000027
GreenInstructions@mR                   cstackCOMRAM 000029
I2C_2_Master_Read@ack                  cstackCOMRAM 00000B
I2C_2_Master_Read@tmp                  cstackCOMRAM 00000C
I2C_2_Master_Write@data_byte           cstackCOMRAM 00000A
LightBlueInstructions@a                cstackCOMRAM 00002D
LightBlueInstructions@mL               cstackCOMRAM 000027
LightBlueInstructions@mR               cstackCOMRAM 000029
MoveBuggy@color_detected               cstackCOMRAM 000032
MoveBuggy@mL                           cstackCOMRAM 00002E
MoveBuggy@mR                           cstackCOMRAM 000030
OrangeInstructions@a                   cstackCOMRAM 00002D
OrangeInstructions@mL                  cstackCOMRAM 000027
OrangeInstructions@mR                  cstackCOMRAM 000029
PinkInstructions@a                     cstackCOMRAM 00002D
PinkInstructions@mL                    cstackCOMRAM 000027
PinkInstructions@mR                    cstackCOMRAM 000029
RedInstructions@a                      cstackCOMRAM 00002D
RedInstructions@mL                     cstackCOMRAM 000027
RedInstructions@mR                     cstackCOMRAM 000029
Update_RGBC@tempval                    cstackCOMRAM 000014
YellowInstructions@a                   cstackCOMRAM 00002D
YellowInstructions@mL                  cstackCOMRAM 000027
YellowInstructions@mR                  cstackCOMRAM 000029
_ANSELBbits                            (abs)        000E9A
_ANSELDbits                            (abs)        000EA7
_BAUD4CONbits                          (abs)        000EE9
_BlueInstructions                      text31       001D04
_CCP1CONbits                           (abs)        000FAB
_CCP2CONbits                           (abs)        000FA7
_CCP3CONbits                           (abs)        000F26
_CCP4CONbits                           (abs)        000F22
_CCPR1H                                (abs)        000FAA
_CCPR2H                                (abs)        000FA6
_CCPR3H                                (abs)        000F25
_CCPR4H                                (abs)        000F21
_CCPTMRS0bits                          (abs)        000FAD
_EUSART4RXbuf                          bssBANK0     00009C
_EUSART4TXbuf                          bssBANK0     000060
_GreenInstructions                     text28       001C7E
_HighISR                               intcode      000008
_I2C_2_Master_Idle                     text47       0022D4
_I2C_2_Master_Init                     text9        0022AA
_I2C_2_Master_Read                     text17       0021FA
_I2C_2_Master_RepStart                 text16       00244A
_I2C_2_Master_Start                    text46       00245E
_I2C_2_Master_Stop                     text45       002454
_I2C_2_Master_Write                    text44       002432
_INT1PPS                               (abs)        000DF1
_INTCONbits                            (abs)        000FF2
_IPR0bits                              (abs)        000E1F
_Interrupts_init                       text40       00234A
_LATAbits                              (abs)        000F79
_LATCbits                              (abs)        000F7B
_LATEbits                              (abs)        000F7D
_LATFbits                              (abs)        000F7E
_LATGbits                              (abs)        000F7F
_LATHbits                              (abs)        000F80
_LED_init                              text39       002426
_LightBlueInstructions                 text26       001BF8
_LowISR                                intcodelo    000018
_MoveBuggy                             text19       0012C4
_OrangeInstructions                    text24       001B72
_PIE0bits                              (abs)        000E29
_PIE4bits                              (abs)        000E2D
_PIR0bits                              (abs)        000E33
_PIR4bits                              (abs)        000E37
_PinkInstructions                      text23       001AEC
_RC0PPS                                (abs)        000E62
_RC4REG                                (abs)        000EE3
_RC4STAbits                            (abs)        000EE7
_RC7PPS                                (abs)        000E69
_RD5PPS                                (abs)        000E6F
_RD6PPS                                (abs)        000E70
_RE2PPS                                (abs)        000E74
_RE4PPS                                (abs)        000E76
_RG6PPS                                (abs)        000E88
_RX4PPS                                (abs)        000E15
_RedInstructions                       text21       001A66
_RxBufReadCnt                          bssCOMRAM    000053
_RxBufWriteCnt                         bssCOMRAM    000054
_SP4BRGH                               (abs)        000EE6
_SP4BRGL                               (abs)        000EE5
_SSP2ADD                               (abs)        000ED6
_SSP2BUF                               (abs)        000ED5
_SSP2CLKPPS                            (abs)        000E1C
_SSP2CON1bits                          (abs)        000ED9
_SSP2CON2                              (abs)        000EDA
_SSP2CON2bits                          (abs)        000EDA
_SSP2DATPPS                            (abs)        000E1D
_SSP2STAT                              (abs)        000ED8
_T0CON0bits                            (abs)        000FD5
_T0CON1bits                            (abs)        000FD6
_T2CLKCONbits                          (abs)        000FBF
_T2CONbits                             (abs)        000FBD
_T2HLTbits                             (abs)        000FBE
_T2PR                                  (abs)        000FBC
_TMR0H                                 (abs)        000FD4
_TMR0L                                 (abs)        000FD3
_TRISAbits                             (abs)        000F81
_TRISBbits                             (abs)        000F82
_TRISCbits                             (abs)        000F83
_TRISDbits                             (abs)        000F84
_TRISEbits                             (abs)        000F85
_TRISFbits                             (abs)        000F86
_TRISGbits                             (abs)        000F87
_TRISHbits                             (abs)        000F88
_TX4REG                                (abs)        000EE4
_TX4STAbits                            (abs)        000EE8
_Timer0_init                           text18       002392
_TxBufReadCnt                          bssCOMRAM    000051
_TxBufWriteCnt                         bssCOMRAM    000052
_Update_RGBC                           text11       001DFE
_WhiteLight                            text10       00247C
_YellowInstructions                    text20       0019E0
__HRAM                                 (abs)        000000
__Habs1                                abs1         000000
__Hbank0                               bank0        000000
__Hbank1                               bank1        000000
__Hbank10                              bank10       000000
__Hbank11                              bank11       000000
__Hbank12                              bank12       000000
__Hbank13                              bank13       000000
__Hbank2                               bank2        000000
__Hbank3                               bank3        000000
__Hbank4                               bank4        000000
__Hbank5                               bank5        000000
__Hbank6                               bank6        000000
__Hbank7                               bank7        000000
__Hbank8                               bank8        000000
__Hbank9                               bank9        000000
__Hbigbss                              bigbss       000000
__Hbigdata                             bigdata      000000
__Hbigram                              bigram       000000
__Hbigsfr                              bigsfr       000000
__Hbss                                 bss          000000
__HbssBANK0                            bssBANK0     000000
__HbssCOMRAM                           bssCOMRAM    000000
__Hcinit                               cinit        000000
__Hclrtext                             clrtext      000000
__Hcomram                              comram       000000
__Hconfig                              config       30000C
__Hconst                               const        000000
__HcstackBANK0                         cstackBANK0  000000
__HcstackCOMRAM                        cstackCOMRAM 000000
__Hdata                                data         000000
__HdataCOMRAM                          dataCOMRAM   000000
__Heeprom_data                         eeprom_data  000000
__Hfarbss                              farbss       000000
__Hfardata                             fardata      000000
__Hheap                                heap         000000
__Hibigdata                            ibigdata     000000
__Hidata                               idata        000000
__HidataCOMRAM                         idataCOMRAM  000000
__Hidloc                               idloc        200010
__Hifardata                            ifardata     000000
__Hinit                                init         00005C
__Hintcode                             intcode      00000E
__Hintcode_body                        intcode_body 000000
__Hintcodelo                           intcodelo    000058
__Hintentry                            intentry     000000
__Hintret                              intret       000000
__Hintsave_regs                        intsave_regs 000000
__Hirdata                              irdata       000000
__Hmediumconst                         mediumconst  000000
__HnvFARRAM                            nvFARRAM     000000
__Hnvbit                               nvbit        000000
__Hnvrram                              nvrram       000000
__Hparam                               rparam       000000
__Hpowerup                             powerup      000058
__Hram                                 ram          000000
__Hramtop                              ramtop       000E00
__Hrbit                                rbit         000000
__Hrbss                                rbss         000000
__Hrdata                               rdata        000000
__Hreset_vec                           reset_vec    000004
__Hrparam                              rparam       000000
__Hsfr                                 sfr          000000
__Hsmallconst                          smallconst   000000
__Hspace_0                             (abs)        002486
__Hspace_1                             (abs)        0000E6
__Hspace_2                             (abs)        000000
__Hspace_4                             (abs)        60000C
__Hstack                               stack        000000
__Hstruct                              struct       000000
__Htemp                                temp         000058
__Htext                                text         000000
__Htext0                               text0        000000
__Htext1                               text1        000000
__Htext10                              text10       000000
__Htext11                              text11       000000
__Htext12                              text12       000000
__Htext13                              text13       000000
__Htext14                              text14       000000
__Htext15                              text15       000000
__Htext16                              text16       000000
__Htext17                              text17       000000
__Htext18                              text18       000000
__Htext19                              text19       000000
__Htext2                               text2        000000
__Htext20                              text20       000000
__Htext21                              text21       000000
__Htext22                              text22       000000
__Htext23                              text23       000000
__Htext24                              text24       000000
__Htext25                              text25       000000
__Htext26                              text26       000000
__Htext27                              text27       000000
__Htext28                              text28       000000
__Htext29                              text29       000000
__Htext3                               text3        000000
__Htext30                              text30       000000
__Htext31                              text31       000000
__Htext32                              text32       000000
__Htext33                              text33       000000
__Htext34                              text34       000000
__Htext35                              text35       000000
__Htext36                              text36       000000
__Htext37                              text37       000000
__Htext38                              text38       000000
__Htext39                              text39       000000
__Htext4                               text4        000000
__Htext40                              text40       000000
__Htext41                              text41       000000
__Htext42                              text42       000000
__Htext43                              text43       000000
__Htext44                              text44       000000
__Htext45                              text45       000000
__Htext46                              text46       000000
__Htext47                              text47       000000
__Htext5                               text5        000000
__Htext50                              text50       000000
__Htext51                              text51       000000
__Htext52                              text52       000000
__Htext53                              text53       000000
__Htext54                              text54       000000
__Htext55                              text55       000000
__Htext56                              text56       000000
__Htext6                               text6        000000
__Htext7                               text7        000000
__Htext8                               text8        000000
__Htext9                               text9        000000
__LRAM                                 (abs)        000001
__Labs1                                abs1         000000
__Lbank0                               bank0        000000
__Lbank1                               bank1        000000
__Lbank10                              bank10       000000
__Lbank11                              bank11       000000
__Lbank12                              bank12       000000
__Lbank13                              bank13       000000
__Lbank2                               bank2        000000
__Lbank3                               bank3        000000
__Lbank4                               bank4        000000
__Lbank5                               bank5        000000
__Lbank6                               bank6        000000
__Lbank7                               bank7        000000
__Lbank8                               bank8        000000
__Lbank9                               bank9        000000
__Lbigbss                              bigbss       000000
__Lbigdata                             bigdata      000000
__Lbigram                              bigram       000000
__Lbigsfr                              bigsfr       000000
__Lbss                                 bss          000000
__LbssBANK0                            bssBANK0     000000
__LbssCOMRAM                           bssCOMRAM    000000
__Lcinit                               cinit        000000
__Lclrtext                             clrtext      000000
__Lcomram                              comram       000000
__Lconfig                              config       000000
__Lconst                               const        000000
__LcstackBANK0                         cstackBANK0  000000
__LcstackCOMRAM                        cstackCOMRAM 000000
__Ldata                                data         000000
__LdataCOMRAM                          dataCOMRAM   000000
__Leeprom_data                         eeprom_data  000000
__Lfarbss                              farbss       000000
__Lfardata                             fardata      000000
__Lheap                                heap         000000
__Libigdata                            ibigdata     000000
__Lidata                               idata        000000
__LidataCOMRAM                         idataCOMRAM  000000
__Lidloc                               idloc        000000
__Lifardata                            ifardata     000000
__Linit                                init         000058
__Lintcode                             intcode      000008
__Lintcode_body                        intcode_body 000000
__Lintcodelo                           intcodelo    000018
__Lintentry                            intentry     000000
__Lintret                              intret       000000
__Lintsave_regs                        intsave_regs 000000
__Lirdata                              irdata       000000
__Lmediumconst                         mediumconst  000000
__LnvFARRAM                            nvFARRAM     000000
__Lnvbit                               nvbit        000000
__Lnvrram                              nvrram       000000
__Lparam                               rparam       000000
__Lpowerup                             powerup      000058
__Lram                                 ram          000000
__Lramtop                              ramtop       000E00
__Lrbit                                rbit         000000
__Lrbss                                rbss         000000
__Lrdata                               rdata        000000
__Lreset_vec                           reset_vec    000000
__Lrparam                              rparam       000000
__Lsfr                                 sfr          000000
__Lsmallconst                          smallconst   000000
__Lspace_0                             (abs)        000000
__Lspace_1                             (abs)        000000
__Lspace_2                             (abs)        000000
__Lspace_4                             (abs)        000000
__Lstack                               stack        000000
__Lstruct                              struct       000000
__Ltemp                                temp         000057
__Ltext                                text         000000
__Ltext0                               text0        000000
__Ltext1                               text1        000000
__Ltext10                              text10       000000
__Ltext11                              text11       000000
__Ltext12                              text12       000000
__Ltext13                              text13       000000
__Ltext14                              text14       000000
__Ltext15                              text15       000000
__Ltext16                              text16       000000
__Ltext17                              text17       000000
__Ltext18                              text18       000000
__Ltext19                              text19       000000
__Ltext2                               text2        000000
__Ltext20                              text20       000000
__Ltext21                              text21       000000
__Ltext22                              text22       000000
__Ltext23                              text23       000000
__Ltext24                              text24       000000
__Ltext25                              text25       000000
__Ltext26                              text26       000000
__Ltext27                              text27       000000
__Ltext28                              text28       000000
__Ltext29                              text29       000000
__Ltext3                               text3        000000
__Ltext30                              text30       000000
__Ltext31                              text31       000000
__Ltext32                              text32       000000
__Ltext33                              text33       000000
__Ltext34                              text34       000000
__Ltext35                              text35       000000
__Ltext36                              text36       000000
__Ltext37                              text37       000000
__Ltext38                              text38       000000
__Ltext39                              text39       000000
__Ltext4                               text4        000000
__Ltext40                              text40       000000
__Ltext41                              text41       000000
__Ltext42                              text42       000000
__Ltext43                              text43       000000
__Ltext44                              text44       000000
__Ltext45                              text45       000000
__Ltext46                              text46       000000
__Ltext47                              text47       000000
__Ltext5                               text5        000000
__Ltext50                              text50       000000
__Ltext51                              text51       000000
__Ltext52                              text52       000000
__Ltext53                              text53       000000
__Ltext54                              text54       000000
__Ltext55                              text55       000000
__Ltext56                              text56       000000
__Ltext6                               text6        000000
__Ltext7                               text7        000000
__Ltext8                               text8        000000
__Ltext9                               text9        000000
__S0                                   (abs)        002486
__S1                                   (abs)        0000E6
__S4                                   (abs)        000000
__S5                                   (abs)        000000
___fldiv                               text7        000ABC
___fldiv@a                             cstackCOMRAM 00001B
___fldiv@aexp                          cstackCOMRAM 00002F
___fldiv@b                             cstackCOMRAM 000017
___fldiv@bexp                          cstackCOMRAM 00002E
___fldiv@grs                           cstackCOMRAM 00002A
___fldiv@new_exp                       cstackCOMRAM 000028
___fldiv@rem                           cstackCOMRAM 000023
___fldiv@sign                          cstackCOMRAM 000027
___flmul                               text6        000692
___flmul@a                             cstackCOMRAM 000034
___flmul@aexp                          cstackCOMRAM 000041
___flmul@b                             cstackCOMRAM 000030
___flmul@bexp                          cstackCOMRAM 000042
___flmul@grs                           cstackCOMRAM 00003D
___flmul@prod                          cstackCOMRAM 000043
___flmul@sign                          cstackCOMRAM 00003C
___flmul@temp                          cstackCOMRAM 000047
___fltol                               text5        0013EC
___fltol@exp1                          cstackCOMRAM 00004E
___fltol@f1                            cstackCOMRAM 000049
___fltol@sign1                         cstackCOMRAM 00004D
___heap_hi                             (abs)        000000
___heap_lo                             (abs)        000000
___inthi_sp                            stack        000000
___intlo_sp                            stack        000000
___lwdiv                               text38       001D8A
___lwdiv@counter                       cstackCOMRAM 000015
___lwdiv@dividend                      cstackCOMRAM 00000F
___lwdiv@divisor                       cstackCOMRAM 000011
___lwdiv@quotient                      cstackCOMRAM 000013
___param_bank                          (abs)        000000
___rparam_used                         (abs)        000001
___sp                                  stack        000000
___wmul                                text37       002324
___wmul@multiplicand                   cstackCOMRAM 00000B
___wmul@multiplier                     cstackCOMRAM 000009
___wmul@product                        cstackCOMRAM 00000D
___xxtofl                              text4        000E56
___xxtofl@arg                          cstackCOMRAM 000013
___xxtofl@exp                          cstackCOMRAM 000012
___xxtofl@sign                         cstackCOMRAM 000011
___xxtofl@val                          cstackCOMRAM 000009
__accesstop                            (abs)        000060
__activetblptr                         (abs)        000000
__end_of_BlueInstructions              text31       001D8A
__end_of_GreenInstructions             text28       001D04
__end_of_HighISR                       intcode_body 002392
__end_of_I2C_2_Master_Idle             text47       0022FC
__end_of_I2C_2_Master_Init             text9        0022D4
__end_of_I2C_2_Master_Read             text17       00223C
__end_of_I2C_2_Master_RepStart         text16       002454
__end_of_I2C_2_Master_Start            text46       002468
__end_of_I2C_2_Master_Stop             text45       00245E
__end_of_I2C_2_Master_Write            text44       00243E
__end_of_Interrupts_init               text40       002370
__end_of_LED_init                      text39       002432
__end_of_LightBlueInstructions         text26       001C7E
__end_of_LowISR                        intcodelo    000058
__end_of_MoveBuggy                     text19       0013EC
__end_of_OrangeInstructions            text24       001BF8
__end_of_PinkInstructions              text23       001B72
__end_of_RedInstructions               text21       001AEC
__end_of_Timer0_init                   text18       0023B2
__end_of_Update_RGBC                   text11       001E5C
__end_of_WhiteLight                    text10       002484
__end_of_YellowInstructions            text20       001A66
__end_of___fldiv                       text7        000E56
__end_of___flmul                       text6        000ABC
__end_of___fltol                       text5        0014F4
__end_of___lwdiv                       text38       001DFE
__end_of___wmul                        text37       00234A
__end_of___xxtofl                      text4        00100A
__end_of__initialization               cinit        00226C
__end_of_color_click_init              text8        0022AA
__end_of_color_read_Blue               text15       00215E
__end_of_color_read_Clear              text14       00210E
__end_of_color_read_Green              text13       0020BE
__end_of_color_read_Red                text12       00206E
__end_of_color_writetoaddr             text43       0023D2
__end_of_detect_color                  text3        000692
__end_of_fullSpeedAhead                text2        0017A6
__end_of_fullSpeedBackwards            text35       00187C
__end_of_initDCmotorsPWM               text1        0019E0
__end_of_init_colorclick_interrupts    text42       0021AC
__end_of_interrupts_clear_colorclick   text41       00240C
__end_of_main                          text0        0012C4
__end_of_setMotorPWM                   text36       001176
__end_of_stop                          text34       001950
__end_of_turn180                       text32       00201E
__end_of_turnLeft                      text30       0015E2
__end_of_turnLeft135                   text27       001F6A
__end_of_turnLeft90                    text29       001FC4
__end_of_turnRight                     text33       0016D0
__end_of_turnRight135                  text25       001F10
__end_of_turnRight90                   text22       001EB6
__end_ofi2_I2C_2_Master_Idle           text56       002324
__end_ofi2_I2C_2_Master_Start          text55       00247C
__end_ofi2_I2C_2_Master_Stop           text54       002472
__end_ofi2_I2C_2_Master_Write          text53       00244A
__end_ofi2_color_writetoaddr           text52       0023F2
__end_ofi2_init_colorclick_interrupts  text51       0021FA
__end_ofi2_interrupts_clear_colorclick text50       002426
__initialization                       cinit        00223C
__mediumconst                          mediumconst  000000
__pbssBANK0                            bssBANK0     000060
__pbssCOMRAM                           bssCOMRAM    00004F
__pcinit                               cinit        00223C
__pcstackBANK0                         cstackBANK0  0000B2
__pcstackCOMRAM                        cstackCOMRAM 000001
__pdataCOMRAM                          dataCOMRAM   000055
__pidataCOMRAM                         idataCOMRAM  002484
__pintcode                             intcode      000008
__pintcode_body                        intcode_body 002370
__pintcodelo                           intcodelo    000018
__ptext0                               text0        001176
__ptext1                               text1        001950
__ptext10                              text10       00247C
__ptext11                              text11       001DFE
__ptext12                              text12       00201E
__ptext13                              text13       00206E
__ptext14                              text14       0020BE
__ptext15                              text15       00210E
__ptext16                              text16       00244A
__ptext17                              text17       0021FA
__ptext18                              text18       002392
__ptext19                              text19       0012C4
__ptext2                               text2        0016D0
__ptext20                              text20       0019E0
__ptext21                              text21       001A66
__ptext22                              text22       001E5C
__ptext23                              text23       001AEC
__ptext24                              text24       001B72
__ptext25                              text25       001EB6
__ptext26                              text26       001BF8
__ptext27                              text27       001F10
__ptext28                              text28       001C7E
__ptext29                              text29       001F6A
__ptext3                               text3        00005C
__ptext30                              text30       0014F4
__ptext31                              text31       001D04
__ptext32                              text32       001FC4
__ptext33                              text33       0015E2
__ptext34                              text34       00187C
__ptext35                              text35       0017A6
__ptext36                              text36       00100A
__ptext37                              text37       002324
__ptext38                              text38       001D8A
__ptext39                              text39       002426
__ptext4                               text4        000E56
__ptext40                              text40       00234A
__ptext41                              text41       0023F2
__ptext42                              text42       00215E
__ptext43                              text43       0023B2
__ptext44                              text44       002432
__ptext45                              text45       002454
__ptext46                              text46       00245E
__ptext47                              text47       0022D4
__ptext5                               text5        0013EC
__ptext50                              text50       00240C
__ptext51                              text51       0021AC
__ptext52                              text52       0023D2
__ptext53                              text53       00243E
__ptext54                              text54       002468
__ptext55                              text55       002472
__ptext56                              text56       0022FC
__ptext6                               text6        000692
__ptext7                               text7        000ABC
__ptext8                               text8        002276
__ptext9                               text9        0022AA
__ramtop                               ramtop       000E00
__smallconst                           smallconst   000000
_color_click_init                      text8        002276
_color_flag                            bssBANK0     0000B1
_color_read_Blue                       text15       00210E
_color_read_Clear                      text14       0020BE
_color_read_Green                      text13       00206E
_color_read_Red                        text12       00201E
_color_writetoaddr                     text43       0023B2
_detect_color                          text3        00005C
_fullSpeedAhead                        text2        0016D0
_fullSpeedBackwards                    text35       0017A6
_initDCmotorsPWM                       text1        001950
_init_colorclick_interrupts            text42       00215E
_int_threshold_high                    dataCOMRAM   000055
_int_threshold_low                     bssCOMRAM    00004F
_interrupts_clear_colorclick           text41       0023F2
_main                                  text0        001176
_setMotorPWM                           text36       00100A
_stop                                  text34       00187C
_tmr_ovf                               bssBANK0     0000B0
_turn180                               text32       001FC4
_turnLeft                              text30       0014F4
_turnLeft135                           text27       001F10
_turnLeft90                            text29       001F6A
_turnRight                             text33       0015E2
_turnRight135                          text25       001EB6
_turnRight90                           text22       001E5C
btemp                                  temp         000057
color_read_Blue@tmp                    cstackCOMRAM 000012
color_read_Clear@tmp                   cstackCOMRAM 000012
color_read_Green@tmp                   cstackCOMRAM 000012
color_read_Red@tmp                     cstackCOMRAM 000012
color_writetoaddr@address              cstackCOMRAM 00000C
color_writetoaddr@value                cstackCOMRAM 00000B
detect_color@color                     cstackBANK0  0000C4
detect_color@dist_B                    cstackBANK0  0000C7
detect_color@dist_G                    cstackBANK0  0000C6
detect_color@dist_R                    cstackBANK0  0000C5
detect_color@tempval                   cstackBANK0  0000B6
end_of_initialization                  cinit        00226C
fullSpeedAhead@mL                      cstackCOMRAM 00001C
fullSpeedAhead@mR                      cstackCOMRAM 00001E
fullSpeedBackwards@mL                  cstackCOMRAM 00001C
fullSpeedBackwards@mR                  cstackCOMRAM 00001E
i2I2C_2_Master_Write@data_byte         cstackCOMRAM 000002
i2_I2C_2_Master_Idle                   text56       0022FC
i2_I2C_2_Master_Start                  text55       002472
i2_I2C_2_Master_Stop                   text54       002468
i2_I2C_2_Master_Write                  text53       00243E
i2_color_writetoaddr                   text52       0023D2
i2_init_colorclick_interrupts          text51       0021AC
i2_interrupts_clear_colorclick         text50       00240C
i2color_writetoaddr@address            cstackCOMRAM 000004
i2color_writetoaddr@value              cstackCOMRAM 000003
initDCmotorsPWM@PWMperiod              cstackCOMRAM 000009
int$flags                              temp         000057
int_func                               intcode_body 002370
intlevel0                              text         000000
intlevel1                              text         000000
intlevel2                              text         000000
intlevel3                              text         000000
isa$std                                (abs)        000001
isa$xinst                              (abs)        000000
main@b                                 cstackBANK0  0000CA
main@color_detected                    cstackBANK0  0000CB
main@initial_color                     cstackBANK0  0000CC
main@motorL                            cstackBANK0  0000D4
main@motorR                            cstackBANK0  0000DD
setMotorPWM@m                          cstackCOMRAM 000016
setMotorPWM@negDuty                    cstackCOMRAM 00001B
setMotorPWM@posDuty                    cstackCOMRAM 00001A
stackhi                                (abs)        000000
stacklo                                (abs)        000000
start                                  init         000058
start_initialization                   cinit        00223C
stop@mL                                cstackCOMRAM 00001C
stop@mR                                cstackCOMRAM 00001E
ttemp5                                 temp         000058
ttemp6                                 temp         00005B
ttemp7                                 temp         00005F
turn180@a                              cstackCOMRAM 000026
turn180@mL                             cstackCOMRAM 000022
turn180@mR                             cstackCOMRAM 000024
turnLeft135@a                          cstackCOMRAM 000026
turnLeft135@mL                         cstackCOMRAM 000022
turnLeft135@mR                         cstackCOMRAM 000024
turnLeft90@a                           cstackCOMRAM 000026
turnLeft90@mL                          cstackCOMRAM 000022
turnLeft90@mR                          cstackCOMRAM 000024
turnLeft@mL                            cstackCOMRAM 00001C
turnLeft@mR                            cstackCOMRAM 00001E
turnRight135@a                         cstackCOMRAM 000026
turnRight135@mL                        cstackCOMRAM 000022
turnRight135@mR                        cstackCOMRAM 000024
turnRight90@a                          cstackCOMRAM 000026
turnRight90@mL                         cstackCOMRAM 000022
turnRight90@mR                         cstackCOMRAM 000024
turnRight@mL                           cstackCOMRAM 00001C
turnRight@mR                           cstackCOMRAM 00001E
wtemp8                                 temp         000058


MODULE INFORMATION

Module		Function		Class		Link	Load	Size
timers.c
		_Timer0_init   		CODE           	2392	0000	32

timers.c estimated size: 32

D:\MPLAB_COMPILER\pic\sources\c99\common\sprcmul.c
		___flmul       		CODE           	0692	0000	1066

D:\MPLAB_COMPILER\pic\sources\c99\common\sprcmul.c estimated size: 1066

D:\MPLAB_COMPILER\pic\sources\c99\common\lwdiv.c
		___lwdiv       		CODE           	1D8A	0000	116

D:\MPLAB_COMPILER\pic\sources\c99\common\lwdiv.c estimated size: 116

color.c
		_Update_RGBC   		CODE           	1DFE	0000	94
		_color_writetoaddr		CODE           	23B2	0000	32
		_color_click_init		CODE           	2276	0000	52
		_detect_color  		CODE           	005C	0000	1590
		_color_read_Green		CODE           	206E	0000	80
		_color_read_Clear		CODE           	20BE	0000	80
		_color_read_Red		CODE           	201E	0000	80
		_color_read_Blue		CODE           	210E	0000	80

color.c estimated size: 2088

D:\MPLAB_COMPILER\pic\sources\c99\common\fltol.c
		___fltol       		CODE           	13EC	0000	264

D:\MPLAB_COMPILER\pic\sources\c99\common\fltol.c estimated size: 264

D:\MPLAB_COMPILER\pic\sources\c99\common\sprcdiv.c
		___fldiv       		CODE           	0ABC	0000	922

D:\MPLAB_COMPILER\pic\sources\c99\common\sprcdiv.c estimated size: 922

LED_Buttons.c
		_WhiteLight    		CODE           	247C	0000	8
		_LED_init      		CODE           	2426	0000	12

LED_Buttons.c estimated size: 20

dc_motor.c
		_fullSpeedAhead		CODE           	16D0	0000	214
		_turnLeft      		CODE           	14F4	0000	238
		_turnLeft90    		CODE           	1F6A	0000	90
		_turnLeft135   		CODE           	1F10	0000	90
		_stop          		CODE           	187C	0000	212
		_initDCmotorsPWM		CODE           	1950	0000	144
		_turnRight     		CODE           	15E2	0000	238
		_turnRight90   		CODE           	1E5C	0000	90
		_turnRight135  		CODE           	1EB6	0000	90
		_setMotorPWM   		CODE           	100A	0000	364
		_fullSpeedBackwards		CODE           	17A6	0000	214
		_turn180       		CODE           	1FC4	0000	90

dc_motor.c estimated size: 2074

interrupts.c
		_LowISR        		CODE           	0018	0000	64
		_interrupts_clear_colorclick		CODE           	23F2	0000	26
		_init_colorclick_interrupts		CODE           	215E	0000	78
		_Interrupts_init		CODE           	234A	0000	38
		_HighISR       		CODE           	0008	0000	40

interrupts.c estimated size: 246

D:\MPLAB_COMPILER\pic\sources\c99\common\Umul16.c
		___wmul        		CODE           	2324	0000	38

D:\MPLAB_COMPILER\pic\sources\c99\common\Umul16.c estimated size: 38

main_motor.c
		_main          		CODE           	1176	0000	334

main_motor.c estimated size: 334

color_instructions.c
		_LightBlueInstructions		CODE           	1BF8	0000	134
		_YellowInstructions		CODE           	19E0	0000	134
		_GreenInstructions		CODE           	1C7E	0000	134
		_MoveBuggy     		CODE           	12C4	0000	296
		_OrangeInstructions		CODE           	1B72	0000	134
		_BlueInstructions		CODE           	1D04	0000	134
		_RedInstructions		CODE           	1A66	0000	134
		_PinkInstructions		CODE           	1AEC	0000	134

color_instructions.c estimated size: 1234

i2c.c
		_I2C_2_Master_Start		CODE           	245E	0000	10
		_I2C_2_Master_Read		CODE           	21FA	0000	66
		_I2C_2_Master_Idle		CODE           	22D4	0000	40
		_I2C_2_Master_Init		CODE           	22AA	0000	42
		_I2C_2_Master_Stop		CODE           	2454	0000	10
		_I2C_2_Master_RepStart		CODE           	244A	0000	10
		_I2C_2_Master_Write		CODE           	2432	0000	12

i2c.c estimated size: 190

D:\MPLAB_COMPILER\pic\sources\c99\common\xxtofl.c
		___xxtofl      		CODE           	0E56	0000	436

D:\MPLAB_COMPILER\pic\sources\c99\common\xxtofl.c estimated size: 436

shared
		i2_I2C_2_Master_Stop		CODE           	2468	0000	10
		i2_I2C_2_Master_Idle		CODE           	22FC	0000	40
		i2_init_colorclick_interrupts		CODE           	21AC	0000	78
		__initialization		CODE           	223C	0000	48
		i2_interrupts_clear_colorclick		CODE           	240C	0000	26
		i2_I2C_2_Master_Write		CODE           	243E	0000	12
		i2_color_writetoaddr		CODE           	23D2	0000	32
		i2_I2C_2_Master_Start		CODE           	2472	0000	10

shared estimated size: 256

